Sep 12 10:11:15 skulkrn2 rsyslogd: [origin software="rsyslogd" swVersion="5.8.6" x-pid="1936" x-info="http://www.rsyslog.com"] rsyslogd was HUPed
Sep 12 10:11:17 skulkrn2 anacron[2572]: Job `cron.daily' terminated
Sep 12 10:11:17 skulkrn2 anacron[2572]: Normal exit (1 job run)
Sep 12 10:11:22 skulkrn2 kernel: [  344.001535] ideapad_laptop: Unknown event: 1
Sep 12 10:11:45 skulkrn2 kernel: [  366.773617] ideapad_laptop: Unknown event: 1
Sep 12 10:12:07 skulkrn2 kernel: [  389.554321] ideapad_laptop: Unknown event: 1
Sep 12 10:12:25 skulkrn2 dhclient: DHCPREQUEST of 192.17.190.23 on wlan0 to 192.17.2.20 port 67
Sep 12 10:12:25 skulkrn2 dhclient: DHCPACK of 192.17.190.23 from 192.17.2.20
Sep 12 10:12:25 skulkrn2 dhclient: bound to 192.17.190.23 -- renewal in 390 seconds.
Sep 12 10:12:25 skulkrn2 NetworkManager[1967]: <info> (wlan0): DHCPv4 state changed bound -> renew
Sep 12 10:12:25 skulkrn2 NetworkManager[1967]: <info>   address 192.17.190.23
Sep 12 10:12:25 skulkrn2 NetworkManager[1967]: <info>   prefix 21 (255.255.248.0)
Sep 12 10:12:25 skulkrn2 NetworkManager[1967]: <info>   gateway 192.17.184.1
Sep 12 10:12:25 skulkrn2 NetworkManager[1967]: <info>   nameserver '130.126.2.131'
Sep 12 10:12:25 skulkrn2 NetworkManager[1967]: <info>   wins '128.174.5.30'
Sep 12 10:12:25 skulkrn2 NetworkManager[1967]: <info>   wins '128.174.5.31'
Sep 12 10:12:25 skulkrn2 dbus[1941]: [system] Activating service name='org.freedesktop.nm_dispatcher' (using servicehelper)
Sep 12 10:12:25 skulkrn2 dbus[1941]: [system] Successfully activated service 'org.freedesktop.nm_dispatcher'
Sep 12 10:12:30 skulkrn2 kernel: [  412.233072] ideapad_laptop: Unknown event: 1
Sep 12 10:12:53 skulkrn2 kernel: [  434.907858] ideapad_laptop: Unknown event: 1
Sep 12 10:13:16 skulkrn2 kernel: [  457.585561] ideapad_laptop: Unknown event: 1
Sep 12 10:13:31 skulkrn2 AptDaemon: INFO: Quitting due to inactivity
Sep 12 10:13:31 skulkrn2 AptDaemon: INFO: Quitting was requested
Sep 12 10:13:38 skulkrn2 kernel: [  480.266038] ideapad_laptop: Unknown event: 1
Sep 12 10:14:01 skulkrn2 kernel: [  502.949665] ideapad_laptop: Unknown event: 1
Sep 12 10:14:24 skulkrn2 kernel: [  525.637173] ideapad_laptop: Unknown event: 1
Sep 12 10:14:46 skulkrn2 kernel: [  548.323282] ideapad_laptop: Unknown event: 1
Sep 12 10:15:09 skulkrn2 kernel: [  571.001833] ideapad_laptop: Unknown event: 1
Sep 12 10:15:32 skulkrn2 kernel: [  593.673204] ideapad_laptop: Unknown event: 1
Sep 12 10:15:54 skulkrn2 kernel: [  616.351969] ideapad_laptop: Unknown event: 1
Sep 12 10:16:17 skulkrn2 kernel: [  639.073095] ideapad_laptop: Unknown event: 1
Sep 12 10:16:40 skulkrn2 kernel: [  661.748270] ideapad_laptop: Unknown event: 1
Sep 12 10:17:02 skulkrn2 CRON[3912]: (root) CMD (   cd / && run-parts --report /etc/cron.hourly)
Sep 12 10:17:03 skulkrn2 kernel: [  684.425024] ideapad_laptop: Unknown event: 1
Sep 12 10:17:25 skulkrn2 kernel: [  707.101954] ideapad_laptop: Unknown event: 1
Sep 12 10:17:48 skulkrn2 kernel: [  729.779142] ideapad_laptop: Unknown event: 1
Sep 12 10:18:11 skulkrn2 kernel: [  752.453749] ideapad_laptop: Unknown event: 1
Sep 12 10:18:33 skulkrn2 kernel: [  775.124966] ideapad_laptop: Unknown event: 1
Sep 12 10:18:55 skulkrn2 dhclient: DHCPREQUEST of 192.17.190.23 on wlan0 to 192.17.2.20 port 67
Sep 12 10:18:56 skulkrn2 dhclient: DHCPACK of 192.17.190.23 from 192.17.2.20
Sep 12 10:18:56 skulkrn2 dhclient: bound to 192.17.190.23 -- renewal in 435 seconds.
Sep 12 10:18:56 skulkrn2 kernel: [  797.796412] ideapad_laptop: Unknown event: 1
Sep 12 10:19:19 skulkrn2 kernel: [  820.474577] ideapad_laptop: Unknown event: 1
Sep 12 10:19:42 skulkrn2 kernel: [  843.157199] ideapad_laptop: Unknown event: 1
Sep 12 10:20:04 skulkrn2 kernel: [  865.830490] ideapad_laptop: Unknown event: 1
Sep 12 10:20:27 skulkrn2 kernel: [  888.503922] ideapad_laptop: Unknown event: 1
Sep 12 10:20:50 skulkrn2 kernel: [  911.228072] ideapad_laptop: Unknown event: 1
Sep 12 10:21:13 skulkrn2 kernel: [  934.258348] ideapad_laptop: Unknown event: 1
Sep 12 10:21:36 skulkrn2 kernel: [  957.198899] ideapad_laptop: Unknown event: 1
Sep 12 10:21:59 skulkrn2 kernel: [  980.415410] ideapad_laptop: Unknown event: 1
Sep 12 10:22:22 skulkrn2 kernel: [ 1003.429733] ideapad_laptop: Unknown event: 1
Sep 12 10:22:45 skulkrn2 kernel: [ 1026.102538] ideapad_laptop: Unknown event: 1
Sep 12 10:23:08 skulkrn2 kernel: [ 1048.774642] ideapad_laptop: Unknown event: 1
Sep 12 10:23:30 skulkrn2 kernel: [ 1071.451148] ideapad_laptop: Unknown event: 1
Sep 12 10:23:53 skulkrn2 kernel: [ 1094.126512] ideapad_laptop: Unknown event: 1
Sep 12 10:24:16 skulkrn2 kernel: [ 1116.913119] ideapad_laptop: Unknown event: 1
Sep 12 10:24:39 skulkrn2 kernel: [ 1139.618836] ideapad_laptop: Unknown event: 1
Sep 12 10:25:02 skulkrn2 kernel: [ 1162.574967] ideapad_laptop: Unknown event: 1
Sep 12 10:25:25 skulkrn2 kernel: [ 1185.740531] ideapad_laptop: Unknown event: 1
Sep 12 10:25:48 skulkrn2 kernel: [ 1208.654664] ideapad_laptop: Unknown event: 1
Sep 12 10:26:11 skulkrn2 kernel: [ 1231.693676] ideapad_laptop: Unknown event: 1
Sep 12 10:26:11 skulkrn2 dhclient: DHCPREQUEST of 192.17.190.23 on wlan0 to 192.17.2.20 port 67
Sep 12 10:26:11 skulkrn2 dhclient: DHCPACK of 192.17.190.23 from 192.17.2.20
Sep 12 10:26:11 skulkrn2 dhclient: bound to 192.17.190.23 -- renewal in 394 seconds.
Sep 12 10:26:34 skulkrn2 kernel: [ 1254.692300] ideapad_laptop: Unknown event: 1
Sep 12 10:26:57 skulkrn2 kernel: [ 1277.892032] ideapad_laptop: Unknown event: 1
Sep 12 10:27:20 skulkrn2 kernel: [ 1300.985659] ideapad_laptop: Unknown event: 1
Sep 12 10:27:43 skulkrn2 kernel: [ 1324.244772] ideapad_laptop: Unknown event: 1
Sep 12 10:28:07 skulkrn2 kernel: [ 1347.600707] ideapad_laptop: Unknown event: 1
Sep 12 10:28:30 skulkrn2 kernel: [ 1370.364358] ideapad_laptop: Unknown event: 1
Sep 12 10:28:52 skulkrn2 kernel: [ 1393.028404] ideapad_laptop: Unknown event: 1
Sep 12 10:29:16 skulkrn2 kernel: [ 1416.239564] ideapad_laptop: Unknown event: 1
Sep 12 10:29:39 skulkrn2 kernel: [ 1439.182819] ideapad_laptop: Unknown event: 1
Sep 12 10:30:01 skulkrn2 kernel: [ 1461.842339] ideapad_laptop: Unknown event: 1
Sep 12 10:30:24 skulkrn2 kernel: [ 1484.732804] ideapad_laptop: Unknown event: 1
Sep 12 10:30:47 skulkrn2 kernel: [ 1507.580987] ideapad_laptop: Unknown event: 1
Sep 12 10:31:10 skulkrn2 kernel: [ 1530.246755] ideapad_laptop: Unknown event: 1
Sep 12 10:31:32 skulkrn2 kernel: [ 1552.908311] ideapad_laptop: Unknown event: 1
Sep 12 10:31:55 skulkrn2 kernel: [ 1575.567988] ideapad_laptop: Unknown event: 1
Sep 12 10:32:18 skulkrn2 kernel: [ 1598.234346] ideapad_laptop: Unknown event: 1
Sep 12 10:32:18 skulkrn2 kernel: [ 1598.811635] iwlwifi 0000:03:00.0: Queue 2 stuck for 2000 ms.
Sep 12 10:32:18 skulkrn2 kernel: [ 1598.811642] iwlwifi 0000:03:00.0: Current read_ptr 208 write_ptr 210
Sep 12 10:32:18 skulkrn2 kernel: [ 1598.811646] iwlwifi 0000:03:00.0: On demand firmware reload
Sep 12 10:32:18 skulkrn2 kernel: [ 1598.812032] ieee80211 phy0: Hardware restart was requested
Sep 12 10:32:18 skulkrn2 kernel: [ 1598.812101] iwlwifi 0000:03:00.0: L1 Enabled; Disabling L0S
Sep 12 10:32:18 skulkrn2 kernel: [ 1598.819825] iwlwifi 0000:03:00.0: Radio type=0x2-0x0-0x0
Sep 12 10:32:37 skulkrn2 kernel: [ 1617.364042] iwlwifi 0000:03:00.0: Queue 2 stuck for 2000 ms.
Sep 12 10:32:37 skulkrn2 kernel: [ 1617.364049] iwlwifi 0000:03:00.0: Current read_ptr 0 write_ptr 6
Sep 12 10:32:37 skulkrn2 kernel: [ 1617.364053] iwlwifi 0000:03:00.0: On demand firmware reload
Sep 12 10:32:37 skulkrn2 kernel: [ 1617.364471] ieee80211 phy0: Hardware restart was requested
Sep 12 10:32:37 skulkrn2 kernel: [ 1617.364546] iwlwifi 0000:03:00.0: L1 Enabled; Disabling L0S
Sep 12 10:32:37 skulkrn2 kernel: [ 1617.372262] iwlwifi 0000:03:00.0: Radio type=0x2-0x0-0x0
Sep 12 10:32:41 skulkrn2 kernel: [ 1620.897714] ideapad_laptop: Unknown event: 1
Sep 12 10:32:42 skulkrn2 kernel: [ 1622.436458] iwlwifi 0000:03:00.0: Queue 2 stuck for 2000 ms.
Sep 12 10:32:42 skulkrn2 kernel: [ 1622.436464] iwlwifi 0000:03:00.0: Current read_ptr 0 write_ptr 3
Sep 12 10:32:42 skulkrn2 kernel: [ 1622.436468] iwlwifi 0000:03:00.0: On demand firmware reload
Sep 12 10:32:42 skulkrn2 kernel: [ 1622.436873] ieee80211 phy0: Hardware restart was requested
Sep 12 10:32:42 skulkrn2 kernel: [ 1622.436943] iwlwifi 0000:03:00.0: L1 Enabled; Disabling L0S
Sep 12 10:32:42 skulkrn2 kernel: [ 1622.444699] iwlwifi 0000:03:00.0: Radio type=0x2-0x0-0x0
Sep 12 10:32:45 skulkrn2 dhclient: DHCPREQUEST of 192.17.190.23 on wlan0 to 192.17.2.20 port 67
Sep 12 10:32:48 skulkrn2 kernel: [ 1628.008199] iwlwifi 0000:03:00.0: Queue 2 stuck for 2000 ms.
Sep 12 10:32:48 skulkrn2 kernel: [ 1628.008206] iwlwifi 0000:03:00.0: Current read_ptr 0 write_ptr 5
Sep 12 10:32:48 skulkrn2 kernel: [ 1628.008210] iwlwifi 0000:03:00.0: On demand firmware reload
Sep 12 10:32:48 skulkrn2 kernel: [ 1628.008632] ieee80211 phy0: Hardware restart was requested
Sep 12 10:32:48 skulkrn2 kernel: [ 1628.008708] iwlwifi 0000:03:00.0: L1 Enabled; Disabling L0S
Sep 12 10:32:48 skulkrn2 kernel: [ 1628.016445] iwlwifi 0000:03:00.0: Radio type=0x2-0x0-0x0
Sep 12 10:32:48 skulkrn2 dhclient: DHCPREQUEST of 192.17.190.23 on wlan0 to 192.17.2.20 port 67
Sep 12 10:32:54 skulkrn2 dhclient: DHCPREQUEST of 192.17.190.23 on wlan0 to 192.17.2.20 port 67
Sep 12 10:32:56 skulkrn2 kernel: [ 1636.575444] iwlwifi 0000:03:00.0: Queue 2 stuck for 2000 ms.
Sep 12 10:32:56 skulkrn2 kernel: [ 1636.575452] iwlwifi 0000:03:00.0: Current read_ptr 0 write_ptr 3
Sep 12 10:32:56 skulkrn2 kernel: [ 1636.575455] iwlwifi 0000:03:00.0: On demand firmware reload
Sep 12 10:32:56 skulkrn2 kernel: [ 1636.575872] ieee80211 phy0: Hardware restart was requested
Sep 12 10:32:56 skulkrn2 kernel: [ 1636.575943] iwlwifi 0000:03:00.0: L1 Enabled; Disabling L0S
Sep 12 10:32:56 skulkrn2 kernel: [ 1636.583671] iwlwifi 0000:03:00.0: Radio type=0x2-0x0-0x0
Sep 12 10:33:03 skulkrn2 kernel: [ 1643.562547] ideapad_laptop: Unknown event: 1
Sep 12 10:33:06 skulkrn2 kernel: [ 1646.640430] iwlwifi 0000:03:00.0: Queue 2 stuck for 2000 ms.
Sep 12 10:33:06 skulkrn2 kernel: [ 1646.640437] iwlwifi 0000:03:00.0: Current read_ptr 0 write_ptr 3
Sep 12 10:33:06 skulkrn2 kernel: [ 1646.640441] iwlwifi 0000:03:00.0: On demand firmware reload
Sep 12 10:33:06 skulkrn2 kernel: [ 1646.640846] ieee80211 phy0: Hardware restart was requested
Sep 12 10:33:06 skulkrn2 kernel: [ 1646.640922] iwlwifi 0000:03:00.0: L1 Enabled; Disabling L0S
Sep 12 10:33:06 skulkrn2 kernel: [ 1646.648652] iwlwifi 0000:03:00.0: Radio type=0x2-0x0-0x0
Sep 12 10:33:08 skulkrn2 kernel: [ 1648.717365] iwlwifi 0000:03:00.0: Queue 0 stuck for 2000 ms.
Sep 12 10:33:08 skulkrn2 kernel: [ 1648.717372] iwlwifi 0000:03:00.0: Current read_ptr 0 write_ptr 1
Sep 12 10:33:09 skulkrn2 kernel: [ 1649.216616] iwlwifi 0000:03:00.0: Queue 0 stuck for 2000 ms.
Sep 12 10:33:09 skulkrn2 kernel: [ 1649.216624] iwlwifi 0000:03:00.0: Current read_ptr 0 write_ptr 1
Sep 12 10:33:09 skulkrn2 dhclient: DHCPREQUEST of 192.17.190.23 on wlan0 to 192.17.2.20 port 67
Sep 12 10:33:09 skulkrn2 kernel: [ 1649.715841] iwlwifi 0000:03:00.0: Queue 0 stuck for 2000 ms.
Sep 12 10:33:09 skulkrn2 kernel: [ 1649.715849] iwlwifi 0000:03:00.0: Current read_ptr 0 write_ptr 1
Sep 12 10:33:10 skulkrn2 kernel: [ 1650.215112] iwlwifi 0000:03:00.0: Queue 0 stuck for 2000 ms.
Sep 12 10:33:10 skulkrn2 kernel: [ 1650.215120] iwlwifi 0000:03:00.0: Current read_ptr 0 write_ptr 1
Sep 12 10:33:10 skulkrn2 kernel: [ 1650.215124] iwlwifi 0000:03:00.0: Queue 2 stuck for 2000 ms.
Sep 12 10:33:10 skulkrn2 kernel: [ 1650.215127] iwlwifi 0000:03:00.0: Current read_ptr 0 write_ptr 3
Sep 12 10:33:10 skulkrn2 kernel: [ 1650.714382] iwlwifi 0000:03:00.0: Queue 0 stuck for 2000 ms.
Sep 12 10:33:10 skulkrn2 kernel: [ 1650.714390] iwlwifi 0000:03:00.0: Current read_ptr 0 write_ptr 1
Sep 12 10:33:10 skulkrn2 kernel: [ 1650.714394] iwlwifi 0000:03:00.0: Queue 2 stuck for 2000 ms.
Sep 12 10:33:10 skulkrn2 kernel: [ 1650.714398] iwlwifi 0000:03:00.0: Current read_ptr 0 write_ptr 3
Sep 12 10:33:11 skulkrn2 kernel: [ 1651.213650] iwlwifi 0000:03:00.0: Queue 0 stuck for 2000 ms.
Sep 12 10:33:11 skulkrn2 kernel: [ 1651.213659] iwlwifi 0000:03:00.0: Current read_ptr 0 write_ptr 1
Sep 12 10:33:11 skulkrn2 kernel: [ 1651.213664] iwlwifi 0000:03:00.0: Queue 2 stuck for 2000 ms.
Sep 12 10:33:11 skulkrn2 kernel: [ 1651.213669] iwlwifi 0000:03:00.0: Current read_ptr 0 write_ptr 4
Sep 12 10:33:11 skulkrn2 kernel: [ 1651.712905] iwlwifi 0000:03:00.0: Queue 0 stuck for 2000 ms.
Sep 12 10:33:11 skulkrn2 kernel: [ 1651.712912] iwlwifi 0000:03:00.0: Current read_ptr 0 write_ptr 1
Sep 12 10:33:11 skulkrn2 kernel: [ 1651.712916] iwlwifi 0000:03:00.0: On demand firmware reload
Sep 12 10:33:11 skulkrn2 kernel: [ 1651.713336] ieee80211 phy0: Hardware restart was requested
Sep 12 10:33:11 skulkrn2 kernel: [ 1651.713410] iwlwifi 0000:03:00.0: L1 Enabled; Disabling L0S
Sep 12 10:33:11 skulkrn2 kernel: [ 1651.721148] iwlwifi 0000:03:00.0: Radio type=0x2-0x0-0x0
Sep 12 10:33:12 skulkrn2 kernel: [ 1652.292041] iwlwifi 0000:03:00.0: Queue 2 stuck for 2000 ms.
Sep 12 10:33:12 skulkrn2 kernel: [ 1652.292049] iwlwifi 0000:03:00.0: Current read_ptr 0 write_ptr 1
Sep 12 10:33:12 skulkrn2 kernel: [ 1652.791285] iwlwifi 0000:03:00.0: Queue 2 stuck for 2000 ms.
Sep 12 10:33:12 skulkrn2 kernel: [ 1652.791292] iwlwifi 0000:03:00.0: Current read_ptr 0 write_ptr 1
Sep 12 10:33:13 skulkrn2 kernel: [ 1653.290547] iwlwifi 0000:03:00.0: Queue 2 stuck for 2000 ms.
Sep 12 10:33:13 skulkrn2 kernel: [ 1653.290555] iwlwifi 0000:03:00.0: Current read_ptr 0 write_ptr 2
Sep 12 10:33:13 skulkrn2 kernel: [ 1653.789788] iwlwifi 0000:03:00.0: Queue 2 stuck for 2000 ms.
Sep 12 10:33:13 skulkrn2 kernel: [ 1653.789796] iwlwifi 0000:03:00.0: Current read_ptr 0 write_ptr 2
Sep 12 10:33:14 skulkrn2 kernel: [ 1654.289065] iwlwifi 0000:03:00.0: Queue 2 stuck for 2000 ms.
Sep 12 10:33:14 skulkrn2 kernel: [ 1654.289073] iwlwifi 0000:03:00.0: Current read_ptr 0 write_ptr 3
Sep 12 10:33:14 skulkrn2 kernel: [ 1654.788304] iwlwifi 0000:03:00.0: Queue 2 stuck for 2000 ms.
Sep 12 10:33:14 skulkrn2 kernel: [ 1654.788311] iwlwifi 0000:03:00.0: Current read_ptr 0 write_ptr 3
Sep 12 10:33:15 skulkrn2 kernel: [ 1655.287579] iwlwifi 0000:03:00.0: Queue 2 stuck for 2000 ms.
Sep 12 10:33:15 skulkrn2 kernel: [ 1655.287587] iwlwifi 0000:03:00.0: Current read_ptr 0 write_ptr 4
Sep 12 10:33:15 skulkrn2 kernel: [ 1655.786814] iwlwifi 0000:03:00.0: Queue 2 stuck for 2000 ms.
Sep 12 10:33:15 skulkrn2 kernel: [ 1655.786821] iwlwifi 0000:03:00.0: Current read_ptr 0 write_ptr 4
Sep 12 10:33:16 skulkrn2 kernel: [ 1656.286088] iwlwifi 0000:03:00.0: Queue 2 stuck for 2000 ms.
Sep 12 10:33:16 skulkrn2 kernel: [ 1656.286095] iwlwifi 0000:03:00.0: Current read_ptr 0 write_ptr 5
Sep 12 10:33:16 skulkrn2 dhclient: DHCPREQUEST of 192.17.190.23 on wlan0 to 192.17.2.20 port 67
Sep 12 10:33:16 skulkrn2 kernel: [ 1656.785352] iwlwifi 0000:03:00.0: Queue 2 stuck for 2000 ms.
Sep 12 10:33:16 skulkrn2 kernel: [ 1656.785360] iwlwifi 0000:03:00.0: Current read_ptr 0 write_ptr 7
Sep 12 10:33:16 skulkrn2 kernel: [ 1656.785363] iwlwifi 0000:03:00.0: On demand firmware reload
Sep 12 10:33:16 skulkrn2 kernel: [ 1656.785777] ieee80211 phy0: Hardware restart was requested
Sep 12 10:33:16 skulkrn2 kernel: [ 1656.785852] iwlwifi 0000:03:00.0: L1 Enabled; Disabling L0S
Sep 12 10:33:16 skulkrn2 kernel: [ 1656.793596] iwlwifi 0000:03:00.0: Radio type=0x2-0x0-0x0
Sep 12 10:33:20 skulkrn2 kernel: [ 1659.860772] iwlwifi 0000:03:00.0: Queue 2 stuck for 2000 ms.
Sep 12 10:33:20 skulkrn2 kernel: [ 1659.860779] iwlwifi 0000:03:00.0: Current read_ptr 0 write_ptr 3
Sep 12 10:33:20 skulkrn2 kernel: [ 1660.360023] iwlwifi 0000:03:00.0: Queue 0 stuck for 2000 ms.
Sep 12 10:33:20 skulkrn2 kernel: [ 1660.360030] iwlwifi 0000:03:00.0: Current read_ptr 0 write_ptr 2
Sep 12 10:33:20 skulkrn2 kernel: [ 1660.360034] iwlwifi 0000:03:00.0: Queue 2 stuck for 2000 ms.
Sep 12 10:33:20 skulkrn2 kernel: [ 1660.360038] iwlwifi 0000:03:00.0: Current read_ptr 0 write_ptr 3
Sep 12 10:33:21 skulkrn2 kernel: [ 1660.859276] iwlwifi 0000:03:00.0: Queue 0 stuck for 2000 ms.
Sep 12 10:33:21 skulkrn2 kernel: [ 1660.859284] iwlwifi 0000:03:00.0: Current read_ptr 0 write_ptr 2
Sep 12 10:33:21 skulkrn2 kernel: [ 1660.859289] iwlwifi 0000:03:00.0: Queue 2 stuck for 2000 ms.
Sep 12 10:33:21 skulkrn2 kernel: [ 1660.859292] iwlwifi 0000:03:00.0: Current read_ptr 0 write_ptr 3
Sep 12 10:33:21 skulkrn2 kernel: [ 1661.358543] iwlwifi 0000:03:00.0: Queue 0 stuck for 2000 ms.
Sep 12 10:33:21 skulkrn2 kernel: [ 1661.358550] iwlwifi 0000:03:00.0: Current read_ptr 0 write_ptr 2
Sep 12 10:33:21 skulkrn2 kernel: [ 1661.358554] iwlwifi 0000:03:00.0: Queue 2 stuck for 2000 ms.
Sep 12 10:33:21 skulkrn2 kernel: [ 1661.358558] iwlwifi 0000:03:00.0: Current read_ptr 0 write_ptr 3
Sep 12 10:33:22 skulkrn2 kernel: [ 1661.857799] iwlwifi 0000:03:00.0: Queue 0 stuck for 2000 ms.
Sep 12 10:33:22 skulkrn2 kernel: [ 1661.857807] iwlwifi 0000:03:00.0: Current read_ptr 0 write_ptr 2
Sep 12 10:33:22 skulkrn2 kernel: [ 1661.857811] iwlwifi 0000:03:00.0: On demand firmware reload
Sep 12 10:33:22 skulkrn2 kernel: [ 1661.858236] ieee80211 phy0: Hardware restart was requested
Sep 12 10:33:22 skulkrn2 kernel: [ 1661.858309] iwlwifi 0000:03:00.0: L1 Enabled; Disabling L0S
Sep 12 10:33:22 skulkrn2 kernel: [ 1661.866040] iwlwifi 0000:03:00.0: Radio type=0x2-0x0-0x0
Sep 12 10:33:25 skulkrn2 kernel: [ 1664.933220] iwlwifi 0000:03:00.0: Queue 2 stuck for 2000 ms.
Sep 12 10:33:25 skulkrn2 kernel: [ 1664.933228] iwlwifi 0000:03:00.0: Current read_ptr 0 write_ptr 2
Sep 12 10:33:25 skulkrn2 kernel: [ 1665.432475] iwlwifi 0000:03:00.0: Queue 2 stuck for 2000 ms.
Sep 12 10:33:25 skulkrn2 kernel: [ 1665.432482] iwlwifi 0000:03:00.0: Current read_ptr 0 write_ptr 3
Sep 12 10:33:26 skulkrn2 kernel: [ 1665.931732] iwlwifi 0000:03:00.0: Queue 2 stuck for 2000 ms.
Sep 12 10:33:26 skulkrn2 kernel: [ 1665.931739] iwlwifi 0000:03:00.0: Current read_ptr 0 write_ptr 3
Sep 12 10:33:26 skulkrn2 kernel: [ 1666.228614] ideapad_laptop: Unknown event: 1
Sep 12 10:33:26 skulkrn2 kernel: [ 1666.430987] iwlwifi 0000:03:00.0: Queue 2 stuck for 2000 ms.
Sep 12 10:33:26 skulkrn2 kernel: [ 1666.430995] iwlwifi 0000:03:00.0: Current read_ptr 0 write_ptr 4
Sep 12 10:33:27 skulkrn2 kernel: [ 1666.930244] iwlwifi 0000:03:00.0: Queue 2 stuck for 2000 ms.
Sep 12 10:33:27 skulkrn2 kernel: [ 1666.930251] iwlwifi 0000:03:00.0: Current read_ptr 0 write_ptr 4
Sep 12 10:33:27 skulkrn2 kernel: [ 1666.930255] iwlwifi 0000:03:00.0: On demand firmware reload
Sep 12 10:33:27 skulkrn2 kernel: [ 1666.930673] ieee80211 phy0: Hardware restart was requested
Sep 12 10:33:27 skulkrn2 kernel: [ 1666.930745] iwlwifi 0000:03:00.0: L1 Enabled; Disabling L0S
Sep 12 10:33:27 skulkrn2 kernel: [ 1666.938474] iwlwifi 0000:03:00.0: Radio type=0x2-0x0-0x0
Sep 12 10:33:27 skulkrn2 kernel: [ 1667.509384] iwlwifi 0000:03:00.0: Queue 2 stuck for 2000 ms.
Sep 12 10:33:27 skulkrn2 kernel: [ 1667.509391] iwlwifi 0000:03:00.0: Current read_ptr 0 write_ptr 1
Sep 12 10:33:28 skulkrn2 kernel: [ 1668.008641] iwlwifi 0000:03:00.0: Queue 2 stuck for 2000 ms.
Sep 12 10:33:28 skulkrn2 kernel: [ 1668.008648] iwlwifi 0000:03:00.0: Current read_ptr 0 write_ptr 1
Sep 12 10:33:28 skulkrn2 kernel: [ 1668.507888] iwlwifi 0000:03:00.0: Queue 2 stuck for 2000 ms.
Sep 12 10:33:28 skulkrn2 kernel: [ 1668.507896] iwlwifi 0000:03:00.0: Current read_ptr 0 write_ptr 1
Sep 12 10:33:29 skulkrn2 kernel: [ 1669.007142] iwlwifi 0000:03:00.0: Queue 2 stuck for 2000 ms.
Sep 12 10:33:29 skulkrn2 kernel: [ 1669.007150] iwlwifi 0000:03:00.0: Current read_ptr 0 write_ptr 2
Sep 12 10:33:29 skulkrn2 kernel: [ 1669.506411] iwlwifi 0000:03:00.0: Queue 2 stuck for 2000 ms.
Sep 12 10:33:29 skulkrn2 kernel: [ 1669.506418] iwlwifi 0000:03:00.0: Current read_ptr 0 write_ptr 2
Sep 12 10:33:30 skulkrn2 kernel: [ 1670.005665] iwlwifi 0000:03:00.0: Queue 2 stuck for 2000 ms.
Sep 12 10:33:30 skulkrn2 kernel: [ 1670.005673] iwlwifi 0000:03:00.0: Current read_ptr 0 write_ptr 3
Sep 12 10:33:30 skulkrn2 kernel: [ 1670.504914] iwlwifi 0000:03:00.0: Queue 2 stuck for 2000 ms.
Sep 12 10:33:30 skulkrn2 kernel: [ 1670.504922] iwlwifi 0000:03:00.0: Current read_ptr 0 write_ptr 3
Sep 12 10:33:31 skulkrn2 kernel: [ 1671.004180] iwlwifi 0000:03:00.0: Queue 2 stuck for 2000 ms.
Sep 12 10:33:31 skulkrn2 kernel: [ 1671.004187] iwlwifi 0000:03:00.0: Current read_ptr 0 write_ptr 4
Sep 12 10:33:31 skulkrn2 kernel: [ 1671.503426] iwlwifi 0000:03:00.0: Queue 0 stuck for 2000 ms.
Sep 12 10:33:31 skulkrn2 kernel: [ 1671.503434] iwlwifi 0000:03:00.0: Current read_ptr 0 write_ptr 1
Sep 12 10:33:31 skulkrn2 kernel: [ 1671.503438] iwlwifi 0000:03:00.0: Queue 2 stuck for 2000 ms.
Sep 12 10:33:31 skulkrn2 kernel: [ 1671.503441] iwlwifi 0000:03:00.0: Current read_ptr 0 write_ptr 4
Sep 12 10:33:32 skulkrn2 kernel: [ 1672.002693] iwlwifi 0000:03:00.0: Queue 0 stuck for 2000 ms.
Sep 12 10:33:32 skulkrn2 kernel: [ 1672.002700] iwlwifi 0000:03:00.0: Current read_ptr 0 write_ptr 1
Sep 12 10:33:32 skulkrn2 kernel: [ 1672.002704] iwlwifi 0000:03:00.0: On demand firmware reload
Sep 12 10:33:32 skulkrn2 kernel: [ 1672.003122] ieee80211 phy0: Hardware restart was requested
Sep 12 10:33:32 skulkrn2 kernel: [ 1672.003195] iwlwifi 0000:03:00.0: L1 Enabled; Disabling L0S
Sep 12 10:33:32 skulkrn2 kernel: [ 1672.010939] iwlwifi 0000:03:00.0: Radio type=0x2-0x0-0x0
Sep 12 10:33:32 skulkrn2 dhclient: DHCPREQUEST of 192.17.190.23 on wlan0 to 192.17.2.20 port 67
Sep 12 10:33:32 skulkrn2 kernel: [ 1672.581794] iwlwifi 0000:03:00.0: Queue 2 stuck for 2000 ms.
Sep 12 10:33:32 skulkrn2 kernel: [ 1672.581801] iwlwifi 0000:03:00.0: Current read_ptr 0 write_ptr 1
Sep 12 10:33:33 skulkrn2 kernel: [ 1673.081086] iwlwifi 0000:03:00.0: Queue 2 stuck for 2000 ms.
Sep 12 10:33:33 skulkrn2 kernel: [ 1673.081093] iwlwifi 0000:03:00.0: Current read_ptr 0 write_ptr 2
Sep 12 10:33:33 skulkrn2 kernel: [ 1673.580346] iwlwifi 0000:03:00.0: Queue 2 stuck for 2000 ms.
Sep 12 10:33:33 skulkrn2 kernel: [ 1673.580353] iwlwifi 0000:03:00.0: Current read_ptr 0 write_ptr 2
Sep 12 10:33:34 skulkrn2 kernel: [ 1674.079601] iwlwifi 0000:03:00.0: Queue 2 stuck for 2000 ms.
Sep 12 10:33:34 skulkrn2 kernel: [ 1674.079608] iwlwifi 0000:03:00.0: Current read_ptr 0 write_ptr 3
Sep 12 10:33:34 skulkrn2 kernel: [ 1674.578834] iwlwifi 0000:03:00.0: Queue 2 stuck for 2000 ms.
Sep 12 10:33:34 skulkrn2 kernel: [ 1674.578842] iwlwifi 0000:03:00.0: Current read_ptr 0 write_ptr 3
Sep 12 10:33:35 skulkrn2 kernel: [ 1675.078112] iwlwifi 0000:03:00.0: Queue 2 stuck for 2000 ms.
Sep 12 10:33:35 skulkrn2 kernel: [ 1675.078120] iwlwifi 0000:03:00.0: Current read_ptr 0 write_ptr 3
Sep 12 10:33:35 skulkrn2 kernel: [ 1675.577372] iwlwifi 0000:03:00.0: Queue 2 stuck for 2000 ms.
Sep 12 10:33:35 skulkrn2 kernel: [ 1675.577380] iwlwifi 0000:03:00.0: Current read_ptr 0 write_ptr 3
Sep 12 10:33:36 skulkrn2 kernel: [ 1676.076627] iwlwifi 0000:03:00.0: Queue 2 stuck for 2000 ms.
Sep 12 10:33:36 skulkrn2 kernel: [ 1676.076634] iwlwifi 0000:03:00.0: Current read_ptr 0 write_ptr 4
Sep 12 10:33:36 skulkrn2 wpa_supplicant[2166]: CTRL-EVENT-DISCONNECTED bssid=0a:0b:10:4d:f8:c8 reason=4
Sep 12 10:33:36 skulkrn2 kernel: [ 1676.636357] cfg80211: All devices are disconnected, going to restore regulatory settings
Sep 12 10:33:36 skulkrn2 kernel: [ 1676.636371] cfg80211: Restoring regulatory settings
Sep 12 10:33:36 skulkrn2 kernel: [ 1676.636379] cfg80211: Calling CRDA to update world regulatory domain
Sep 12 10:33:36 skulkrn2 NetworkManager[1967]: <info> (wlan0): supplicant interface state: completed -> disconnected
Sep 12 10:33:36 skulkrn2 kernel: [ 1676.643428] cfg80211: Ignoring regulatory request Set by core since the driver uses its own custom regulatory domain
Sep 12 10:33:36 skulkrn2 kernel: [ 1676.643435] cfg80211: World regulatory domain updated:
Sep 12 10:33:36 skulkrn2 kernel: [ 1676.643438] cfg80211:     (start_freq - end_freq @ bandwidth), (max_antenna_gain, max_eirp)
Sep 12 10:33:36 skulkrn2 kernel: [ 1676.643443] cfg80211:     (2402000 KHz - 2472000 KHz @ 40000 KHz), (300 mBi, 2000 mBm)
Sep 12 10:33:36 skulkrn2 kernel: [ 1676.643447] cfg80211:     (2457000 KHz - 2482000 KHz @ 20000 KHz), (300 mBi, 2000 mBm)
Sep 12 10:33:36 skulkrn2 kernel: [ 1676.643451] cfg80211:     (2474000 KHz - 2494000 KHz @ 20000 KHz), (300 mBi, 2000 mBm)
Sep 12 10:33:36 skulkrn2 kernel: [ 1676.643455] cfg80211:     (5170000 KHz - 5250000 KHz @ 40000 KHz), (300 mBi, 2000 mBm)
Sep 12 10:33:36 skulkrn2 kernel: [ 1676.643459] cfg80211:     (5735000 KHz - 5835000 KHz @ 40000 KHz), (300 mBi, 2000 mBm)
Sep 12 10:33:36 skulkrn2 NetworkManager[1967]: <info> (wlan0): supplicant interface state: disconnected -> scanning
Sep 12 10:33:37 skulkrn2 wpa_supplicant[2166]: Trying to authenticate with 0a:06:10:4d:f8:c8 (SSID='IllinoisNet' freq=2437 MHz)
Sep 12 10:33:37 skulkrn2 kernel: [ 1677.010877] wlan0: authenticate with 0a:06:10:4d:f8:c8 (try 1)
Sep 12 10:33:37 skulkrn2 wpa_supplicant[2166]: Trying to associate with 0a:06:10:4d:f8:c8 (SSID='IllinoisNet' freq=2437 MHz)
Sep 12 10:33:37 skulkrn2 kernel: [ 1677.014515] wlan0: authenticated
Sep 12 10:33:37 skulkrn2 kernel: [ 1677.021467] wlan0: waiting for beacon from 0a:06:10:4d:f8:c8
Sep 12 10:33:37 skulkrn2 NetworkManager[1967]: <info> (wlan0): supplicant interface state: scanning -> authenticating
Sep 12 10:33:37 skulkrn2 NetworkManager[1967]: <info> (wlan0): supplicant interface state: authenticating -> associating
Sep 12 10:33:37 skulkrn2 kernel: [ 1677.107485] wlan0: beacon received
Sep 12 10:33:37 skulkrn2 kernel: [ 1677.167059] wlan0: associate with 0a:06:10:4d:f8:c8 (try 1)
Sep 12 10:33:37 skulkrn2 kernel: [ 1677.170876] wlan0: RX ReassocResp from 0a:06:10:4d:f8:c8 (capab=0xc31 status=0 aid=29)
Sep 12 10:33:37 skulkrn2 kernel: [ 1677.170883] wlan0: associated
Sep 12 10:33:37 skulkrn2 wpa_supplicant[2166]: Associated with 0a:06:10:4d:f8:c8
Sep 12 10:33:37 skulkrn2 kernel: [ 1677.175019] cfg80211: Calling CRDA for country: US
Sep 12 10:33:37 skulkrn2 NetworkManager[1967]: <info> (wlan0): supplicant interface state: associating -> associated
Sep 12 10:33:37 skulkrn2 kernel: [ 1677.182061] cfg80211: Updating information on frequency 2412 MHz for a 20 MHz width channel with regulatory rule:
Sep 12 10:33:37 skulkrn2 kernel: [ 1677.182069] cfg80211: 2402000 KHz - 2472000 KHz @ 40000 KHz), (300 mBi, 2700 mBm)
Sep 12 10:33:37 skulkrn2 kernel: [ 1677.182073] cfg80211: Updating information on frequency 2417 MHz for a 20 MHz width channel with regulatory rule:
Sep 12 10:33:37 skulkrn2 kernel: [ 1677.182078] cfg80211: 2402000 KHz - 2472000 KHz @ 40000 KHz), (300 mBi, 2700 mBm)
Sep 12 10:33:37 skulkrn2 kernel: [ 1677.182082] cfg80211: Updating information on frequency 2422 MHz for a 20 MHz width channel with regulatory rule:
Sep 12 10:33:37 skulkrn2 kernel: [ 1677.182086] cfg80211: 2402000 KHz - 2472000 KHz @ 40000 KHz), (300 mBi, 2700 mBm)
Sep 12 10:33:37 skulkrn2 kernel: [ 1677.182089] cfg80211: Updating information on frequency 2427 MHz for a 20 MHz width channel with regulatory rule:
Sep 12 10:33:37 skulkrn2 kernel: [ 1677.182094] cfg80211: 2402000 KHz - 2472000 KHz @ 40000 KHz), (300 mBi, 2700 mBm)
Sep 12 10:33:37 skulkrn2 kernel: [ 1677.182097] cfg80211: Updating information on frequency 2432 MHz for a 20 MHz width channel with regulatory rule:
Sep 12 10:33:37 skulkrn2 kernel: [ 1677.182102] cfg80211: 2402000 KHz - 2472000 KHz @ 40000 KHz), (300 mBi, 2700 mBm)
Sep 12 10:33:37 skulkrn2 kernel: [ 1677.182105] cfg80211: Updating information on frequency 2437 MHz for a 20 MHz width channel with regulatory rule:
Sep 12 10:33:37 skulkrn2 kernel: [ 1677.182109] cfg80211: 2402000 KHz - 2472000 KHz @ 40000 KHz), (300 mBi, 2700 mBm)
Sep 12 10:33:37 skulkrn2 kernel: [ 1677.182113] cfg80211: Updating information on frequency 2442 MHz for a 20 MHz width channel with regulatory rule:
Sep 12 10:33:37 skulkrn2 kernel: [ 1677.182117] cfg80211: 2402000 KHz - 2472000 KHz @ 40000 KHz), (300 mBi, 2700 mBm)
Sep 12 10:33:37 skulkrn2 kernel: [ 1677.182121] cfg80211: Updating information on frequency 2447 MHz for a 20 MHz width channel with regulatory rule:
Sep 12 10:33:37 skulkrn2 kernel: [ 1677.182125] cfg80211: 2402000 KHz - 2472000 KHz @ 40000 KHz), (300 mBi, 2700 mBm)
Sep 12 10:33:37 skulkrn2 kernel: [ 1677.182129] cfg80211: Updating information on frequency 2452 MHz for a 20 MHz width channel with regulatory rule:
Sep 12 10:33:37 skulkrn2 kernel: [ 1677.182133] cfg80211: 2402000 KHz - 2472000 KHz @ 40000 KHz), (300 mBi, 2700 mBm)
Sep 12 10:33:37 skulkrn2 kernel: [ 1677.182137] cfg80211: Updating information on frequency 2457 MHz for a 20 MHz width channel with regulatory rule:
Sep 12 10:33:37 skulkrn2 kernel: [ 1677.182141] cfg80211: 2402000 KHz - 2472000 KHz @ 40000 KHz), (300 mBi, 2700 mBm)
Sep 12 10:33:37 skulkrn2 kernel: [ 1677.182144] cfg80211: Updating information on frequency 2462 MHz for a 20 MHz width channel with regulatory rule:
Sep 12 10:33:37 skulkrn2 kernel: [ 1677.182149] cfg80211: 2402000 KHz - 2472000 KHz @ 40000 KHz), (300 mBi, 2700 mBm)
Sep 12 10:33:37 skulkrn2 kernel: [ 1677.182152] cfg80211: Disabling freq 2467 MHz
Sep 12 10:33:37 skulkrn2 kernel: [ 1677.182155] cfg80211: Disabling freq 2472 MHz
Sep 12 10:33:37 skulkrn2 kernel: [ 1677.182160] cfg80211: Regulatory domain changed to country: US
Sep 12 10:33:37 skulkrn2 kernel: [ 1677.182162] cfg80211:     (start_freq - end_freq @ bandwidth), (max_antenna_gain, max_eirp)
Sep 12 10:33:37 skulkrn2 kernel: [ 1677.182167] cfg80211:     (2402000 KHz - 2472000 KHz @ 40000 KHz), (300 mBi, 2700 mBm)
Sep 12 10:33:37 skulkrn2 kernel: [ 1677.182171] cfg80211:     (5170000 KHz - 5250000 KHz @ 40000 KHz), (300 mBi, 1700 mBm)
Sep 12 10:33:37 skulkrn2 kernel: [ 1677.182175] cfg80211:     (5250000 KHz - 5330000 KHz @ 40000 KHz), (300 mBi, 2000 mBm)
Sep 12 10:33:37 skulkrn2 kernel: [ 1677.182178] cfg80211:     (5490000 KHz - 5600000 KHz @ 40000 KHz), (300 mBi, 2000 mBm)
Sep 12 10:33:37 skulkrn2 kernel: [ 1677.182182] cfg80211:     (5650000 KHz - 5710000 KHz @ 40000 KHz), (300 mBi, 2000 mBm)
Sep 12 10:33:37 skulkrn2 kernel: [ 1677.182186] cfg80211:     (5735000 KHz - 5835000 KHz @ 40000 KHz), (300 mBi, 3000 mBm)
Sep 12 10:33:37 skulkrn2 wpa_supplicant[2166]: CTRL-EVENT-EAP-STARTED EAP authentication started
Sep 12 10:33:37 skulkrn2 wpa_supplicant[2166]: CTRL-EVENT-EAP-PROPOSED-METHOD vendor=0 method=21
Sep 12 10:33:37 skulkrn2 wpa_supplicant[2166]: CTRL-EVENT-EAP-METHOD EAP vendor 0 method 21 (TTLS) selected
Sep 12 10:33:37 skulkrn2 wpa_supplicant[2166]: CTRL-EVENT-EAP-PEER-CERT depth=1 subject='/C=GB/ST=Greater Manchester/L=Salford/O=COMODO CA Limited/CN=COMODO High-Assurance Secure Server CA'
Sep 12 10:33:37 skulkrn2 wpa_supplicant[2166]: CTRL-EVENT-EAP-PEER-CERT depth=1 subject='/C=GB/ST=Greater Manchester/L=Salford/O=COMODO CA Limited/CN=COMODO High-Assurance Secure Server CA'
Sep 12 10:33:37 skulkrn2 wpa_supplicant[2166]: CTRL-EVENT-EAP-PEER-CERT depth=0 subject='/C=US/postalCode=61801/ST=IL/L=Urbana/street=LEAVE_THIS_FIELD_BLANK/street=LEAVE_THIS_FIELD_BLANK/street=LEAVE_THIS_FIELD_BLANK/O=University of Illinois/OU=Urbana-Champaign Campus/OU=PlatinumSSL/CN=wireless.illinois.edu'
Sep 12 10:33:37 skulkrn2 wpa_supplicant[2166]: EAP-TTLS: Phase 2 MSCHAPV2 authentication succeeded
Sep 12 10:33:37 skulkrn2 wpa_supplicant[2166]: CTRL-EVENT-EAP-SUCCESS EAP authentication completed successfully
Sep 12 10:33:37 skulkrn2 NetworkManager[1967]: <info> (wlan0): supplicant interface state: associated -> 4-way handshake
Sep 12 10:33:37 skulkrn2 wpa_supplicant[2166]: WPA: Key negotiation completed with 0a:06:10:4d:f8:c8 [PTK=CCMP GTK=CCMP]
Sep 12 10:33:37 skulkrn2 wpa_supplicant[2166]: CTRL-EVENT-CONNECTED - Connection to 0a:06:10:4d:f8:c8 completed (reauth) [id=0 id_str=]
Sep 12 10:33:37 skulkrn2 NetworkManager[1967]: <info> (wlan0): supplicant interface state: 4-way handshake -> completed
Sep 12 10:33:43 skulkrn2 NetworkManager[1967]: <info> (wlan0): roamed from BSSID 0A:0B:10:4D:F8:C8 (IllinoisNet) to 0A:06:10:4D:F8:C8 (IllinoisNet)
Sep 12 10:33:43 skulkrn2 dhclient: DHCPREQUEST of 192.17.190.23 on wlan0 to 192.17.2.20 port 67
Sep 12 10:33:43 skulkrn2 dhclient: DHCPACK of 192.17.190.23 from 192.17.2.20
Sep 12 10:33:43 skulkrn2 dhclient: bound to 192.17.190.23 -- renewal in 444 seconds.
Sep 12 10:33:49 skulkrn2 kernel: [ 1688.896620] ideapad_laptop: Unknown event: 1
Sep 12 10:34:12 skulkrn2 kernel: [ 1712.144015] ideapad_laptop: Unknown event: 1
Sep 12 10:34:35 skulkrn2 kernel: [ 1735.170397] ideapad_laptop: Unknown event: 1
Sep 12 10:34:58 skulkrn2 kernel: [ 1757.854675] ideapad_laptop: Unknown event: 1
Sep 12 10:35:20 skulkrn2 kernel: [ 1780.524882] ideapad_laptop: Unknown event: 1
Sep 12 10:35:43 skulkrn2 kernel: [ 1803.193619] ideapad_laptop: Unknown event: 1
Sep 12 10:36:06 skulkrn2 kernel: [ 1825.919615] ideapad_laptop: Unknown event: 1
Sep 12 10:36:29 skulkrn2 kernel: [ 1848.767600] ideapad_laptop: Unknown event: 1
Sep 12 10:36:52 skulkrn2 kernel: [ 1871.724935] ideapad_laptop: Unknown event: 1
Sep 12 10:37:15 skulkrn2 kernel: [ 1894.521079] ideapad_laptop: Unknown event: 1
Sep 12 10:37:37 skulkrn2 kernel: [ 1917.260512] ideapad_laptop: Unknown event: 1
Sep 12 10:38:00 skulkrn2 kernel: [ 1939.932586] ideapad_laptop: Unknown event: 1
Sep 12 10:38:23 skulkrn2 kernel: [ 1962.672569] ideapad_laptop: Unknown event: 1
Sep 12 10:38:46 skulkrn2 kernel: [ 1985.474931] ideapad_laptop: Unknown event: 1
Sep 12 10:38:49 skulkrn2 wpa_supplicant[2166]: Trying to authenticate with 0a:0b:10:6b:ea:a8 (SSID='IllinoisNet' freq=2462 MHz)
Sep 12 10:38:49 skulkrn2 NetworkManager[1967]: <info> (wlan0): supplicant interface state: completed -> authenticating
Sep 12 10:38:49 skulkrn2 kernel: [ 1988.748973] wlan0: direct probe to 0a:0b:10:6b:ea:a8 (try 1/3)
Sep 12 10:38:49 skulkrn2 kernel: [ 1988.946781] wlan0: direct probe to 0a:0b:10:6b:ea:a8 (try 2/3)
Sep 12 10:38:49 skulkrn2 kernel: [ 1989.146498] wlan0: direct probe to 0a:0b:10:6b:ea:a8 (try 3/3)
Sep 12 10:38:50 skulkrn2 kernel: [ 1989.346217] wlan0: direct probe to 0a:0b:10:6b:ea:a8 timed out
Sep 12 10:38:55 skulkrn2 kernel: [ 1995.059726] wlan0: deauthenticating from 0a:06:10:4d:f8:c8 by local choice (reason=2)
Sep 12 10:38:55 skulkrn2 kernel: [ 1995.114702] cfg80211: All devices are disconnected, going to restore regulatory settings
Sep 12 10:38:55 skulkrn2 kernel: [ 1995.114711] cfg80211: Restoring regulatory settings
Sep 12 10:38:55 skulkrn2 kernel: [ 1995.114717] cfg80211: Calling CRDA to update world regulatory domain
Sep 12 10:38:55 skulkrn2 wpa_supplicant[2166]: Trying to authenticate with 0a:0b:10:1b:4c:03 (SSID='IllinoisNet' freq=2462 MHz)
Sep 12 10:38:55 skulkrn2 wpa_supplicant[2166]: CTRL-EVENT-DISCONNECTED bssid=0a:0b:10:1b:4c:03 reason=2
Sep 12 10:38:55 skulkrn2 kernel: [ 1995.123273] cfg80211: Ignoring regulatory request Set by core since the driver uses its own custom regulatory domain
Sep 12 10:38:55 skulkrn2 kernel: [ 1995.123282] cfg80211: World regulatory domain updated:
Sep 12 10:38:55 skulkrn2 kernel: [ 1995.123286] cfg80211:     (start_freq - end_freq @ bandwidth), (max_antenna_gain, max_eirp)
Sep 12 10:38:55 skulkrn2 kernel: [ 1995.123293] cfg80211:     (2402000 KHz - 2472000 KHz @ 40000 KHz), (300 mBi, 2000 mBm)
Sep 12 10:38:55 skulkrn2 kernel: [ 1995.123299] cfg80211:     (2457000 KHz - 2482000 KHz @ 20000 KHz), (300 mBi, 2000 mBm)
Sep 12 10:38:55 skulkrn2 kernel: [ 1995.123305] cfg80211:     (2474000 KHz - 2494000 KHz @ 20000 KHz), (300 mBi, 2000 mBm)
Sep 12 10:38:55 skulkrn2 kernel: [ 1995.123311] cfg80211:     (5170000 KHz - 5250000 KHz @ 40000 KHz), (300 mBi, 2000 mBm)
Sep 12 10:38:55 skulkrn2 kernel: [ 1995.123317] cfg80211:     (5735000 KHz - 5835000 KHz @ 40000 KHz), (300 mBi, 2000 mBm)
Sep 12 10:38:55 skulkrn2 kernel: [ 1995.123643] wlan0: direct probe to 0a:0b:10:1b:4c:03 (try 1/3)
Sep 12 10:38:56 skulkrn2 kernel: [ 1995.321322] wlan0: direct probe to 0a:0b:10:1b:4c:03 (try 2/3)
Sep 12 10:38:56 skulkrn2 kernel: [ 1995.521021] wlan0: direct probe to 0a:0b:10:1b:4c:03 (try 3/3)
Sep 12 10:38:56 skulkrn2 kernel: [ 1995.720696] wlan0: direct probe to 0a:0b:10:1b:4c:03 timed out
Sep 12 10:39:01 skulkrn2 NetworkManager[1967]: <info> (wlan0): roamed from BSSID 0A:06:10:4D:F8:C8 (IllinoisNet) to (none) ((none))
Sep 12 10:39:01 skulkrn2 wpa_supplicant[2166]: Failed to initiate AP scan.
Sep 12 10:39:02 skulkrn2 wpa_supplicant[2166]: Failed to initiate AP scan.
Sep 12 10:39:02 skulkrn2 wpa_supplicant[2166]: Trying to authenticate with 0a:0b:10:a2:ec:40 (SSID='IllinoisNet' freq=2462 MHz)
Sep 12 10:39:02 skulkrn2 kernel: [ 2001.940725] wlan0: direct probe to 0a:0b:10:a2:ec:40 (try 1/3)
Sep 12 10:39:02 skulkrn2 kernel: [ 2002.139144] wlan0: direct probe to 0a:0b:10:a2:ec:40 (try 2/3)
Sep 12 10:39:03 skulkrn2 kernel: [ 2002.338875] wlan0: direct probe to 0a:0b:10:a2:ec:40 (try 3/3)
Sep 12 10:39:03 skulkrn2 kernel: [ 2002.538582] wlan0: direct probe to 0a:0b:10:a2:ec:40 timed out
Sep 12 10:39:08 skulkrn2 wpa_supplicant[2166]: Trying to authenticate with 0a:06:10:48:7d:cb (SSID='IllinoisNet' freq=2437 MHz)
Sep 12 10:39:08 skulkrn2 kernel: [ 2007.899470] wlan0: direct probe to 0a:06:10:48:7d:cb (try 1/3)
Sep 12 10:39:08 skulkrn2 kernel: [ 2008.098216] wlan0: direct probe to 0a:06:10:48:7d:cb (try 2/3)
Sep 12 10:39:09 skulkrn2 kernel: [ 2008.297955] wlan0: direct probe to 0a:06:10:48:7d:cb (try 3/3)
Sep 12 10:39:09 skulkrn2 kernel: [ 2008.497660] wlan0: direct probe to 0a:06:10:48:7d:cb timed out
Sep 12 10:39:09 skulkrn2 kernel: [ 2008.589506] ideapad_laptop: Unknown event: 1
Sep 12 10:39:14 skulkrn2 wpa_supplicant[2166]: Trying to authenticate with 0a:06:10:4d:f8:c8 (SSID='IllinoisNet' freq=2437 MHz)
Sep 12 10:39:14 skulkrn2 wpa_supplicant[2166]: Trying to associate with 0a:06:10:4d:f8:c8 (SSID='IllinoisNet' freq=2437 MHz)
Sep 12 10:39:14 skulkrn2 kernel: [ 2013.834012] wlan0: authenticate with 0a:06:10:4d:f8:c8 (try 1)
Sep 12 10:39:14 skulkrn2 kernel: [ 2013.836821] wlan0: authenticated
Sep 12 10:39:14 skulkrn2 kernel: [ 2013.837242] wlan0: associate with 0a:06:10:4d:f8:c8 (try 1)
Sep 12 10:39:14 skulkrn2 kernel: [ 2013.839767] wlan0: RX ReassocResp from 0a:06:10:4d:f8:c8 (capab=0xc31 status=0 aid=29)
Sep 12 10:39:14 skulkrn2 kernel: [ 2013.839770] wlan0: associated
Sep 12 10:39:14 skulkrn2 NetworkManager[1967]: <info> (wlan0): supplicant interface state: authenticating -> associating
Sep 12 10:39:14 skulkrn2 wpa_supplicant[2166]: Associated with 0a:06:10:4d:f8:c8
Sep 12 10:39:14 skulkrn2 kernel: [ 2013.844076] cfg80211: Calling CRDA for country: US
Sep 12 10:39:14 skulkrn2 NetworkManager[1967]: <info> (wlan0): supplicant interface state: associating -> associated
Sep 12 10:39:14 skulkrn2 kernel: [ 2013.847658] cfg80211: Updating information on frequency 2412 MHz for a 20 MHz width channel with regulatory rule:
Sep 12 10:39:14 skulkrn2 kernel: [ 2013.847661] cfg80211: 2402000 KHz - 2472000 KHz @ 40000 KHz), (300 mBi, 2700 mBm)
Sep 12 10:39:14 skulkrn2 kernel: [ 2013.847663] cfg80211: Updating information on frequency 2417 MHz for a 20 MHz width channel with regulatory rule:
Sep 12 10:39:14 skulkrn2 kernel: [ 2013.847665] cfg80211: 2402000 KHz - 2472000 KHz @ 40000 KHz), (300 mBi, 2700 mBm)
Sep 12 10:39:14 skulkrn2 kernel: [ 2013.847666] cfg80211: Updating information on frequency 2422 MHz for a 20 MHz width channel with regulatory rule:
Sep 12 10:39:14 skulkrn2 kernel: [ 2013.847668] cfg80211: 2402000 KHz - 2472000 KHz @ 40000 KHz), (300 mBi, 2700 mBm)
Sep 12 10:39:14 skulkrn2 kernel: [ 2013.847670] cfg80211: Updating information on frequency 2427 MHz for a 20 MHz width channel with regulatory rule:
Sep 12 10:39:14 skulkrn2 kernel: [ 2013.847672] cfg80211: 2402000 KHz - 2472000 KHz @ 40000 KHz), (300 mBi, 2700 mBm)
Sep 12 10:39:14 skulkrn2 kernel: [ 2013.847673] cfg80211: Updating information on frequency 2432 MHz for a 20 MHz width channel with regulatory rule:
Sep 12 10:39:14 skulkrn2 kernel: [ 2013.847675] cfg80211: 2402000 KHz - 2472000 KHz @ 40000 KHz), (300 mBi, 2700 mBm)
Sep 12 10:39:14 skulkrn2 kernel: [ 2013.847677] cfg80211: Updating information on frequency 2437 MHz for a 20 MHz width channel with regulatory rule:
Sep 12 10:39:14 skulkrn2 kernel: [ 2013.847679] cfg80211: 2402000 KHz - 2472000 KHz @ 40000 KHz), (300 mBi, 2700 mBm)
Sep 12 10:39:14 skulkrn2 kernel: [ 2013.847680] cfg80211: Updating information on frequency 2442 MHz for a 20 MHz width channel with regulatory rule:
Sep 12 10:39:14 skulkrn2 kernel: [ 2013.847682] cfg80211: 2402000 KHz - 2472000 KHz @ 40000 KHz), (300 mBi, 2700 mBm)
Sep 12 10:39:14 skulkrn2 kernel: [ 2013.847684] cfg80211: Updating information on frequency 2447 MHz for a 20 MHz width channel with regulatory rule:
Sep 12 10:39:14 skulkrn2 kernel: [ 2013.847685] cfg80211: 2402000 KHz - 2472000 KHz @ 40000 KHz), (300 mBi, 2700 mBm)
Sep 12 10:39:14 skulkrn2 kernel: [ 2013.847687] cfg80211: Updating information on frequency 2452 MHz for a 20 MHz width channel with regulatory rule:
Sep 12 10:39:14 skulkrn2 kernel: [ 2013.847689] cfg80211: 2402000 KHz - 2472000 KHz @ 40000 KHz), (300 mBi, 2700 mBm)
Sep 12 10:39:14 skulkrn2 kernel: [ 2013.847690] cfg80211: Updating information on frequency 2457 MHz for a 20 MHz width channel with regulatory rule:
Sep 12 10:39:14 skulkrn2 kernel: [ 2013.847692] cfg80211: 2402000 KHz - 2472000 KHz @ 40000 KHz), (300 mBi, 2700 mBm)
Sep 12 10:39:14 skulkrn2 kernel: [ 2013.847694] cfg80211: Updating information on frequency 2462 MHz for a 20 MHz width channel with regulatory rule:
Sep 12 10:39:14 skulkrn2 kernel: [ 2013.847695] cfg80211: 2402000 KHz - 2472000 KHz @ 40000 KHz), (300 mBi, 2700 mBm)
Sep 12 10:39:14 skulkrn2 kernel: [ 2013.847697] cfg80211: Disabling freq 2467 MHz
Sep 12 10:39:14 skulkrn2 kernel: [ 2013.847698] cfg80211: Disabling freq 2472 MHz
Sep 12 10:39:14 skulkrn2 kernel: [ 2013.847700] cfg80211: Regulatory domain changed to country: US
Sep 12 10:39:14 skulkrn2 kernel: [ 2013.847701] cfg80211:     (start_freq - end_freq @ bandwidth), (max_antenna_gain, max_eirp)
Sep 12 10:39:14 skulkrn2 kernel: [ 2013.847703] cfg80211:     (2402000 KHz - 2472000 KHz @ 40000 KHz), (300 mBi, 2700 mBm)
Sep 12 10:39:14 skulkrn2 kernel: [ 2013.847705] cfg80211:     (5170000 KHz - 5250000 KHz @ 40000 KHz), (300 mBi, 1700 mBm)
Sep 12 10:39:14 skulkrn2 kernel: [ 2013.847706] cfg80211:     (5250000 KHz - 5330000 KHz @ 40000 KHz), (300 mBi, 2000 mBm)
Sep 12 10:39:14 skulkrn2 kernel: [ 2013.847708] cfg80211:     (5490000 KHz - 5600000 KHz @ 40000 KHz), (300 mBi, 2000 mBm)
Sep 12 10:39:14 skulkrn2 kernel: [ 2013.847710] cfg80211:     (5650000 KHz - 5710000 KHz @ 40000 KHz), (300 mBi, 2000 mBm)
Sep 12 10:39:14 skulkrn2 kernel: [ 2013.847711] cfg80211:     (5735000 KHz - 5835000 KHz @ 40000 KHz), (300 mBi, 3000 mBm)
Sep 12 10:39:14 skulkrn2 wpa_supplicant[2166]: WPA: Failed to get master session key from EAPOL state machines
Sep 12 10:39:14 skulkrn2 wpa_supplicant[2166]: WPA: Key handshake aborted
Sep 12 10:39:14 skulkrn2 NetworkManager[1967]: <info> (wlan0): supplicant interface state: associated -> 4-way handshake
Sep 12 10:39:14 skulkrn2 wpa_supplicant[2166]: CTRL-EVENT-EAP-STARTED EAP authentication started
Sep 12 10:39:14 skulkrn2 wpa_supplicant[2166]: CTRL-EVENT-EAP-PROPOSED-METHOD vendor=0 method=21
Sep 12 10:39:14 skulkrn2 wpa_supplicant[2166]: CTRL-EVENT-EAP-METHOD EAP vendor 0 method 21 (TTLS) selected
Sep 12 10:39:14 skulkrn2 wpa_supplicant[2166]: CTRL-EVENT-EAP-SUCCESS EAP authentication completed successfully
Sep 12 10:39:14 skulkrn2 wpa_supplicant[2166]: WPA: Key negotiation completed with 0a:06:10:4d:f8:c8 [PTK=CCMP GTK=CCMP]
Sep 12 10:39:14 skulkrn2 wpa_supplicant[2166]: CTRL-EVENT-CONNECTED - Connection to 0a:06:10:4d:f8:c8 completed (reauth) [id=0 id_str=]
Sep 12 10:39:14 skulkrn2 NetworkManager[1967]: <info> (wlan0): supplicant interface state: 4-way handshake -> completed
Sep 12 10:39:19 skulkrn2 NetworkManager[1967]: <info> (wlan0): roamed from BSSID (none) ((none)) to 0A:06:10:4D:F8:C8 (IllinoisNet)
Sep 12 10:39:32 skulkrn2 kernel: [ 2031.659713] ideapad_laptop: Unknown event: 1
Sep 12 10:39:55 skulkrn2 kernel: [ 2054.721021] ideapad_laptop: Unknown event: 1
Sep 12 10:40:18 skulkrn2 kernel: [ 2077.830432] ideapad_laptop: Unknown event: 1
Sep 12 10:40:41 skulkrn2 kernel: [ 2100.854594] ideapad_laptop: Unknown event: 1
Sep 12 10:41:04 skulkrn2 kernel: [ 2123.528312] ideapad_laptop: Unknown event: 1
Sep 12 10:41:07 skulkrn2 dhclient: DHCPREQUEST of 192.17.190.23 on wlan0 to 192.17.2.20 port 67
Sep 12 10:41:07 skulkrn2 dhclient: DHCPACK of 192.17.190.23 from 192.17.2.20
Sep 12 10:41:07 skulkrn2 dhclient: bound to 192.17.190.23 -- renewal in 446 seconds.
Sep 12 10:41:27 skulkrn2 kernel: [ 2146.357017] ideapad_laptop: Unknown event: 1
Sep 12 10:41:50 skulkrn2 kernel: [ 2169.456025] ideapad_laptop: Unknown event: 1
Sep 12 10:42:13 skulkrn2 kernel: [ 2192.196132] ideapad_laptop: Unknown event: 1
Sep 12 10:42:35 skulkrn2 kernel: [ 2214.860334] ideapad_laptop: Unknown event: 1
Sep 12 10:42:58 skulkrn2 kernel: [ 2237.524773] ideapad_laptop: Unknown event: 1
Sep 12 10:43:21 skulkrn2 kernel: [ 2260.238383] ideapad_laptop: Unknown event: 1
Sep 12 10:43:44 skulkrn2 kernel: [ 2282.902443] ideapad_laptop: Unknown event: 1
Sep 12 10:44:06 skulkrn2 kernel: [ 2305.562785] ideapad_laptop: Unknown event: 1
Sep 12 10:44:29 skulkrn2 kernel: [ 2328.222672] ideapad_laptop: Unknown event: 1
Sep 12 10:44:52 skulkrn2 kernel: [ 2350.886371] ideapad_laptop: Unknown event: 1
Sep 12 10:45:14 skulkrn2 kernel: [ 2373.549826] ideapad_laptop: Unknown event: 1
Sep 12 10:45:37 skulkrn2 kernel: [ 2396.219128] ideapad_laptop: Unknown event: 1
Sep 12 10:46:00 skulkrn2 kernel: [ 2418.890879] ideapad_laptop: Unknown event: 1
Sep 12 10:46:22 skulkrn2 kernel: [ 2441.561702] ideapad_laptop: Unknown event: 1
Sep 12 10:46:28 skulkrn2 wpa_supplicant[2166]: CTRL-EVENT-DISCONNECTED bssid=0a:06:10:4d:f8:c8 reason=4
Sep 12 10:46:28 skulkrn2 kernel: [ 2447.464512] cfg80211: All devices are disconnected, going to restore regulatory settings
Sep 12 10:46:28 skulkrn2 kernel: [ 2447.464525] cfg80211: Restoring regulatory settings
Sep 12 10:46:28 skulkrn2 kernel: [ 2447.464534] cfg80211: Calling CRDA to update world regulatory domain
Sep 12 10:46:28 skulkrn2 NetworkManager[1967]: <info> (wlan0): supplicant interface state: completed -> disconnected
Sep 12 10:46:28 skulkrn2 kernel: [ 2447.471150] cfg80211: Ignoring regulatory request Set by core since the driver uses its own custom regulatory domain
Sep 12 10:46:28 skulkrn2 kernel: [ 2447.471157] cfg80211: World regulatory domain updated:
Sep 12 10:46:28 skulkrn2 kernel: [ 2447.471159] cfg80211:     (start_freq - end_freq @ bandwidth), (max_antenna_gain, max_eirp)
Sep 12 10:46:28 skulkrn2 kernel: [ 2447.471164] cfg80211:     (2402000 KHz - 2472000 KHz @ 40000 KHz), (300 mBi, 2000 mBm)
Sep 12 10:46:28 skulkrn2 kernel: [ 2447.471169] cfg80211:     (2457000 KHz - 2482000 KHz @ 20000 KHz), (300 mBi, 2000 mBm)
Sep 12 10:46:28 skulkrn2 kernel: [ 2447.471172] cfg80211:     (2474000 KHz - 2494000 KHz @ 20000 KHz), (300 mBi, 2000 mBm)
Sep 12 10:46:28 skulkrn2 kernel: [ 2447.471176] cfg80211:     (5170000 KHz - 5250000 KHz @ 40000 KHz), (300 mBi, 2000 mBm)
Sep 12 10:46:28 skulkrn2 kernel: [ 2447.471180] cfg80211:     (5735000 KHz - 5835000 KHz @ 40000 KHz), (300 mBi, 2000 mBm)
Sep 12 10:46:28 skulkrn2 NetworkManager[1967]: <info> (wlan0): supplicant interface state: disconnected -> scanning
Sep 12 10:46:29 skulkrn2 wpa_supplicant[2166]: Trying to authenticate with 0a:0b:10:4d:f8:c8 (SSID='IllinoisNet' freq=2462 MHz)
Sep 12 10:46:29 skulkrn2 kernel: [ 2447.893795] wlan0: authenticate with 0a:0b:10:4d:f8:c8 (try 1)
Sep 12 10:46:29 skulkrn2 NetworkManager[1967]: <info> (wlan0): supplicant interface state: scanning -> authenticating
Sep 12 10:46:29 skulkrn2 wpa_supplicant[2166]: Trying to associate with 0a:0b:10:4d:f8:c8 (SSID='IllinoisNet' freq=2462 MHz)
Sep 12 10:46:29 skulkrn2 kernel: [ 2447.899978] wlan0: authenticated
Sep 12 10:46:29 skulkrn2 kernel: [ 2447.904748] wlan0: associate with 0a:0b:10:4d:f8:c8 (try 1)
Sep 12 10:46:29 skulkrn2 NetworkManager[1967]: <info> (wlan0): supplicant interface state: authenticating -> associating
Sep 12 10:46:29 skulkrn2 kernel: [ 2447.909183] wlan0: RX ReassocResp from 0a:0b:10:4d:f8:c8 (capab=0xc31 status=0 aid=63)
Sep 12 10:46:29 skulkrn2 kernel: [ 2447.909187] wlan0: associated
Sep 12 10:46:29 skulkrn2 wpa_supplicant[2166]: Associated with 0a:0b:10:4d:f8:c8
Sep 12 10:46:29 skulkrn2 kernel: [ 2447.914499] cfg80211: Calling CRDA for country: US
Sep 12 10:46:29 skulkrn2 kernel: [ 2447.917691] cfg80211: Updating information on frequency 2412 MHz for a 20 MHz width channel with regulatory rule:
Sep 12 10:46:29 skulkrn2 kernel: [ 2447.917694] cfg80211: 2402000 KHz - 2472000 KHz @ 40000 KHz), (300 mBi, 2700 mBm)
Sep 12 10:46:29 skulkrn2 kernel: [ 2447.917695] cfg80211: Updating information on frequency 2417 MHz for a 20 MHz width channel with regulatory rule:
Sep 12 10:46:29 skulkrn2 kernel: [ 2447.917697] cfg80211: 2402000 KHz - 2472000 KHz @ 40000 KHz), (300 mBi, 2700 mBm)
Sep 12 10:46:29 skulkrn2 kernel: [ 2447.917699] cfg80211: Updating information on frequency 2422 MHz for a 20 MHz width channel with regulatory rule:
Sep 12 10:46:29 skulkrn2 kernel: [ 2447.917701] cfg80211: 2402000 KHz - 2472000 KHz @ 40000 KHz), (300 mBi, 2700 mBm)
Sep 12 10:46:29 skulkrn2 kernel: [ 2447.917703] cfg80211: Updating information on frequency 2427 MHz for a 20 MHz width channel with regulatory rule:
Sep 12 10:46:29 skulkrn2 kernel: [ 2447.917704] cfg80211: 2402000 KHz - 2472000 KHz @ 40000 KHz), (300 mBi, 2700 mBm)
Sep 12 10:46:29 skulkrn2 kernel: [ 2447.917706] cfg80211: Updating information on frequency 2432 MHz for a 20 MHz width channel with regulatory rule:
Sep 12 10:46:29 skulkrn2 kernel: [ 2447.917708] cfg80211: 2402000 KHz - 2472000 KHz @ 40000 KHz), (300 mBi, 2700 mBm)
Sep 12 10:46:29 skulkrn2 kernel: [ 2447.917709] cfg80211: Updating information on frequency 2437 MHz for a 20 MHz width channel with regulatory rule:
Sep 12 10:46:29 skulkrn2 kernel: [ 2447.917711] cfg80211: 2402000 KHz - 2472000 KHz @ 40000 KHz), (300 mBi, 2700 mBm)
Sep 12 10:46:29 skulkrn2 kernel: [ 2447.917713] cfg80211: Updating information on frequency 2442 MHz for a 20 MHz width channel with regulatory rule:
Sep 12 10:46:29 skulkrn2 kernel: [ 2447.917714] cfg80211: 2402000 KHz - 2472000 KHz @ 40000 KHz), (300 mBi, 2700 mBm)
Sep 12 10:46:29 skulkrn2 kernel: [ 2447.917716] cfg80211: Updating information on frequency 2447 MHz for a 20 MHz width channel with regulatory rule:
Sep 12 10:46:29 skulkrn2 kernel: [ 2447.917718] cfg80211: 2402000 KHz - 2472000 KHz @ 40000 KHz), (300 mBi, 2700 mBm)
Sep 12 10:46:29 skulkrn2 kernel: [ 2447.917719] cfg80211: Updating information on frequency 2452 MHz for a 20 MHz width channel with regulatory rule:
Sep 12 10:46:29 skulkrn2 kernel: [ 2447.917721] cfg80211: 2402000 KHz - 2472000 KHz @ 40000 KHz), (300 mBi, 2700 mBm)
Sep 12 10:46:29 skulkrn2 kernel: [ 2447.917723] cfg80211: Updating information on frequency 2457 MHz for a 20 MHz width channel with regulatory rule:
Sep 12 10:46:29 skulkrn2 kernel: [ 2447.917725] cfg80211: 2402000 KHz - 2472000 KHz @ 40000 KHz), (300 mBi, 2700 mBm)
Sep 12 10:46:29 skulkrn2 kernel: [ 2447.917726] cfg80211: Updating information on frequency 2462 MHz for a 20 MHz width channel with regulatory rule:
Sep 12 10:46:29 skulkrn2 kernel: [ 2447.917728] cfg80211: 2402000 KHz - 2472000 KHz @ 40000 KHz), (300 mBi, 2700 mBm)
Sep 12 10:46:29 skulkrn2 kernel: [ 2447.917729] cfg80211: Disabling freq 2467 MHz
Sep 12 10:46:29 skulkrn2 kernel: [ 2447.917730] cfg80211: Disabling freq 2472 MHz
Sep 12 10:46:29 skulkrn2 kernel: [ 2447.917733] cfg80211: Regulatory domain changed to country: US
Sep 12 10:46:29 skulkrn2 kernel: [ 2447.917734] cfg80211:     (start_freq - end_freq @ bandwidth), (max_antenna_gain, max_eirp)
Sep 12 10:46:29 skulkrn2 kernel: [ 2447.917736] cfg80211:     (2402000 KHz - 2472000 KHz @ 40000 KHz), (300 mBi, 2700 mBm)
Sep 12 10:46:29 skulkrn2 kernel: [ 2447.917737] cfg80211:     (5170000 KHz - 5250000 KHz @ 40000 KHz), (300 mBi, 1700 mBm)
Sep 12 10:46:29 skulkrn2 kernel: [ 2447.917739] cfg80211:     (5250000 KHz - 5330000 KHz @ 40000 KHz), (300 mBi, 2000 mBm)
Sep 12 10:46:29 skulkrn2 kernel: [ 2447.917741] cfg80211:     (5490000 KHz - 5600000 KHz @ 40000 KHz), (300 mBi, 2000 mBm)
Sep 12 10:46:29 skulkrn2 kernel: [ 2447.917742] cfg80211:     (5650000 KHz - 5710000 KHz @ 40000 KHz), (300 mBi, 2000 mBm)
Sep 12 10:46:29 skulkrn2 kernel: [ 2447.917744] cfg80211:     (5735000 KHz - 5835000 KHz @ 40000 KHz), (300 mBi, 3000 mBm)
Sep 12 10:46:29 skulkrn2 NetworkManager[1967]: <info> (wlan0): supplicant interface state: associating -> associated
Sep 12 10:46:29 skulkrn2 wpa_supplicant[2166]: WPA: Failed to get master session key from EAPOL state machines
Sep 12 10:46:29 skulkrn2 wpa_supplicant[2166]: WPA: Key handshake aborted
Sep 12 10:46:29 skulkrn2 NetworkManager[1967]: <info> (wlan0): supplicant interface state: associated -> 4-way handshake
Sep 12 10:46:29 skulkrn2 wpa_supplicant[2166]: CTRL-EVENT-EAP-STARTED EAP authentication started
Sep 12 10:46:29 skulkrn2 wpa_supplicant[2166]: CTRL-EVENT-EAP-PROPOSED-METHOD vendor=0 method=21
Sep 12 10:46:29 skulkrn2 wpa_supplicant[2166]: CTRL-EVENT-EAP-METHOD EAP vendor 0 method 21 (TTLS) selected
Sep 12 10:46:29 skulkrn2 wpa_supplicant[2166]: CTRL-EVENT-EAP-PEER-CERT depth=1 subject='/C=GB/ST=Greater Manchester/L=Salford/O=COMODO CA Limited/CN=COMODO High-Assurance Secure Server CA'
Sep 12 10:46:29 skulkrn2 wpa_supplicant[2166]: CTRL-EVENT-EAP-PEER-CERT depth=1 subject='/C=GB/ST=Greater Manchester/L=Salford/O=COMODO CA Limited/CN=COMODO High-Assurance Secure Server CA'
Sep 12 10:46:29 skulkrn2 wpa_supplicant[2166]: CTRL-EVENT-EAP-PEER-CERT depth=0 subject='/C=US/postalCode=61801/ST=IL/L=Urbana/street=LEAVE_THIS_FIELD_BLANK/street=LEAVE_THIS_FIELD_BLANK/street=LEAVE_THIS_FIELD_BLANK/O=University of Illinois/OU=Urbana-Champaign Campus/OU=PlatinumSSL/CN=wireless.illinois.edu'
Sep 12 10:46:29 skulkrn2 wpa_supplicant[2166]: EAP-TTLS: Phase 2 MSCHAPV2 authentication succeeded
Sep 12 10:46:29 skulkrn2 wpa_supplicant[2166]: CTRL-EVENT-EAP-SUCCESS EAP authentication completed successfully
Sep 12 10:46:29 skulkrn2 wpa_supplicant[2166]: WPA: Key negotiation completed with 0a:0b:10:4d:f8:c8 [PTK=CCMP GTK=CCMP]
Sep 12 10:46:29 skulkrn2 wpa_supplicant[2166]: CTRL-EVENT-CONNECTED - Connection to 0a:0b:10:4d:f8:c8 completed (reauth) [id=0 id_str=]
Sep 12 10:46:29 skulkrn2 NetworkManager[1967]: <info> (wlan0): supplicant interface state: 4-way handshake -> completed
Sep 12 10:46:31 skulkrn2 NetworkManager[1967]: <info> (wlan0): roamed from BSSID 0A:06:10:4D:F8:C8 (IllinoisNet) to 0A:0B:10:4D:F8:C8 (IllinoisNet)
Sep 12 10:46:45 skulkrn2 kernel: [ 2464.231846] ideapad_laptop: Unknown event: 1
Sep 12 10:47:08 skulkrn2 kernel: [ 2486.895876] ideapad_laptop: Unknown event: 1
Sep 12 10:47:31 skulkrn2 kernel: [ 2509.562448] ideapad_laptop: Unknown event: 1
Sep 12 10:47:53 skulkrn2 kernel: [ 2532.228251] ideapad_laptop: Unknown event: 1
Sep 12 10:48:16 skulkrn2 kernel: [ 2554.892213] ideapad_laptop: Unknown event: 1
Sep 12 10:48:33 skulkrn2 dhclient: DHCPREQUEST of 192.17.190.23 on wlan0 to 192.17.2.20 port 67
Sep 12 10:48:33 skulkrn2 dhclient: DHCPACK of 192.17.190.23 from 192.17.2.20
Sep 12 10:48:33 skulkrn2 dhclient: bound to 192.17.190.23 -- renewal in 416 seconds.
Sep 12 10:48:39 skulkrn2 kernel: [ 2577.772393] ideapad_laptop: Unknown event: 1
Sep 12 10:49:02 skulkrn2 kernel: [ 2601.028703] ideapad_laptop: Unknown event: 1
Sep 12 10:49:25 skulkrn2 kernel: [ 2624.345935] ideapad_laptop: Unknown event: 1
Sep 12 10:49:48 skulkrn2 kernel: [ 2647.110427] ideapad_laptop: Unknown event: 1
Sep 12 10:50:11 skulkrn2 kernel: [ 2669.782091] ideapad_laptop: Unknown event: 1
Sep 12 10:50:34 skulkrn2 kernel: [ 2692.464287] ideapad_laptop: Unknown event: 1
Sep 12 10:50:57 skulkrn2 kernel: [ 2715.325953] ideapad_laptop: Unknown event: 1
Sep 12 10:51:19 skulkrn2 kernel: [ 2737.997922] ideapad_laptop: Unknown event: 1
Sep 12 10:52:05 skulkrn2 kernel: [ 2783.618701] ideapad_laptop: Unknown event: 1
Sep 12 10:52:28 skulkrn2 kernel: [ 2806.314597] ideapad_laptop: Unknown event: 1
Sep 12 10:52:50 skulkrn2 kernel: [ 2829.070950] ideapad_laptop: Unknown event: 1
Sep 12 10:53:13 skulkrn2 kernel: [ 2851.944810] ideapad_laptop: Unknown event: 1
Sep 12 10:53:36 skulkrn2 kernel: [ 2874.841819] ideapad_laptop: Unknown event: 1
Sep 12 10:53:59 skulkrn2 kernel: [ 2897.629129] ideapad_laptop: Unknown event: 1
Sep 12 10:54:22 skulkrn2 kernel: [ 2920.374137] ideapad_laptop: Unknown event: 1
Sep 12 10:54:45 skulkrn2 kernel: [ 2943.402578] ideapad_laptop: Unknown event: 1
Sep 12 10:54:47 skulkrn2 kernel: Kernel logging (proc) stopped.
Sep 12 10:54:47 skulkrn2 rsyslogd: [origin software="rsyslogd" swVersion="5.8.6" x-pid="1936" x-info="http://www.rsyslog.com"] exiting on signal 15.
Sep 12 16:02:09 skulkrn2 kernel: imklog 5.8.6, log source = /proc/kmsg started.
Sep 12 16:02:09 skulkrn2 rsyslogd: [origin software="rsyslogd" swVersion="5.8.6" x-pid="775" x-info="http://www.rsyslog.com"] start
Sep 12 16:02:09 skulkrn2 rsyslogd: rsyslogd's groupid changed to 103
Sep 12 16:02:09 skulkrn2 rsyslogd: rsyslogd's userid changed to 101
Sep 12 16:02:09 skulkrn2 rsyslogd-2039: Could not open output pipe '/dev/xconsole' [try http://www.rsyslog.com/e/2039 ]
Sep 12 16:02:09 skulkrn2 kernel: [    0.000000] Initializing cgroup subsys cpuset
Sep 12 16:02:09 skulkrn2 kernel: [    0.000000] Initializing cgroup subsys cpu
Sep 12 16:02:09 skulkrn2 kernel: [    0.000000] Linux version 3.2.0-30-generic-pae (buildd@aatxe) (gcc version 4.6.3 (Ubuntu/Linaro 4.6.3-1ubuntu5) ) #48-Ubuntu SMP Fri Aug 24 17:14:09 UTC 2012 (Ubuntu 3.2.0-30.48-generic-pae 3.2.27)
Sep 12 16:02:09 skulkrn2 kernel: [    0.000000] KERNEL supported cpus:
Sep 12 16:02:09 skulkrn2 kernel: [    0.000000]   Intel GenuineIntel
Sep 12 16:02:09 skulkrn2 kernel: [    0.000000]   AMD AuthenticAMD
Sep 12 16:02:09 skulkrn2 kernel: [    0.000000]   NSC Geode by NSC
Sep 12 16:02:09 skulkrn2 kernel: [    0.000000]   Cyrix CyrixInstead
Sep 12 16:02:09 skulkrn2 kernel: [    0.000000]   Centaur CentaurHauls
Sep 12 16:02:09 skulkrn2 kernel: [    0.000000]   Transmeta GenuineTMx86
Sep 12 16:02:09 skulkrn2 kernel: [    0.000000]   Transmeta TransmetaCPU
Sep 12 16:02:09 skulkrn2 kernel: [    0.000000]   UMC UMC UMC UMC
Sep 12 16:02:09 skulkrn2 kernel: [    0.000000] BIOS-provided physical RAM map:
Sep 12 16:02:09 skulkrn2 kernel: [    0.000000]  BIOS-e820: 0000000000000000 - 000000000009d800 (usable)
Sep 12 16:02:09 skulkrn2 kernel: [    0.000000]  BIOS-e820: 000000000009d800 - 00000000000a0000 (reserved)
Sep 12 16:02:09 skulkrn2 kernel: [    0.000000]  BIOS-e820: 00000000000e0000 - 0000000000100000 (reserved)
Sep 12 16:02:09 skulkrn2 kernel: [    0.000000]  BIOS-e820: 0000000000100000 - 0000000020000000 (usable)
Sep 12 16:02:09 skulkrn2 kernel: [    0.000000]  BIOS-e820: 0000000020000000 - 0000000020200000 (reserved)
Sep 12 16:02:09 skulkrn2 kernel: [    0.000000]  BIOS-e820: 0000000020200000 - 0000000040004000 (usable)
Sep 12 16:02:09 skulkrn2 kernel: [    0.000000]  BIOS-e820: 0000000040004000 - 0000000040005000 (reserved)
Sep 12 16:02:09 skulkrn2 kernel: [    0.000000]  BIOS-e820: 0000000040005000 - 00000000c626c000 (usable)
Sep 12 16:02:09 skulkrn2 kernel: [    0.000000]  BIOS-e820: 00000000c626c000 - 00000000c646e000 (reserved)
Sep 12 16:02:09 skulkrn2 kernel: [    0.000000]  BIOS-e820: 00000000c646e000 - 00000000d85c8000 (usable)
Sep 12 16:02:09 skulkrn2 kernel: [    0.000000]  BIOS-e820: 00000000d85c8000 - 00000000daeef000 (reserved)
Sep 12 16:02:09 skulkrn2 kernel: [    0.000000]  BIOS-e820: 00000000daeef000 - 00000000daf9f000 (ACPI NVS)
Sep 12 16:02:09 skulkrn2 kernel: [    0.000000]  BIOS-e820: 00000000daf9f000 - 00000000dafff000 (ACPI data)
Sep 12 16:02:09 skulkrn2 kernel: [    0.000000]  BIOS-e820: 00000000dafff000 - 00000000db000000 (usable)
Sep 12 16:02:09 skulkrn2 kernel: [    0.000000]  BIOS-e820: 00000000db000000 - 00000000dfa00000 (reserved)
Sep 12 16:02:09 skulkrn2 kernel: [    0.000000]  BIOS-e820: 00000000f8000000 - 00000000fc000000 (reserved)
Sep 12 16:02:09 skulkrn2 kernel: [    0.000000]  BIOS-e820: 00000000fec00000 - 00000000fec01000 (reserved)
Sep 12 16:02:09 skulkrn2 kernel: [    0.000000]  BIOS-e820: 00000000fed08000 - 00000000fed09000 (reserved)
Sep 12 16:02:09 skulkrn2 kernel: [    0.000000]  BIOS-e820: 00000000fed10000 - 00000000fed1a000 (reserved)
Sep 12 16:02:09 skulkrn2 kernel: [    0.000000]  BIOS-e820: 00000000fed1c000 - 00000000fed20000 (reserved)
Sep 12 16:02:09 skulkrn2 kernel: [    0.000000]  BIOS-e820: 00000000fee00000 - 00000000fee01000 (reserved)
Sep 12 16:02:09 skulkrn2 kernel: [    0.000000]  BIOS-e820: 00000000ff980000 - 0000000100000000 (reserved)
Sep 12 16:02:09 skulkrn2 kernel: [    0.000000]  BIOS-e820: 0000000100000000 - 000000021f600000 (usable)
Sep 12 16:02:09 skulkrn2 kernel: [    0.000000] NX (Execute Disable) protection: active
Sep 12 16:02:09 skulkrn2 kernel: [    0.000000] DMI 2.7 present.
Sep 12 16:02:09 skulkrn2 kernel: [    0.000000] DMI: LENOVO IdeaPad Z580    /Lenovo          , BIOS 5FCN34WW 06/11/2012
Sep 12 16:02:09 skulkrn2 kernel: [    0.000000] e820 update range: 0000000000000000 - 0000000000010000 (usable) ==> (reserved)
Sep 12 16:02:09 skulkrn2 kernel: [    0.000000] e820 remove range: 00000000000a0000 - 0000000000100000 (usable)
Sep 12 16:02:09 skulkrn2 kernel: [    0.000000] last_pfn = 0x21f600 max_arch_pfn = 0x1000000
Sep 12 16:02:09 skulkrn2 kernel: [    0.000000] MTRR default type: uncachable
Sep 12 16:02:09 skulkrn2 kernel: [    0.000000] MTRR fixed ranges enabled:
Sep 12 16:02:09 skulkrn2 kernel: [    0.000000]   00000-9FFFF write-back
Sep 12 16:02:09 skulkrn2 kernel: [    0.000000]   A0000-BFFFF uncachable
Sep 12 16:02:09 skulkrn2 kernel: [    0.000000]   C0000-FFFFF write-protect
Sep 12 16:02:09 skulkrn2 kernel: [    0.000000] MTRR variable ranges enabled:
Sep 12 16:02:09 skulkrn2 kernel: [    0.000000]   0 base 0FF800000 mask FFF800000 write-protect
Sep 12 16:02:09 skulkrn2 kernel: [    0.000000]   1 base 000000000 mask F80000000 write-back
Sep 12 16:02:09 skulkrn2 kernel: [    0.000000]   2 base 080000000 mask FC0000000 write-back
Sep 12 16:02:09 skulkrn2 kernel: [    0.000000]   3 base 0C0000000 mask FE0000000 write-back
Sep 12 16:02:09 skulkrn2 kernel: [    0.000000]   4 base 0DC000000 mask FFC000000 uncachable
Sep 12 16:02:09 skulkrn2 kernel: [    0.000000]   5 base 0DB000000 mask FFF000000 uncachable
Sep 12 16:02:09 skulkrn2 kernel: [    0.000000]   6 base 100000000 mask F00000000 write-back
Sep 12 16:02:09 skulkrn2 kernel: [    0.000000]   7 base 200000000 mask FE0000000 write-back
Sep 12 16:02:09 skulkrn2 kernel: [    0.000000]   8 base 21F800000 mask FFF800000 uncachable
Sep 12 16:02:09 skulkrn2 kernel: [    0.000000]   9 base 21F600000 mask FFFE00000 uncachable
Sep 12 16:02:09 skulkrn2 kernel: [    0.000000] x86 PAT enabled: cpu 0, old 0x7040600070406, new 0x7010600070106
Sep 12 16:02:09 skulkrn2 kernel: [    0.000000] found SMP MP-table at [c00f0130] f0130
Sep 12 16:02:09 skulkrn2 kernel: [    0.000000] initial memory mapped : 0 - 02000000
Sep 12 16:02:09 skulkrn2 kernel: [    0.000000] Base memory trampoline at [c0099000] 99000 size 16384
Sep 12 16:02:09 skulkrn2 kernel: [    0.000000] init_memory_mapping: 0000000000000000-0000000037bfe000
Sep 12 16:02:09 skulkrn2 kernel: [    0.000000]  0000000000 - 0000200000 page 4k
Sep 12 16:02:09 skulkrn2 kernel: [    0.000000]  0000200000 - 0037a00000 page 2M
Sep 12 16:02:09 skulkrn2 kernel: [    0.000000]  0037a00000 - 0037bfe000 page 4k
Sep 12 16:02:09 skulkrn2 kernel: [    0.000000] kernel direct mapping tables up to 37bfe000 @ 1ffb000-2000000
Sep 12 16:02:09 skulkrn2 kernel: [    0.000000] RAMDISK: 364f2000 - 37271000
Sep 12 16:02:09 skulkrn2 kernel: [    0.000000] ACPI: RSDP 000f0150 00024 (v02 LENOVO)
Sep 12 16:02:09 skulkrn2 kernel: [    0.000000] ACPI: XSDT daffe170 00094 (v01 LENOVO CB-01    06040000  LTP 00000000)
Sep 12 16:02:09 skulkrn2 kernel: [    0.000000] ACPI: FACP dafee000 000F4 (v03 LENOVO CB-01    06040000  LTP 00000000)
Sep 12 16:02:09 skulkrn2 kernel: [    0.000000] ACPI: DSDT daff1000 0AD40 (v02 LENOVO  IVB-CPT 00000000 INTL 20061109)
Sep 12 16:02:09 skulkrn2 kernel: [    0.000000] ACPI: FACS daf78000 00040
Sep 12 16:02:09 skulkrn2 kernel: [    0.000000] ACPI: SLIC daffd000 00176 (v01 LENOVO CB-01    06040000  LTP 00000000)
Sep 12 16:02:09 skulkrn2 kernel: [    0.000000] ACPI: SSDT daffc000 0052F (v01 LENOVO PtidDevc 00001000 INTL 20061109)
Sep 12 16:02:09 skulkrn2 kernel: [    0.000000] ACPI: ASF! daff0000 000A5 (v32 LENOVO CB-01    06040000  LTP 00000000)
Sep 12 16:02:09 skulkrn2 kernel: [    0.000000] ACPI: HPET dafed000 00038 (v01 LENOVO CB-01    06040000  LTP 00000000)
Sep 12 16:02:09 skulkrn2 kernel: [    0.000000] ACPI: APIC dafec000 00098 (v01 LENOVO CB-01    06040000  LTP 00000000)
Sep 12 16:02:09 skulkrn2 kernel: [    0.000000] ACPI: MCFG dafeb000 0003C (v01 LENOVO CB-01    06040000  LTP 00000000)
Sep 12 16:02:09 skulkrn2 kernel: [    0.000000] ACPI: FPDT dafea000 00064 (v01 LENOVO CB-01    06040000  LTP 00000000)
Sep 12 16:02:09 skulkrn2 kernel: [    0.000000] ACPI: SSDT dafe9000 00860 (v01  PmRef  Cpu0Ist 00003000 INTL 20061109)
Sep 12 16:02:09 skulkrn2 kernel: [    0.000000] ACPI: SSDT dafe8000 00A92 (v01  PmRef    CpuPm 00003000 INTL 20061109)
Sep 12 16:02:09 skulkrn2 kernel: [    0.000000] ACPI: UEFI dafe7000 0003E (v01 LENOVO CB-01    06040000  LTP 00000000)
Sep 12 16:02:09 skulkrn2 kernel: [    0.000000] ACPI: UEFI dafe6000 00042 (v01 PTL      COMBUF 00000001 PTL  00000001)
Sep 12 16:02:09 skulkrn2 kernel: [    0.000000] ACPI: POAT dafe5000 00055 (v03 LENOVO CB-01    06040000  LTP 00000000)
Sep 12 16:02:09 skulkrn2 kernel: [    0.000000] ACPI: UEFI dafe4000 002BA (v01 LENOVO CB-01    06040000  LTP 00000000)
Sep 12 16:02:09 skulkrn2 kernel: [    0.000000] ACPI: Local APIC address 0xfee00000
Sep 12 16:02:09 skulkrn2 kernel: [    0.000000] 7802MB HIGHMEM available.
Sep 12 16:02:09 skulkrn2 kernel: [    0.000000] 891MB LOWMEM available.
Sep 12 16:02:09 skulkrn2 kernel: [    0.000000]   mapped low ram: 0 - 37bfe000
Sep 12 16:02:09 skulkrn2 kernel: [    0.000000]   low ram: 0 - 37bfe000
Sep 12 16:02:09 skulkrn2 kernel: [    0.000000] Zone PFN ranges:
Sep 12 16:02:09 skulkrn2 kernel: [    0.000000]   DMA      0x00000010 -> 0x00001000
Sep 12 16:02:09 skulkrn2 kernel: [    0.000000]   Normal   0x00001000 -> 0x00037bfe
Sep 12 16:02:09 skulkrn2 kernel: [    0.000000]   HighMem  0x00037bfe -> 0x0021f600
Sep 12 16:02:09 skulkrn2 kernel: [    0.000000] Movable zone start PFN for each node
Sep 12 16:02:09 skulkrn2 kernel: [    0.000000] early_node_map[7] active PFN ranges
Sep 12 16:02:09 skulkrn2 kernel: [    0.000000]     0: 0x00000010 -> 0x0000009d
Sep 12 16:02:09 skulkrn2 kernel: [    0.000000]     0: 0x00000100 -> 0x00020000
Sep 12 16:02:09 skulkrn2 kernel: [    0.000000]     0: 0x00020200 -> 0x00040004
Sep 12 16:02:09 skulkrn2 kernel: [    0.000000]     0: 0x00040005 -> 0x000c626c
Sep 12 16:02:09 skulkrn2 kernel: [    0.000000]     0: 0x000c646e -> 0x000d85c8
Sep 12 16:02:09 skulkrn2 kernel: [    0.000000]     0: 0x000dafff -> 0x000db000
Sep 12 16:02:09 skulkrn2 kernel: [    0.000000]     0: 0x00100000 -> 0x0021f600
Sep 12 16:02:09 skulkrn2 kernel: [    0.000000] On node 0 totalpages: 2062163
Sep 12 16:02:09 skulkrn2 kernel: [    0.000000] free_area_init_node: node 0, pgdat c1868a80, node_mem_map f2102200
Sep 12 16:02:09 skulkrn2 kernel: [    0.000000]   DMA zone: 32 pages used for memmap
Sep 12 16:02:09 skulkrn2 kernel: [    0.000000]   DMA zone: 0 pages reserved
Sep 12 16:02:09 skulkrn2 kernel: [    0.000000]   DMA zone: 3949 pages, LIFO batch:0
Sep 12 16:02:09 skulkrn2 kernel: [    0.000000]   Normal zone: 1752 pages used for memmap
Sep 12 16:02:09 skulkrn2 kernel: [    0.000000]   Normal zone: 221990 pages, LIFO batch:31
Sep 12 16:02:09 skulkrn2 kernel: [    0.000000]   HighMem zone: 15605 pages used for memmap
Sep 12 16:02:09 skulkrn2 kernel: [    0.000000]   HighMem zone: 1818835 pages, LIFO batch:31
Sep 12 16:02:09 skulkrn2 kernel: [    0.000000] Using APIC driver default
Sep 12 16:02:09 skulkrn2 kernel: [    0.000000] ACPI: PM-Timer IO Port: 0x408
Sep 12 16:02:09 skulkrn2 kernel: [    0.000000] ACPI: Local APIC address 0xfee00000
Sep 12 16:02:09 skulkrn2 kernel: [    0.000000] ACPI: LAPIC (acpi_id[0x01] lapic_id[0x00] enabled)
Sep 12 16:02:09 skulkrn2 kernel: [    0.000000] ACPI: LAPIC (acpi_id[0x02] lapic_id[0x01] enabled)
Sep 12 16:02:09 skulkrn2 kernel: [    0.000000] ACPI: LAPIC (acpi_id[0x03] lapic_id[0x02] enabled)
Sep 12 16:02:09 skulkrn2 kernel: [    0.000000] ACPI: LAPIC (acpi_id[0x04] lapic_id[0x03] enabled)
Sep 12 16:02:09 skulkrn2 kernel: [    0.000000] ACPI: LAPIC (acpi_id[0x05] lapic_id[0x04] enabled)
Sep 12 16:02:09 skulkrn2 kernel: [    0.000000] ACPI: LAPIC (acpi_id[0x06] lapic_id[0x05] enabled)
Sep 12 16:02:09 skulkrn2 kernel: [    0.000000] ACPI: LAPIC (acpi_id[0x07] lapic_id[0x06] enabled)
Sep 12 16:02:09 skulkrn2 kernel: [    0.000000] ACPI: LAPIC (acpi_id[0x08] lapic_id[0x07] enabled)
Sep 12 16:02:09 skulkrn2 kernel: [    0.000000] ACPI: LAPIC_NMI (acpi_id[0x00] high edge lint[0x1])
Sep 12 16:02:09 skulkrn2 kernel: [    0.000000] ACPI: LAPIC_NMI (acpi_id[0x01] high edge lint[0x1])
Sep 12 16:02:09 skulkrn2 kernel: [    0.000000] ACPI: IOAPIC (id[0x02] address[0xfec00000] gsi_base[0])
Sep 12 16:02:09 skulkrn2 kernel: [    0.000000] IOAPIC[0]: apic_id 2, version 32, address 0xfec00000, GSI 0-23
Sep 12 16:02:09 skulkrn2 kernel: [    0.000000] ACPI: INT_SRC_OVR (bus 0 bus_irq 0 global_irq 2 dfl dfl)
Sep 12 16:02:09 skulkrn2 kernel: [    0.000000] ACPI: INT_SRC_OVR (bus 0 bus_irq 9 global_irq 9 high level)
Sep 12 16:02:09 skulkrn2 kernel: [    0.000000] ACPI: IRQ0 used by override.
Sep 12 16:02:09 skulkrn2 kernel: [    0.000000] ACPI: IRQ2 used by override.
Sep 12 16:02:09 skulkrn2 kernel: [    0.000000] ACPI: IRQ9 used by override.
Sep 12 16:02:09 skulkrn2 kernel: [    0.000000] Using ACPI (MADT) for SMP configuration information
Sep 12 16:02:09 skulkrn2 kernel: [    0.000000] ACPI: HPET id: 0x8086a301 base: 0xfed00000
Sep 12 16:02:09 skulkrn2 kernel: [    0.000000] SMP: Allowing 8 CPUs, 0 hotplug CPUs
Sep 12 16:02:09 skulkrn2 kernel: [    0.000000] nr_irqs_gsi: 40
Sep 12 16:02:09 skulkrn2 kernel: [    0.000000] PM: Registered nosave memory: 000000000009d000 - 000000000009e000
Sep 12 16:02:09 skulkrn2 kernel: [    0.000000] PM: Registered nosave memory: 000000000009e000 - 00000000000a0000
Sep 12 16:02:09 skulkrn2 kernel: [    0.000000] PM: Registered nosave memory: 00000000000a0000 - 00000000000e0000
Sep 12 16:02:09 skulkrn2 kernel: [    0.000000] PM: Registered nosave memory: 00000000000e0000 - 0000000000100000
Sep 12 16:02:09 skulkrn2 kernel: [    0.000000] PM: Registered nosave memory: 0000000020000000 - 0000000020200000
Sep 12 16:02:09 skulkrn2 kernel: [    0.000000] Allocating PCI resources starting at dfa00000 (gap: dfa00000:18600000)
Sep 12 16:02:09 skulkrn2 kernel: [    0.000000] Booting paravirtualized kernel on bare hardware
Sep 12 16:02:09 skulkrn2 kernel: [    0.000000] setup_percpu: NR_CPUS:8 nr_cpumask_bits:8 nr_cpu_ids:8 nr_node_ids:1
Sep 12 16:02:09 skulkrn2 kernel: [    0.000000] PERCPU: Embedded 14 pages/cpu @f7b7a000 s34240 r0 d23104 u57344
Sep 12 16:02:09 skulkrn2 kernel: [    0.000000] pcpu-alloc: s34240 r0 d23104 u57344 alloc=14*4096
Sep 12 16:02:09 skulkrn2 kernel: [    0.000000] pcpu-alloc: [0] 0 [0] 1 [0] 2 [0] 3 [0] 4 [0] 5 [0] 6 [0] 7 
Sep 12 16:02:09 skulkrn2 kernel: [    0.000000] Built 1 zonelists in Zone order, mobility grouping on.  Total pages: 2044774
Sep 12 16:02:09 skulkrn2 kernel: [    0.000000] Kernel command line: BOOT_IMAGE=/boot/vmlinuz-3.2.0-30-generic-pae root=UUID=f106cb81-93f0-45b0-9790-af0dcbf5a295 ro quiet splash vt.handoff=7
Sep 12 16:02:09 skulkrn2 kernel: [    0.000000] PID hash table entries: 4096 (order: 2, 16384 bytes)
Sep 12 16:02:09 skulkrn2 kernel: [    0.000000] Dentry cache hash table entries: 131072 (order: 7, 524288 bytes)
Sep 12 16:02:09 skulkrn2 kernel: [    0.000000] Inode-cache hash table entries: 65536 (order: 6, 262144 bytes)
Sep 12 16:02:09 skulkrn2 kernel: [    0.000000] Initializing CPU#0
Sep 12 16:02:09 skulkrn2 kernel: [    0.000000] xsave/xrstor: enabled xstate_bv 0x7, cntxt size 0x340
Sep 12 16:02:09 skulkrn2 kernel: [    0.000000] allocated 35610368 bytes of page_cgroup
Sep 12 16:02:09 skulkrn2 kernel: [    0.000000] please try 'cgroup_disable=memory' option if you don't want memory cgroups
Sep 12 16:02:09 skulkrn2 kernel: [    0.000000] Initializing HighMem for node 0 (00037bfe:0021f600)
Sep 12 16:02:09 skulkrn2 kernel: [    0.000000] Memory: 8118792k/8902656k available (5818k kernel code, 129860k reserved, 2846k data, 740k init, 7337760k highmem)
Sep 12 16:02:09 skulkrn2 kernel: [    0.000000] virtual kernel memory layout:
Sep 12 16:02:09 skulkrn2 kernel: [    0.000000]     fixmap  : 0xfff16000 - 0xfffff000   ( 932 kB)
Sep 12 16:02:09 skulkrn2 kernel: [    0.000000]     pkmap   : 0xffc00000 - 0xffe00000   (2048 kB)
Sep 12 16:02:09 skulkrn2 kernel: [    0.000000]     vmalloc : 0xf83fe000 - 0xffbfe000   ( 120 MB)
Sep 12 16:02:09 skulkrn2 kernel: [    0.000000]     lowmem  : 0xc0000000 - 0xf7bfe000   ( 891 MB)
Sep 12 16:02:09 skulkrn2 kernel: [    0.000000]       .init : 0xc1877000 - 0xc1930000   ( 740 kB)
Sep 12 16:02:09 skulkrn2 kernel: [    0.000000]       .data : 0xc15ae87c - 0xc1876280   (2846 kB)
Sep 12 16:02:09 skulkrn2 kernel: [    0.000000]       .text : 0xc1000000 - 0xc15ae87c   (5818 kB)
Sep 12 16:02:09 skulkrn2 kernel: [    0.000000] Checking if this processor honours the WP bit even in supervisor mode...Ok.
Sep 12 16:02:09 skulkrn2 kernel: [    0.000000] SLUB: Genslabs=15, HWalign=64, Order=0-3, MinObjects=0, CPUs=8, Nodes=1
Sep 12 16:02:09 skulkrn2 kernel: [    0.000000] Hierarchical RCU implementation.
Sep 12 16:02:09 skulkrn2 kernel: [    0.000000] 	RCU dyntick-idle grace-period acceleration is enabled.
Sep 12 16:02:09 skulkrn2 kernel: [    0.000000] NR_IRQS:2304 nr_irqs:744 16
Sep 12 16:02:09 skulkrn2 kernel: [    0.000000] CPU 0 irqstacks, hard=f740a000 soft=f740c000
Sep 12 16:02:09 skulkrn2 kernel: [    0.000000] Extended CMOS year: 2000
Sep 12 16:02:09 skulkrn2 kernel: [    0.000000] vt handoff: transparent VT on vt#7
Sep 12 16:02:09 skulkrn2 kernel: [    0.000000] Console: colour dummy device 80x25
Sep 12 16:02:09 skulkrn2 kernel: [    0.000000] console [tty0] enabled
Sep 12 16:02:09 skulkrn2 kernel: [    0.000000] hpet clockevent registered
Sep 12 16:02:09 skulkrn2 kernel: [    0.000000] Fast TSC calibration using PIT
Sep 12 16:02:09 skulkrn2 kernel: [    0.004000] Detected 2095.201 MHz processor.
Sep 12 16:02:09 skulkrn2 kernel: [    0.000001] Calibrating delay loop (skipped), value calculated using timer frequency.. 4190.40 BogoMIPS (lpj=8380804)
Sep 12 16:02:09 skulkrn2 kernel: [    0.000005] pid_max: default: 32768 minimum: 301
Sep 12 16:02:09 skulkrn2 kernel: [    0.000024] Security Framework initialized
Sep 12 16:02:09 skulkrn2 kernel: [    0.000037] AppArmor: AppArmor initialized
Sep 12 16:02:09 skulkrn2 kernel: [    0.000038] Yama: becoming mindful.
Sep 12 16:02:09 skulkrn2 kernel: [    0.000083] Mount-cache hash table entries: 512
Sep 12 16:02:09 skulkrn2 kernel: [    0.000178] Initializing cgroup subsys cpuacct
Sep 12 16:02:09 skulkrn2 kernel: [    0.000184] Initializing cgroup subsys memory
Sep 12 16:02:09 skulkrn2 kernel: [    0.000189] Initializing cgroup subsys devices
Sep 12 16:02:09 skulkrn2 kernel: [    0.000191] Initializing cgroup subsys freezer
Sep 12 16:02:09 skulkrn2 kernel: [    0.000193] Initializing cgroup subsys blkio
Sep 12 16:02:09 skulkrn2 kernel: [    0.000197] Initializing cgroup subsys perf_event
Sep 12 16:02:09 skulkrn2 kernel: [    0.000220] CPU: Physical Processor ID: 0
Sep 12 16:02:09 skulkrn2 kernel: [    0.000222] CPU: Processor Core ID: 0
Sep 12 16:02:09 skulkrn2 kernel: [    0.000226] ENERGY_PERF_BIAS: Set to 'normal', was 'performance'
Sep 12 16:02:09 skulkrn2 kernel: [    0.000228] ENERGY_PERF_BIAS: View and update with x86_energy_perf_policy(8)
Sep 12 16:02:09 skulkrn2 kernel: [    0.001068] mce: CPU supports 9 MCE banks
Sep 12 16:02:09 skulkrn2 kernel: [    0.001083] CPU0: Thermal monitoring enabled (TM1)
Sep 12 16:02:09 skulkrn2 kernel: [    0.001092] using mwait in idle threads.
Sep 12 16:02:09 skulkrn2 kernel: [    0.003517] ACPI: Core revision 20110623
Sep 12 16:02:09 skulkrn2 kernel: [    0.011449] ftrace: allocating 26555 entries in 52 pages
Sep 12 16:02:09 skulkrn2 kernel: [    0.020863] Enabling APIC mode:  Flat.  Using 1 I/O APICs
Sep 12 16:02:09 skulkrn2 kernel: [    0.021268] ..TIMER: vector=0x30 apic1=0 pin1=2 apic2=-1 pin2=-1
Sep 12 16:02:09 skulkrn2 kernel: [    0.060893] CPU0: Intel(R) Core(TM) i7-3612QM CPU @ 2.10GHz stepping 09
Sep 12 16:02:09 skulkrn2 kernel: [    0.167688] Performance Events: PEBS fmt1+, generic architected perfmon, Intel PMU driver.
Sep 12 16:02:09 skulkrn2 kernel: [    0.167694] ... version:                3
Sep 12 16:02:09 skulkrn2 kernel: [    0.167695] ... bit width:              48
Sep 12 16:02:09 skulkrn2 kernel: [    0.167696] ... generic registers:      4
Sep 12 16:02:09 skulkrn2 kernel: [    0.167698] ... value mask:             0000ffffffffffff
Sep 12 16:02:09 skulkrn2 kernel: [    0.167700] ... max period:             000000007fffffff
Sep 12 16:02:09 skulkrn2 kernel: [    0.167701] ... fixed-purpose events:   3
Sep 12 16:02:09 skulkrn2 kernel: [    0.167702] ... event mask:             000000070000000f
Sep 12 16:02:09 skulkrn2 kernel: [    0.167840] NMI watchdog enabled, takes one hw-pmu counter.
Sep 12 16:02:09 skulkrn2 kernel: [    0.167912] CPU 1 irqstacks, hard=f7560000 soft=f7562000
Sep 12 16:02:09 skulkrn2 kernel: [    0.167914] Booting Node   0, Processors  #1
Sep 12 16:02:09 skulkrn2 kernel: [    0.167916] smpboot cpu 1: start_ip = 99000
Sep 12 16:02:09 skulkrn2 kernel: [    0.178353] Initializing CPU#1
Sep 12 16:02:09 skulkrn2 kernel: [    0.276522] NMI watchdog enabled, takes one hw-pmu counter.
Sep 12 16:02:09 skulkrn2 kernel: [    0.276601] CPU 2 irqstacks, hard=f758e000 soft=f7590000
Sep 12 16:02:09 skulkrn2 kernel: [    0.276603]  #2
Sep 12 16:02:09 skulkrn2 kernel: [    0.276604] smpboot cpu 2: start_ip = 99000
Sep 12 16:02:09 skulkrn2 kernel: [    0.286917] Initializing CPU#2
Sep 12 16:02:09 skulkrn2 kernel: [    0.388337] NMI watchdog enabled, takes one hw-pmu counter.
Sep 12 16:02:09 skulkrn2 kernel: [    0.388407] CPU 3 irqstacks, hard=f75a4000 soft=f75a6000
Sep 12 16:02:09 skulkrn2 kernel: [    0.388409]  #3
Sep 12 16:02:09 skulkrn2 kernel: [    0.388411] smpboot cpu 3: start_ip = 99000
Sep 12 16:02:09 skulkrn2 kernel: [    0.398723] Initializing CPU#3
Sep 12 16:02:09 skulkrn2 kernel: [    0.500142] NMI watchdog enabled, takes one hw-pmu counter.
Sep 12 16:02:09 skulkrn2 kernel: [    0.500214] CPU 4 irqstacks, hard=f75be000 soft=f75c0000
Sep 12 16:02:09 skulkrn2 kernel: [    0.500216]  #4
Sep 12 16:02:09 skulkrn2 kernel: [    0.500217] smpboot cpu 4: start_ip = 99000
Sep 12 16:02:09 skulkrn2 kernel: [    0.510531] Initializing CPU#4
Sep 12 16:02:09 skulkrn2 kernel: [    0.612051] NMI watchdog enabled, takes one hw-pmu counter.
Sep 12 16:02:09 skulkrn2 kernel: [    0.612120] CPU 5 irqstacks, hard=f75dc000 soft=f75de000
Sep 12 16:02:09 skulkrn2 kernel: [    0.612122]  #5
Sep 12 16:02:09 skulkrn2 kernel: [    0.612123] smpboot cpu 5: start_ip = 99000
Sep 12 16:02:09 skulkrn2 kernel: [    0.622435] Initializing CPU#5
Sep 12 16:02:09 skulkrn2 kernel: [    0.723852] NMI watchdog enabled, takes one hw-pmu counter.
Sep 12 16:02:09 skulkrn2 kernel: [    0.723919] CPU 6 irqstacks, hard=f75ea000 soft=f75ec000
Sep 12 16:02:09 skulkrn2 kernel: [    0.723921]  #6
Sep 12 16:02:09 skulkrn2 kernel: [    0.723922] smpboot cpu 6: start_ip = 99000
Sep 12 16:02:09 skulkrn2 kernel: [    0.734236] Initializing CPU#6
Sep 12 16:02:09 skulkrn2 kernel: [    0.835654] NMI watchdog enabled, takes one hw-pmu counter.
Sep 12 16:02:09 skulkrn2 kernel: [    0.835726] CPU 7 irqstacks, hard=f761e000 soft=f7620000
Sep 12 16:02:09 skulkrn2 kernel: [    0.835727]  #7 Ok.
Sep 12 16:02:09 skulkrn2 kernel: [    0.835729] smpboot cpu 7: start_ip = 99000
Sep 12 16:02:09 skulkrn2 kernel: [    0.846042] Initializing CPU#7
Sep 12 16:02:09 skulkrn2 kernel: [    0.947465] NMI watchdog enabled, takes one hw-pmu counter.
Sep 12 16:02:09 skulkrn2 kernel: [    0.947491] Brought up 8 CPUs
Sep 12 16:02:09 skulkrn2 kernel: [    0.947493] Total of 8 processors activated (33522.46 BogoMIPS).
Sep 12 16:02:09 skulkrn2 kernel: [    0.956431] devtmpfs: initialized
Sep 12 16:02:09 skulkrn2 kernel: [    0.956534] EVM: security.selinux
Sep 12 16:02:09 skulkrn2 kernel: [    0.956536] EVM: security.SMACK64
Sep 12 16:02:09 skulkrn2 kernel: [    0.956537] EVM: security.capability
Sep 12 16:02:09 skulkrn2 kernel: [    0.956558] PM: Registering ACPI NVS region at daeef000 (720896 bytes)
Sep 12 16:02:09 skulkrn2 kernel: [    0.957524] print_constraints: dummy: 
Sep 12 16:02:09 skulkrn2 kernel: [    0.957555] RTC time: 16:01:43, date: 09/12/12
Sep 12 16:02:09 skulkrn2 kernel: [    0.957588] NET: Registered protocol family 16
Sep 12 16:02:09 skulkrn2 kernel: [    0.957673] EISA bus registered
Sep 12 16:02:09 skulkrn2 kernel: [    0.957680] Trying to unpack rootfs image as initramfs...
Sep 12 16:02:09 skulkrn2 kernel: [    0.957690] ACPI: bus type pci registered
Sep 12 16:02:09 skulkrn2 kernel: [    0.957753] PCI: MMCONFIG for domain 0000 [bus 00-3f] at [mem 0xf8000000-0xfbffffff] (base 0xf8000000)
Sep 12 16:02:09 skulkrn2 kernel: [    0.957757] PCI: MMCONFIG at [mem 0xf8000000-0xfbffffff] reserved in E820
Sep 12 16:02:09 skulkrn2 kernel: [    0.957759] PCI: Using MMCONFIG for extended config space
Sep 12 16:02:09 skulkrn2 kernel: [    0.957760] PCI: Using configuration type 1 for base access
Sep 12 16:02:09 skulkrn2 kernel: [    0.958633] bio: create slab <bio-0> at 0
Sep 12 16:02:09 skulkrn2 kernel: [    0.958696] ACPI: Added _OSI(Module Device)
Sep 12 16:02:09 skulkrn2 kernel: [    0.958698] ACPI: Added _OSI(Processor Device)
Sep 12 16:02:09 skulkrn2 kernel: [    0.958700] ACPI: Added _OSI(3.0 _SCP Extensions)
Sep 12 16:02:09 skulkrn2 kernel: [    0.958702] ACPI: Added _OSI(Processor Aggregator Device)
Sep 12 16:02:09 skulkrn2 kernel: [    0.960931] ACPI: EC: Look up EC in DSDT
Sep 12 16:02:09 skulkrn2 kernel: [    0.963226] ACPI: Executed 2 blocks of module-level executable AML code
Sep 12 16:02:09 skulkrn2 kernel: [    0.966536] [Firmware Bug]: ACPI: BIOS _OSI(Linux) query ignored
Sep 12 16:02:09 skulkrn2 kernel: [    0.966909] ACPI: SSDT dae8e018 0083B (v01  PmRef  Cpu0Cst 00003001 INTL 20061109)
Sep 12 16:02:09 skulkrn2 kernel: [    0.967485] ACPI: Dynamic OEM Table Load:
Sep 12 16:02:09 skulkrn2 kernel: [    0.967488] ACPI: SSDT   (null) 0083B (v01  PmRef  Cpu0Cst 00003001 INTL 20061109)
Sep 12 16:02:09 skulkrn2 kernel: [    0.986634] ACPI: SSDT dae8fa98 00303 (v01  PmRef    ApIst 00003000 INTL 20061109)
Sep 12 16:02:09 skulkrn2 kernel: [    0.987236] ACPI: Dynamic OEM Table Load:
Sep 12 16:02:09 skulkrn2 kernel: [    0.987238] ACPI: SSDT   (null) 00303 (v01  PmRef    ApIst 00003000 INTL 20061109)
Sep 12 16:02:09 skulkrn2 kernel: [    1.018461] ACPI: SSDT dae8dd98 00119 (v01  PmRef    ApCst 00003000 INTL 20061109)
Sep 12 16:02:09 skulkrn2 kernel: [    1.019031] ACPI: Dynamic OEM Table Load:
Sep 12 16:02:09 skulkrn2 kernel: [    1.019033] ACPI: SSDT   (null) 00119 (v01  PmRef    ApCst 00003000 INTL 20061109)
Sep 12 16:02:09 skulkrn2 kernel: [    1.238812] Freeing initrd memory: 13820k freed
Sep 12 16:02:09 skulkrn2 kernel: [    1.858204] ACPI: Interpreter enabled
Sep 12 16:02:09 skulkrn2 kernel: [    1.858212] ACPI: (supports S0 S1 S3 S4 S5)
Sep 12 16:02:09 skulkrn2 kernel: [    1.858241] ACPI: Using IOAPIC for interrupt routing
Sep 12 16:02:09 skulkrn2 kernel: [    1.866014] ACPI: EC: GPE = 0x17, I/O: command/status = 0x66, data = 0x62
Sep 12 16:02:09 skulkrn2 kernel: [    1.866219] ACPI: No dock devices found.
Sep 12 16:02:09 skulkrn2 kernel: [    1.866221] HEST: Table not found.
Sep 12 16:02:09 skulkrn2 kernel: [    1.866225] PCI: Using host bridge windows from ACPI; if necessary, use "pci=nocrs" and report a bug
Sep 12 16:02:09 skulkrn2 kernel: [    1.866557] \_SB_.PCI0:_OSC invalid UUID
Sep 12 16:02:09 skulkrn2 kernel: [    1.866559] _OSC request data:1 8 1f 
Sep 12 16:02:09 skulkrn2 kernel: [    1.866563] ACPI: PCI Root Bridge [PCI0] (domain 0000 [bus 00-3e])
Sep 12 16:02:09 skulkrn2 kernel: [    1.867099] pci_root PNP0A08:00: host bridge window [io  0x0000-0x0cf7]
Sep 12 16:02:09 skulkrn2 kernel: [    1.867102] pci_root PNP0A08:00: host bridge window [io  0x0d00-0xffff]
Sep 12 16:02:09 skulkrn2 kernel: [    1.867104] pci_root PNP0A08:00: host bridge window [mem 0x000a0000-0x000bffff]
Sep 12 16:02:09 skulkrn2 kernel: [    1.867107] pci_root PNP0A08:00: host bridge window [mem 0xdfa00000-0xfeafffff]
Sep 12 16:02:09 skulkrn2 kernel: [    1.867110] pci_root PNP0A08:00: host bridge window [mem 0xfed40000-0xfed44fff]
Sep 12 16:02:09 skulkrn2 kernel: [    1.867122] pci 0000:00:00.0: [8086:0154] type 0 class 0x000600
Sep 12 16:02:09 skulkrn2 kernel: [    1.867164] pci 0000:00:02.0: [8086:0166] type 0 class 0x000300
Sep 12 16:02:09 skulkrn2 kernel: [    1.867176] pci 0000:00:02.0: reg 10: [mem 0xf0000000-0xf03fffff 64bit]
Sep 12 16:02:09 skulkrn2 kernel: [    1.867184] pci 0000:00:02.0: reg 18: [mem 0xe0000000-0xefffffff 64bit pref]
Sep 12 16:02:09 skulkrn2 kernel: [    1.867189] pci 0000:00:02.0: reg 20: [io  0x3000-0x303f]
Sep 12 16:02:09 skulkrn2 kernel: [    1.867250] pci 0000:00:14.0: [8086:1e31] type 0 class 0x000c03
Sep 12 16:02:09 skulkrn2 kernel: [    1.867276] pci 0000:00:14.0: reg 10: [mem 0xf0600000-0xf060ffff 64bit]
Sep 12 16:02:09 skulkrn2 kernel: [    1.867356] pci 0000:00:14.0: PME# supported from D3hot D3cold
Sep 12 16:02:09 skulkrn2 kernel: [    1.867361] pci 0000:00:14.0: PME# disabled
Sep 12 16:02:09 skulkrn2 kernel: [    1.867386] pci 0000:00:16.0: [8086:1e3a] type 0 class 0x000780
Sep 12 16:02:09 skulkrn2 kernel: [    1.867413] pci 0000:00:16.0: reg 10: [mem 0xf0615000-0xf061500f 64bit]
Sep 12 16:02:09 skulkrn2 kernel: [    1.867496] pci 0000:00:16.0: PME# supported from D0 D3hot D3cold
Sep 12 16:02:09 skulkrn2 kernel: [    1.867501] pci 0000:00:16.0: PME# disabled
Sep 12 16:02:09 skulkrn2 kernel: [    1.867538] pci 0000:00:1a.0: [8086:1e2d] type 0 class 0x000c03
Sep 12 16:02:09 skulkrn2 kernel: [    1.867561] pci 0000:00:1a.0: reg 10: [mem 0xf0619000-0xf06193ff]
Sep 12 16:02:09 skulkrn2 kernel: [    1.867661] pci 0000:00:1a.0: PME# supported from D0 D3hot D3cold
Sep 12 16:02:09 skulkrn2 kernel: [    1.867666] pci 0000:00:1a.0: PME# disabled
Sep 12 16:02:09 skulkrn2 kernel: [    1.867693] pci 0000:00:1b.0: [8086:1e20] type 0 class 0x000403
Sep 12 16:02:09 skulkrn2 kernel: [    1.867711] pci 0000:00:1b.0: reg 10: [mem 0xf0610000-0xf0613fff 64bit]
Sep 12 16:02:09 skulkrn2 kernel: [    1.867789] pci 0000:00:1b.0: PME# supported from D0 D3hot D3cold
Sep 12 16:02:09 skulkrn2 kernel: [    1.867793] pci 0000:00:1b.0: PME# disabled
Sep 12 16:02:09 skulkrn2 kernel: [    1.867818] pci 0000:00:1c.0: [8086:1e10] type 1 class 0x000604
Sep 12 16:02:09 skulkrn2 kernel: [    1.867907] pci 0000:00:1c.0: PME# supported from D0 D3hot D3cold
Sep 12 16:02:09 skulkrn2 kernel: [    1.867912] pci 0000:00:1c.0: PME# disabled
Sep 12 16:02:09 skulkrn2 kernel: [    1.867938] pci 0000:00:1c.1: [8086:1e12] type 1 class 0x000604
Sep 12 16:02:09 skulkrn2 kernel: [    1.868027] pci 0000:00:1c.1: PME# supported from D0 D3hot D3cold
Sep 12 16:02:09 skulkrn2 kernel: [    1.868031] pci 0000:00:1c.1: PME# disabled
Sep 12 16:02:09 skulkrn2 kernel: [    1.868058] pci 0000:00:1c.2: [8086:1e14] type 1 class 0x000604
Sep 12 16:02:09 skulkrn2 kernel: [    1.868147] pci 0000:00:1c.2: PME# supported from D0 D3hot D3cold
Sep 12 16:02:09 skulkrn2 kernel: [    1.868152] pci 0000:00:1c.2: PME# disabled
Sep 12 16:02:09 skulkrn2 kernel: [    1.868189] pci 0000:00:1d.0: [8086:1e26] type 0 class 0x000c03
Sep 12 16:02:09 skulkrn2 kernel: [    1.868212] pci 0000:00:1d.0: reg 10: [mem 0xf0618000-0xf06183ff]
Sep 12 16:02:09 skulkrn2 kernel: [    1.868312] pci 0000:00:1d.0: PME# supported from D0 D3hot D3cold
Sep 12 16:02:09 skulkrn2 kernel: [    1.868317] pci 0000:00:1d.0: PME# disabled
Sep 12 16:02:09 skulkrn2 kernel: [    1.868344] pci 0000:00:1f.0: [8086:1e59] type 0 class 0x000601
Sep 12 16:02:09 skulkrn2 kernel: [    1.868481] pci 0000:00:1f.2: [8086:1e03] type 0 class 0x000106
Sep 12 16:02:09 skulkrn2 kernel: [    1.868502] pci 0000:00:1f.2: reg 10: [io  0x3088-0x308f]
Sep 12 16:02:09 skulkrn2 kernel: [    1.868512] pci 0000:00:1f.2: reg 14: [io  0x3094-0x3097]
Sep 12 16:02:09 skulkrn2 kernel: [    1.868521] pci 0000:00:1f.2: reg 18: [io  0x3080-0x3087]
Sep 12 16:02:09 skulkrn2 kernel: [    1.868531] pci 0000:00:1f.2: reg 1c: [io  0x3090-0x3093]
Sep 12 16:02:09 skulkrn2 kernel: [    1.868540] pci 0000:00:1f.2: reg 20: [io  0x3060-0x307f]
Sep 12 16:02:09 skulkrn2 kernel: [    1.868550] pci 0000:00:1f.2: reg 24: [mem 0xf0617000-0xf06177ff]
Sep 12 16:02:09 skulkrn2 kernel: [    1.868601] pci 0000:00:1f.2: PME# supported from D3hot
Sep 12 16:02:09 skulkrn2 kernel: [    1.868606] pci 0000:00:1f.2: PME# disabled
Sep 12 16:02:09 skulkrn2 kernel: [    1.868626] pci 0000:00:1f.3: [8086:1e22] type 0 class 0x000c05
Sep 12 16:02:09 skulkrn2 kernel: [    1.868644] pci 0000:00:1f.3: reg 10: [mem 0xf0614000-0xf06140ff 64bit]
Sep 12 16:02:09 skulkrn2 kernel: [    1.868667] pci 0000:00:1f.3: reg 20: [io  0xefa0-0xefbf]
Sep 12 16:02:09 skulkrn2 kernel: [    1.868749] pci 0000:00:1c.0: PCI bridge to [bus 01-01]
Sep 12 16:02:09 skulkrn2 kernel: [    1.868886] pci 0000:02:00.0: [10ec:8136] type 0 class 0x000200
Sep 12 16:02:09 skulkrn2 kernel: [    1.868955] pci 0000:02:00.0: reg 10: [io  0x2000-0x20ff]
Sep 12 16:02:09 skulkrn2 kernel: [    1.869084] pci 0000:02:00.0: reg 18: [mem 0xf0404000-0xf0404fff 64bit pref]
Sep 12 16:02:09 skulkrn2 kernel: [    1.869156] pci 0000:02:00.0: reg 20: [mem 0xf0400000-0xf0403fff 64bit pref]
Sep 12 16:02:09 skulkrn2 kernel: [    1.869494] pci 0000:02:00.0: supports D1 D2
Sep 12 16:02:09 skulkrn2 kernel: [    1.869495] pci 0000:02:00.0: PME# supported from D0 D1 D2 D3hot D3cold
Sep 12 16:02:09 skulkrn2 kernel: [    1.869510] pci 0000:02:00.0: PME# disabled
Sep 12 16:02:09 skulkrn2 kernel: [    1.877128] pci 0000:00:1c.1: PCI bridge to [bus 02-02]
Sep 12 16:02:09 skulkrn2 kernel: [    1.877133] pci 0000:00:1c.1:   bridge window [io  0x2000-0x2fff]
Sep 12 16:02:09 skulkrn2 kernel: [    1.877143] pci 0000:00:1c.1:   bridge window [mem 0xf0400000-0xf04fffff 64bit pref]
Sep 12 16:02:09 skulkrn2 kernel: [    1.877258] pci 0000:03:00.0: [8086:0891] type 0 class 0x000280
Sep 12 16:02:09 skulkrn2 kernel: [    1.877307] pci 0000:03:00.0: reg 10: [mem 0xf0500000-0xf0501fff 64bit]
Sep 12 16:02:09 skulkrn2 kernel: [    1.877551] pci 0000:03:00.0: PME# supported from D0 D3hot D3cold
Sep 12 16:02:09 skulkrn2 kernel: [    1.877559] pci 0000:03:00.0: PME# disabled
Sep 12 16:02:09 skulkrn2 kernel: [    1.885120] pci 0000:00:1c.2: PCI bridge to [bus 03-03]
Sep 12 16:02:09 skulkrn2 kernel: [    1.885127] pci 0000:00:1c.2:   bridge window [mem 0xf0500000-0xf05fffff]
Sep 12 16:02:09 skulkrn2 kernel: [    1.885152] pci_bus 0000:00: on NUMA node 0
Sep 12 16:02:09 skulkrn2 kernel: [    1.885155] ACPI: PCI Interrupt Routing Table [\_SB_.PCI0._PRT]
Sep 12 16:02:09 skulkrn2 kernel: [    1.885282] ACPI: PCI Interrupt Routing Table [\_SB_.PCI0.RP01._PRT]
Sep 12 16:02:09 skulkrn2 kernel: [    1.885314] ACPI: PCI Interrupt Routing Table [\_SB_.PCI0.RP02._PRT]
Sep 12 16:02:09 skulkrn2 kernel: [    1.885344] ACPI: PCI Interrupt Routing Table [\_SB_.PCI0.RP03._PRT]
Sep 12 16:02:09 skulkrn2 kernel: [    1.885445] \_SB_.PCI0:_OSC invalid UUID
Sep 12 16:02:09 skulkrn2 kernel: [    1.885447] _OSC request data:1 1f 1f 
Sep 12 16:02:09 skulkrn2 kernel: [    1.885451]  pci0000:00: Requesting ACPI _OSC control (0x1d)
Sep 12 16:02:09 skulkrn2 kernel: [    1.885493] \_SB_.PCI0:_OSC invalid UUID
Sep 12 16:02:09 skulkrn2 kernel: [    1.885495] _OSC request data:1 0 1d 
Sep 12 16:02:09 skulkrn2 kernel: [    1.885498]  pci0000:00: ACPI _OSC request failed (AE_ERROR), returned control mask: 0x1d
Sep 12 16:02:09 skulkrn2 kernel: [    1.885500] ACPI _OSC control for PCIe not granted, disabling ASPM
Sep 12 16:02:09 skulkrn2 kernel: [    1.888253] ACPI: PCI Interrupt Link [LNKA] (IRQs 1 3 4 5 6 10 *11 12 14 15)
Sep 12 16:02:09 skulkrn2 kernel: [    1.888301] ACPI: PCI Interrupt Link [LNKB] (IRQs 1 3 4 5 6 *10 11 12 14 15)
Sep 12 16:02:09 skulkrn2 kernel: [    1.888346] ACPI: PCI Interrupt Link [LNKC] (IRQs 1 3 4 5 6 10 11 12 14 15) *7
Sep 12 16:02:09 skulkrn2 kernel: [    1.888392] ACPI: PCI Interrupt Link [LNKD] (IRQs 1 3 4 5 6 10 11 12 14 15) *7
Sep 12 16:02:09 skulkrn2 kernel: [    1.888437] ACPI: PCI Interrupt Link [LNKE] (IRQs 1 3 4 5 6 10 11 12 14 15) *0, disabled.
Sep 12 16:02:09 skulkrn2 kernel: [    1.888483] ACPI: PCI Interrupt Link [LNKF] (IRQs 1 3 4 5 6 10 11 12 14 15) *0, disabled.
Sep 12 16:02:09 skulkrn2 kernel: [    1.888530] ACPI: PCI Interrupt Link [LNKG] (IRQs 1 3 4 5 6 *10 11 12 14 15)
Sep 12 16:02:09 skulkrn2 kernel: [    1.888576] ACPI: PCI Interrupt Link [LNKH] (IRQs 1 3 4 5 6 10 *11 12 14 15)
Sep 12 16:02:09 skulkrn2 kernel: [    1.888675] vgaarb: device added: PCI:0000:00:02.0,decodes=io+mem,owns=io+mem,locks=none
Sep 12 16:02:09 skulkrn2 kernel: [    1.888681] vgaarb: loaded
Sep 12 16:02:09 skulkrn2 kernel: [    1.888683] vgaarb: bridge control possible 0000:00:02.0
Sep 12 16:02:09 skulkrn2 kernel: [    1.888770] i2c-core: driver [aat2870] using legacy suspend method
Sep 12 16:02:09 skulkrn2 kernel: [    1.888771] i2c-core: driver [aat2870] using legacy resume method
Sep 12 16:02:09 skulkrn2 kernel: [    1.888839] SCSI subsystem initialized
Sep 12 16:02:09 skulkrn2 kernel: [    1.888875] libata version 3.00 loaded.
Sep 12 16:02:09 skulkrn2 kernel: [    1.888912] usbcore: registered new interface driver usbfs
Sep 12 16:02:09 skulkrn2 kernel: [    1.888921] usbcore: registered new interface driver hub
Sep 12 16:02:09 skulkrn2 kernel: [    1.888938] usbcore: registered new device driver usb
Sep 12 16:02:09 skulkrn2 kernel: [    1.889006] PCI: Using ACPI for IRQ routing
Sep 12 16:02:09 skulkrn2 kernel: [    1.890712] PCI: pci_cache_line_size set to 64 bytes
Sep 12 16:02:09 skulkrn2 kernel: [    1.890833] reserve RAM buffer: 000000000009d800 - 000000000009ffff 
Sep 12 16:02:09 skulkrn2 kernel: [    1.890835] reserve RAM buffer: 0000000040004000 - 0000000043ffffff 
Sep 12 16:02:09 skulkrn2 kernel: [    1.890837] reserve RAM buffer: 00000000c626c000 - 00000000c7ffffff 
Sep 12 16:02:09 skulkrn2 kernel: [    1.890840] reserve RAM buffer: 00000000d85c8000 - 00000000dbffffff 
Sep 12 16:02:09 skulkrn2 kernel: [    1.890842] reserve RAM buffer: 00000000db000000 - 00000000dbffffff 
Sep 12 16:02:09 skulkrn2 kernel: [    1.890844] reserve RAM buffer: 000000021f600000 - 000000021fffffff 
Sep 12 16:02:09 skulkrn2 kernel: [    1.890927] NetLabel: Initializing
Sep 12 16:02:09 skulkrn2 kernel: [    1.890929] NetLabel:  domain hash size = 128
Sep 12 16:02:09 skulkrn2 kernel: [    1.890930] NetLabel:  protocols = UNLABELED CIPSOv4
Sep 12 16:02:09 skulkrn2 kernel: [    1.890939] NetLabel:  unlabeled traffic allowed by default
Sep 12 16:02:09 skulkrn2 kernel: [    1.890980] hpet0: at MMIO 0xfed00000, IRQs 2, 8, 0, 0, 0, 0, 0, 0
Sep 12 16:02:09 skulkrn2 kernel: [    1.890987] hpet0: 8 comparators, 64-bit 14.318180 MHz counter
Sep 12 16:02:09 skulkrn2 kernel: [    1.892999] Switching to clocksource hpet
Sep 12 16:02:09 skulkrn2 kernel: [    1.899647] AppArmor: AppArmor Filesystem Enabled
Sep 12 16:02:09 skulkrn2 kernel: [    1.899664] pnp: PnP ACPI init
Sep 12 16:02:09 skulkrn2 kernel: [    1.899676] ACPI: bus type pnp registered
Sep 12 16:02:09 skulkrn2 kernel: [    1.899946] pnp 00:00: [bus 00-3e]
Sep 12 16:02:09 skulkrn2 kernel: [    1.899949] pnp 00:00: [io  0x0000-0x0cf7 window]
Sep 12 16:02:09 skulkrn2 kernel: [    1.899951] pnp 00:00: [io  0x0cf8-0x0cff]
Sep 12 16:02:09 skulkrn2 kernel: [    1.899953] pnp 00:00: [io  0x0d00-0xffff window]
Sep 12 16:02:09 skulkrn2 kernel: [    1.899957] pnp 00:00: [mem 0x000a0000-0x000bffff window]
Sep 12 16:02:09 skulkrn2 kernel: [    1.899959] pnp 00:00: [mem 0x000c0000-0x000c3fff window]
Sep 12 16:02:09 skulkrn2 kernel: [    1.899961] pnp 00:00: [mem 0x000c4000-0x000c7fff window]
Sep 12 16:02:09 skulkrn2 kernel: [    1.899963] pnp 00:00: [mem 0x000c8000-0x000cbfff window]
Sep 12 16:02:09 skulkrn2 kernel: [    1.899965] pnp 00:00: [mem 0x000cc000-0x000cffff window]
Sep 12 16:02:09 skulkrn2 kernel: [    1.899967] pnp 00:00: [mem 0x000d0000-0x000d3fff window]
Sep 12 16:02:09 skulkrn2 kernel: [    1.899969] pnp 00:00: [mem 0x000d4000-0x000d7fff window]
Sep 12 16:02:09 skulkrn2 kernel: [    1.899971] pnp 00:00: [mem 0x000d8000-0x000dbfff window]
Sep 12 16:02:09 skulkrn2 kernel: [    1.899973] pnp 00:00: [mem 0x000dc000-0x000dffff window]
Sep 12 16:02:09 skulkrn2 kernel: [    1.899975] pnp 00:00: [mem 0x000e0000-0x000e3fff window]
Sep 12 16:02:09 skulkrn2 kernel: [    1.899977] pnp 00:00: [mem 0x000e4000-0x000e7fff window]
Sep 12 16:02:09 skulkrn2 kernel: [    1.899979] pnp 00:00: [mem 0x000e8000-0x000ebfff window]
Sep 12 16:02:09 skulkrn2 kernel: [    1.899981] pnp 00:00: [mem 0x000ec000-0x000effff window]
Sep 12 16:02:09 skulkrn2 kernel: [    1.899983] pnp 00:00: [mem 0x000f0000-0x000fffff window]
Sep 12 16:02:09 skulkrn2 kernel: [    1.899985] pnp 00:00: [mem 0xdfa00000-0xfeafffff window]
Sep 12 16:02:09 skulkrn2 kernel: [    1.899988] pnp 00:00: [mem 0xfed40000-0xfed44fff window]
Sep 12 16:02:09 skulkrn2 kernel: [    1.900039] pnp 00:00: Plug and Play ACPI device, IDs PNP0a08 PNP0a03 (active)
Sep 12 16:02:09 skulkrn2 kernel: [    1.900052] pnp 00:01: [io  0x0000-0x001f]
Sep 12 16:02:09 skulkrn2 kernel: [    1.900054] pnp 00:01: [io  0x0081-0x0091]
Sep 12 16:02:09 skulkrn2 kernel: [    1.900055] pnp 00:01: [io  0x0093-0x009f]
Sep 12 16:02:09 skulkrn2 kernel: [    1.900057] pnp 00:01: [io  0x00c0-0x00df]
Sep 12 16:02:09 skulkrn2 kernel: [    1.900059] pnp 00:01: [dma 4]
Sep 12 16:02:09 skulkrn2 kernel: [    1.900080] pnp 00:01: Plug and Play ACPI device, IDs PNP0200 (active)
Sep 12 16:02:09 skulkrn2 kernel: [    1.900087] pnp 00:02: [mem 0xff000000-0xffffffff]
Sep 12 16:02:09 skulkrn2 kernel: [    1.900109] pnp 00:02: Plug and Play ACPI device, IDs INT0800 (active)
Sep 12 16:02:09 skulkrn2 kernel: [    1.900172] pnp 00:03: [mem 0xfed00000-0xfed003ff]
Sep 12 16:02:09 skulkrn2 kernel: [    1.900193] pnp 00:03: Plug and Play ACPI device, IDs PNP0103 (active)
Sep 12 16:02:09 skulkrn2 kernel: [    1.900202] pnp 00:04: [io  0x00f0]
Sep 12 16:02:09 skulkrn2 kernel: [    1.900210] pnp 00:04: [irq 13]
