Sep 14 01:15:50 skulkrn2 rsyslogd: [origin software="rsyslogd" swVersion="5.8.6" x-pid="817" x-info="http://www.rsyslog.com"] rsyslogd was HUPed
Sep 14 01:16:08 skulkrn2 anacron[11665]: Job `cron.daily' terminated
Sep 14 01:16:08 skulkrn2 anacron[11665]: Normal exit (1 job run)
Sep 14 01:17:01 skulkrn2 CRON[12640]: (root) CMD (   cd / && run-parts --report /etc/cron.hourly)
Sep 14 01:21:33 skulkrn2 dbus[823]: [system] Activating service name='org.debian.apt' (using servicehelper)
Sep 14 01:21:33 skulkrn2 AptDaemon: INFO: Initializing daemon
Sep 14 01:21:33 skulkrn2 dbus[823]: [system] Successfully activated service 'org.debian.apt'
Sep 14 01:21:33 skulkrn2 AptDaemon.PackageKit: INFO: Initializing PackageKit compat layer
Sep 14 01:21:33 skulkrn2 AptDaemon: INFO: CommitPackages() was called: dbus.Array([dbus.String(u'libframe6'), dbus.String(u'libgeis1'), dbus.String(u'libgrail5')], signature=dbus.Signature('s')), dbus.Array([dbus.String(u'')], signature=dbus.Signature('s')), dbus.Array([dbus.String(u'')], signature=dbus.Signature('s')), dbus.Array([dbus.String(u'')], signature=dbus.Signature('s')), dbus.Array([dbus.String(u'apport'), dbus.String(u'apport-gtk'), dbus.String(u'bind9-host'), dbus.String(u'dnsutils'), dbus.String(u'eog'), dbus.String(u'firefox'), dbus.String(u'firefox-globalmenu'), dbus.String(u'firefox-gnome-support'), dbus.String(u'firefox-locale-en'), dbus.String(u'ginn'), dbus.String(u'gir1.2-totem-1.0'), dbus.String(u'google-talkplugin'), dbus.String(u'libbind9-80'), dbus.String(u'libdns81'), dbus.String(u'libgrip0'), dbus.String(u'libisc83'), dbus.String(u'libisccc80'), dbus.String(u'libisccfg82'), dbus.String(u'liblwres80'), dbus.String(u'libtotem0'), dbus.String(u'python-apport'), dbus.String(u'python-problem-report'), dbus.String(u'totem'), dbus.String(u'totem-common'), dbus.String(u'totem-mozilla'), dbus.String(u'totem-plugins'), dbus.String(u'xserver-xorg-input-synaptics')], signature=dbus.Signature('s')), dbus.Array([dbus.String(u'')], signature=dbus.Signature('s'))
Sep 14 01:21:34 skulkrn2 AptDaemon.Trans: INFO: Queuing transaction /org/debian/apt/transaction/5b3ce6634ce545409997deca35e86794
Sep 14 01:21:38 skulkrn2 AptDaemon.Worker: INFO: Simulating trans: /org/debian/apt/transaction/5b3ce6634ce545409997deca35e86794
Sep 14 01:21:38 skulkrn2 AptDaemon.Worker: INFO: Committing packages: dbus.Array([dbus.String(u'libframe6'), dbus.String(u'libgeis1'), dbus.String(u'libgrail5')], signature=dbus.Signature('s')), dbus.Array([], signature=dbus.Signature('s')), dbus.Array([], signature=dbus.Signature('s')), dbus.Array([], signature=dbus.Signature('s')), dbus.Array([dbus.String(u'apport'), dbus.String(u'apport-gtk'), dbus.String(u'bind9-host'), dbus.String(u'dnsutils'), dbus.String(u'eog'), dbus.String(u'firefox'), dbus.String(u'firefox-globalmenu'), dbus.String(u'firefox-gnome-support'), dbus.String(u'firefox-locale-en'), dbus.String(u'ginn'), dbus.String(u'gir1.2-totem-1.0'), dbus.String(u'google-talkplugin'), dbus.String(u'libbind9-80'), dbus.String(u'libdns81'), dbus.String(u'libgrip0'), dbus.String(u'libisc83'), dbus.String(u'libisccc80'), dbus.String(u'libisccfg82'), dbus.String(u'liblwres80'), dbus.String(u'libtotem0'), dbus.String(u'python-apport'), dbus.String(u'python-problem-report'), dbus.String(u'totem'), dbus.String(u'totem-common'), dbus.String(u'totem-mozilla'), dbus.String(u'totem-plugins'), dbus.String(u'xserver-xorg-input-synaptics')], signature=dbus.Signature('s')), dbus.Array([], signature=dbus.Signature('s'))
Sep 14 01:21:39 skulkrn2 AptDaemon.Worker: INFO: Processing transaction /org/debian/apt/transaction/5b3ce6634ce545409997deca35e86794
Sep 14 01:22:58 skulkrn2 AptDaemon.Worker: INFO: Finished transaction /org/debian/apt/transaction/5b3ce6634ce545409997deca35e86794
Sep 14 01:23:01 skulkrn2 kernel: [24683.409203] xhci_hcd 0000:00:14.0: WARN Event TRB for slot 1 ep 0 with no TDs queued?
Sep 14 01:23:59 skulkrn2 AptDaemon.PackageKit: INFO: Initializing PackageKit transaction
Sep 14 01:23:59 skulkrn2 AptDaemon.Worker: INFO: Simulating trans: /org/debian/apt/transaction/3db344da7b10490aa3971651f5795a09
Sep 14 01:23:59 skulkrn2 AptDaemon.Worker: INFO: Processing transaction /org/debian/apt/transaction/3db344da7b10490aa3971651f5795a09
Sep 14 01:23:59 skulkrn2 AptDaemon.PackageKit: INFO: Get updates()
Sep 14 01:24:00 skulkrn2 AptDaemon.Worker: INFO: Finished transaction /org/debian/apt/transaction/3db344da7b10490aa3971651f5795a09
Sep 14 01:29:34 skulkrn2 AptDaemon: INFO: Quitting due to inactivity
Sep 14 01:29:34 skulkrn2 AptDaemon: INFO: Quitting was requested
Sep 14 02:17:01 skulkrn2 CRON[14510]: (root) CMD (   cd / && run-parts --report /etc/cron.hourly)
Sep 14 02:31:43 skulkrn2 kernel: [28799.459507] ideapad_laptop: Unknown event: 1
Sep 14 02:32:06 skulkrn2 kernel: [28822.597129] ideapad_laptop: Unknown event: 1
Sep 14 02:32:29 skulkrn2 kernel: [28845.712807] ideapad_laptop: Unknown event: 1
Sep 14 02:32:52 skulkrn2 kernel: [28868.523444] ideapad_laptop: Unknown event: 1
Sep 14 02:33:15 skulkrn2 kernel: [28891.319060] ideapad_laptop: Unknown event: 1
Sep 14 02:33:38 skulkrn2 kernel: [28914.268497] ideapad_laptop: Unknown event: 1
Sep 14 02:34:01 skulkrn2 kernel: [28937.180429] ideapad_laptop: Unknown event: 1
Sep 14 02:34:24 skulkrn2 kernel: [28960.022938] ideapad_laptop: Unknown event: 1
Sep 14 02:34:47 skulkrn2 kernel: [28982.997170] ideapad_laptop: Unknown event: 1
Sep 14 02:34:48 skulkrn2 kernel: Kernel logging (proc) stopped.
Sep 14 02:34:48 skulkrn2 rsyslogd: [origin software="rsyslogd" swVersion="5.8.6" x-pid="817" x-info="http://www.rsyslog.com"] exiting on signal 15.
Sep 14 02:35:36 skulkrn2 kernel: imklog 5.8.6, log source = /proc/kmsg started.
Sep 14 02:35:36 skulkrn2 rsyslogd: [origin software="rsyslogd" swVersion="5.8.6" x-pid="869" x-info="http://www.rsyslog.com"] start
Sep 14 02:35:36 skulkrn2 rsyslogd: rsyslogd's groupid changed to 103
Sep 14 02:35:36 skulkrn2 rsyslogd: rsyslogd's userid changed to 101
Sep 14 02:35:36 skulkrn2 rsyslogd-2039: Could not open output pipe '/dev/xconsole' [try http://www.rsyslog.com/e/2039 ]
Sep 14 02:35:36 skulkrn2 kernel: [    0.000000] Initializing cgroup subsys cpuset
Sep 14 02:35:36 skulkrn2 kernel: [    0.000000] Initializing cgroup subsys cpu
Sep 14 02:35:36 skulkrn2 kernel: [    0.000000] Linux version 3.2.0-30-generic-pae (buildd@aatxe) (gcc version 4.6.3 (Ubuntu/Linaro 4.6.3-1ubuntu5) ) #48-Ubuntu SMP Fri Aug 24 17:14:09 UTC 2012 (Ubuntu 3.2.0-30.48-generic-pae 3.2.27)
Sep 14 02:35:36 skulkrn2 kernel: [    0.000000] KERNEL supported cpus:
Sep 14 02:35:36 skulkrn2 kernel: [    0.000000]   Intel GenuineIntel
Sep 14 02:35:36 skulkrn2 kernel: [    0.000000]   AMD AuthenticAMD
Sep 14 02:35:36 skulkrn2 kernel: [    0.000000]   NSC Geode by NSC
Sep 14 02:35:36 skulkrn2 kernel: [    0.000000]   Cyrix CyrixInstead
Sep 14 02:35:36 skulkrn2 kernel: [    0.000000]   Centaur CentaurHauls
Sep 14 02:35:36 skulkrn2 kernel: [    0.000000]   Transmeta GenuineTMx86
Sep 14 02:35:36 skulkrn2 kernel: [    0.000000]   Transmeta TransmetaCPU
Sep 14 02:35:36 skulkrn2 kernel: [    0.000000]   UMC UMC UMC UMC
Sep 14 02:35:36 skulkrn2 kernel: [    0.000000] BIOS-provided physical RAM map:
Sep 14 02:35:36 skulkrn2 kernel: [    0.000000]  BIOS-e820: 0000000000000000 - 000000000009d800 (usable)
Sep 14 02:35:36 skulkrn2 kernel: [    0.000000]  BIOS-e820: 000000000009d800 - 00000000000a0000 (reserved)
Sep 14 02:35:36 skulkrn2 kernel: [    0.000000]  BIOS-e820: 00000000000e0000 - 0000000000100000 (reserved)
Sep 14 02:35:36 skulkrn2 kernel: [    0.000000]  BIOS-e820: 0000000000100000 - 0000000020000000 (usable)
Sep 14 02:35:36 skulkrn2 kernel: [    0.000000]  BIOS-e820: 0000000020000000 - 0000000020200000 (reserved)
Sep 14 02:35:36 skulkrn2 kernel: [    0.000000]  BIOS-e820: 0000000020200000 - 0000000040004000 (usable)
Sep 14 02:35:36 skulkrn2 kernel: [    0.000000]  BIOS-e820: 0000000040004000 - 0000000040005000 (reserved)
Sep 14 02:35:36 skulkrn2 kernel: [    0.000000]  BIOS-e820: 0000000040005000 - 00000000c626c000 (usable)
Sep 14 02:35:36 skulkrn2 kernel: [    0.000000]  BIOS-e820: 00000000c626c000 - 00000000c646e000 (reserved)
Sep 14 02:35:36 skulkrn2 kernel: [    0.000000]  BIOS-e820: 00000000c646e000 - 00000000d85c8000 (usable)
Sep 14 02:35:36 skulkrn2 kernel: [    0.000000]  BIOS-e820: 00000000d85c8000 - 00000000daeef000 (reserved)
Sep 14 02:35:36 skulkrn2 kernel: [    0.000000]  BIOS-e820: 00000000daeef000 - 00000000daf9f000 (ACPI NVS)
Sep 14 02:35:36 skulkrn2 kernel: [    0.000000]  BIOS-e820: 00000000daf9f000 - 00000000dafff000 (ACPI data)
Sep 14 02:35:36 skulkrn2 kernel: [    0.000000]  BIOS-e820: 00000000dafff000 - 00000000db000000 (usable)
Sep 14 02:35:36 skulkrn2 kernel: [    0.000000]  BIOS-e820: 00000000db000000 - 00000000dfa00000 (reserved)
Sep 14 02:35:36 skulkrn2 kernel: [    0.000000]  BIOS-e820: 00000000f8000000 - 00000000fc000000 (reserved)
Sep 14 02:35:36 skulkrn2 kernel: [    0.000000]  BIOS-e820: 00000000fec00000 - 00000000fec01000 (reserved)
Sep 14 02:35:36 skulkrn2 kernel: [    0.000000]  BIOS-e820: 00000000fed08000 - 00000000fed09000 (reserved)
Sep 14 02:35:36 skulkrn2 kernel: [    0.000000]  BIOS-e820: 00000000fed10000 - 00000000fed1a000 (reserved)
Sep 14 02:35:36 skulkrn2 kernel: [    0.000000]  BIOS-e820: 00000000fed1c000 - 00000000fed20000 (reserved)
Sep 14 02:35:36 skulkrn2 kernel: [    0.000000]  BIOS-e820: 00000000fee00000 - 00000000fee01000 (reserved)
Sep 14 02:35:36 skulkrn2 kernel: [    0.000000]  BIOS-e820: 00000000ff980000 - 0000000100000000 (reserved)
Sep 14 02:35:36 skulkrn2 kernel: [    0.000000]  BIOS-e820: 0000000100000000 - 000000021f600000 (usable)
Sep 14 02:35:36 skulkrn2 kernel: [    0.000000] NX (Execute Disable) protection: active
Sep 14 02:35:36 skulkrn2 kernel: [    0.000000] DMI 2.7 present.
Sep 14 02:35:36 skulkrn2 kernel: [    0.000000] DMI: LENOVO IdeaPad Z580    /Lenovo          , BIOS 5FCN34WW 06/11/2012
Sep 14 02:35:36 skulkrn2 kernel: [    0.000000] e820 update range: 0000000000000000 - 0000000000010000 (usable) ==> (reserved)
Sep 14 02:35:36 skulkrn2 kernel: [    0.000000] e820 remove range: 00000000000a0000 - 0000000000100000 (usable)
Sep 14 02:35:36 skulkrn2 kernel: [    0.000000] last_pfn = 0x21f600 max_arch_pfn = 0x1000000
Sep 14 02:35:36 skulkrn2 kernel: [    0.000000] MTRR default type: uncachable
Sep 14 02:35:36 skulkrn2 kernel: [    0.000000] MTRR fixed ranges enabled:
Sep 14 02:35:36 skulkrn2 kernel: [    0.000000]   00000-9FFFF write-back
Sep 14 02:35:36 skulkrn2 kernel: [    0.000000]   A0000-BFFFF uncachable
Sep 14 02:35:36 skulkrn2 kernel: [    0.000000]   C0000-FFFFF write-protect
Sep 14 02:35:36 skulkrn2 kernel: [    0.000000] MTRR variable ranges enabled:
Sep 14 02:35:36 skulkrn2 kernel: [    0.000000]   0 base 0FF800000 mask FFF800000 write-protect
Sep 14 02:35:36 skulkrn2 kernel: [    0.000000]   1 base 000000000 mask F80000000 write-back
Sep 14 02:35:36 skulkrn2 kernel: [    0.000000]   2 base 080000000 mask FC0000000 write-back
Sep 14 02:35:36 skulkrn2 kernel: [    0.000000]   3 base 0C0000000 mask FE0000000 write-back
Sep 14 02:35:36 skulkrn2 kernel: [    0.000000]   4 base 0DC000000 mask FFC000000 uncachable
Sep 14 02:35:36 skulkrn2 kernel: [    0.000000]   5 base 0DB000000 mask FFF000000 uncachable
Sep 14 02:35:36 skulkrn2 kernel: [    0.000000]   6 base 100000000 mask F00000000 write-back
Sep 14 02:35:36 skulkrn2 kernel: [    0.000000]   7 base 200000000 mask FE0000000 write-back
Sep 14 02:35:36 skulkrn2 kernel: [    0.000000]   8 base 21F800000 mask FFF800000 uncachable
Sep 14 02:35:36 skulkrn2 kernel: [    0.000000]   9 base 21F600000 mask FFFE00000 uncachable
Sep 14 02:35:36 skulkrn2 kernel: [    0.000000] x86 PAT enabled: cpu 0, old 0x7040600070406, new 0x7010600070106
Sep 14 02:35:36 skulkrn2 kernel: [    0.000000] found SMP MP-table at [c00f0130] f0130
Sep 14 02:35:36 skulkrn2 kernel: [    0.000000] initial memory mapped : 0 - 02000000
Sep 14 02:35:36 skulkrn2 kernel: [    0.000000] Base memory trampoline at [c0099000] 99000 size 16384
Sep 14 02:35:36 skulkrn2 kernel: [    0.000000] init_memory_mapping: 0000000000000000-0000000037bfe000
Sep 14 02:35:36 skulkrn2 kernel: [    0.000000]  0000000000 - 0000200000 page 4k
Sep 14 02:35:36 skulkrn2 kernel: [    0.000000]  0000200000 - 0037a00000 page 2M
Sep 14 02:35:36 skulkrn2 kernel: [    0.000000]  0037a00000 - 0037bfe000 page 4k
Sep 14 02:35:36 skulkrn2 kernel: [    0.000000] kernel direct mapping tables up to 37bfe000 @ 1ffb000-2000000
Sep 14 02:35:36 skulkrn2 kernel: [    0.000000] RAMDISK: 364f2000 - 37271000
Sep 14 02:35:36 skulkrn2 kernel: [    0.000000] ACPI: RSDP 000f0150 00024 (v02 LENOVO)
Sep 14 02:35:36 skulkrn2 kernel: [    0.000000] ACPI: XSDT daffe170 00094 (v01 LENOVO CB-01    06040000  LTP 00000000)
Sep 14 02:35:36 skulkrn2 kernel: [    0.000000] ACPI: FACP dafee000 000F4 (v03 LENOVO CB-01    06040000  LTP 00000000)
Sep 14 02:35:36 skulkrn2 kernel: [    0.000000] ACPI: DSDT daff1000 0AD40 (v02 LENOVO  IVB-CPT 00000000 INTL 20061109)
Sep 14 02:35:36 skulkrn2 kernel: [    0.000000] ACPI: FACS daf78000 00040
Sep 14 02:35:36 skulkrn2 kernel: [    0.000000] ACPI: SLIC daffd000 00176 (v01 LENOVO CB-01    06040000  LTP 00000000)
Sep 14 02:35:36 skulkrn2 kernel: [    0.000000] ACPI: SSDT daffc000 0052F (v01 LENOVO PtidDevc 00001000 INTL 20061109)
Sep 14 02:35:36 skulkrn2 kernel: [    0.000000] ACPI: ASF! daff0000 000A5 (v32 LENOVO CB-01    06040000  LTP 00000000)
Sep 14 02:35:36 skulkrn2 kernel: [    0.000000] ACPI: HPET dafed000 00038 (v01 LENOVO CB-01    06040000  LTP 00000000)
Sep 14 02:35:36 skulkrn2 kernel: [    0.000000] ACPI: APIC dafec000 00098 (v01 LENOVO CB-01    06040000  LTP 00000000)
Sep 14 02:35:36 skulkrn2 kernel: [    0.000000] ACPI: MCFG dafeb000 0003C (v01 LENOVO CB-01    06040000  LTP 00000000)
Sep 14 02:35:36 skulkrn2 kernel: [    0.000000] ACPI: FPDT dafea000 00064 (v01 LENOVO CB-01    06040000  LTP 00000000)
Sep 14 02:35:36 skulkrn2 kernel: [    0.000000] ACPI: SSDT dafe9000 00860 (v01  PmRef  Cpu0Ist 00003000 INTL 20061109)
Sep 14 02:35:36 skulkrn2 kernel: [    0.000000] ACPI: SSDT dafe8000 00A92 (v01  PmRef    CpuPm 00003000 INTL 20061109)
Sep 14 02:35:36 skulkrn2 kernel: [    0.000000] ACPI: UEFI dafe7000 0003E (v01 LENOVO CB-01    06040000  LTP 00000000)
Sep 14 02:35:36 skulkrn2 kernel: [    0.000000] ACPI: UEFI dafe6000 00042 (v01 PTL      COMBUF 00000001 PTL  00000001)
Sep 14 02:35:36 skulkrn2 kernel: [    0.000000] ACPI: POAT dafe5000 00055 (v03 LENOVO CB-01    06040000  LTP 00000000)
Sep 14 02:35:36 skulkrn2 kernel: [    0.000000] ACPI: UEFI dafe4000 002BA (v01 LENOVO CB-01    06040000  LTP 00000000)
Sep 14 02:35:36 skulkrn2 kernel: [    0.000000] ACPI: Local APIC address 0xfee00000
Sep 14 02:35:36 skulkrn2 kernel: [    0.000000] 7802MB HIGHMEM available.
Sep 14 02:35:36 skulkrn2 kernel: [    0.000000] 891MB LOWMEM available.
Sep 14 02:35:36 skulkrn2 kernel: [    0.000000]   mapped low ram: 0 - 37bfe000
Sep 14 02:35:36 skulkrn2 kernel: [    0.000000]   low ram: 0 - 37bfe000
Sep 14 02:35:36 skulkrn2 kernel: [    0.000000] Zone PFN ranges:
Sep 14 02:35:36 skulkrn2 kernel: [    0.000000]   DMA      0x00000010 -> 0x00001000
Sep 14 02:35:36 skulkrn2 kernel: [    0.000000]   Normal   0x00001000 -> 0x00037bfe
Sep 14 02:35:36 skulkrn2 kernel: [    0.000000]   HighMem  0x00037bfe -> 0x0021f600
Sep 14 02:35:36 skulkrn2 kernel: [    0.000000] Movable zone start PFN for each node
Sep 14 02:35:36 skulkrn2 kernel: [    0.000000] early_node_map[7] active PFN ranges
Sep 14 02:35:36 skulkrn2 kernel: [    0.000000]     0: 0x00000010 -> 0x0000009d
Sep 14 02:35:36 skulkrn2 kernel: [    0.000000]     0: 0x00000100 -> 0x00020000
Sep 14 02:35:36 skulkrn2 kernel: [    0.000000]     0: 0x00020200 -> 0x00040004
Sep 14 02:35:36 skulkrn2 kernel: [    0.000000]     0: 0x00040005 -> 0x000c626c
Sep 14 02:35:36 skulkrn2 kernel: [    0.000000]     0: 0x000c646e -> 0x000d85c8
Sep 14 02:35:36 skulkrn2 kernel: [    0.000000]     0: 0x000dafff -> 0x000db000
Sep 14 02:35:36 skulkrn2 kernel: [    0.000000]     0: 0x00100000 -> 0x0021f600
Sep 14 02:35:36 skulkrn2 kernel: [    0.000000] On node 0 totalpages: 2062163
Sep 14 02:35:36 skulkrn2 kernel: [    0.000000] free_area_init_node: node 0, pgdat c1868a80, node_mem_map f2102200
Sep 14 02:35:36 skulkrn2 kernel: [    0.000000]   DMA zone: 32 pages used for memmap
Sep 14 02:35:36 skulkrn2 kernel: [    0.000000]   DMA zone: 0 pages reserved
Sep 14 02:35:36 skulkrn2 kernel: [    0.000000]   DMA zone: 3949 pages, LIFO batch:0
Sep 14 02:35:36 skulkrn2 kernel: [    0.000000]   Normal zone: 1752 pages used for memmap
Sep 14 02:35:36 skulkrn2 kernel: [    0.000000]   Normal zone: 221990 pages, LIFO batch:31
Sep 14 02:35:36 skulkrn2 kernel: [    0.000000]   HighMem zone: 15605 pages used for memmap
Sep 14 02:35:36 skulkrn2 kernel: [    0.000000]   HighMem zone: 1818835 pages, LIFO batch:31
Sep 14 02:35:36 skulkrn2 kernel: [    0.000000] Using APIC driver default
Sep 14 02:35:36 skulkrn2 kernel: [    0.000000] ACPI: PM-Timer IO Port: 0x408
Sep 14 02:35:36 skulkrn2 kernel: [    0.000000] ACPI: Local APIC address 0xfee00000
Sep 14 02:35:36 skulkrn2 kernel: [    0.000000] ACPI: LAPIC (acpi_id[0x01] lapic_id[0x00] enabled)
Sep 14 02:35:36 skulkrn2 kernel: [    0.000000] ACPI: LAPIC (acpi_id[0x02] lapic_id[0x01] enabled)
Sep 14 02:35:36 skulkrn2 kernel: [    0.000000] ACPI: LAPIC (acpi_id[0x03] lapic_id[0x02] enabled)
Sep 14 02:35:36 skulkrn2 kernel: [    0.000000] ACPI: LAPIC (acpi_id[0x04] lapic_id[0x03] enabled)
Sep 14 02:35:36 skulkrn2 kernel: [    0.000000] ACPI: LAPIC (acpi_id[0x05] lapic_id[0x04] enabled)
Sep 14 02:35:36 skulkrn2 kernel: [    0.000000] ACPI: LAPIC (acpi_id[0x06] lapic_id[0x05] enabled)
Sep 14 02:35:36 skulkrn2 kernel: [    0.000000] ACPI: LAPIC (acpi_id[0x07] lapic_id[0x06] enabled)
Sep 14 02:35:36 skulkrn2 kernel: [    0.000000] ACPI: LAPIC (acpi_id[0x08] lapic_id[0x07] enabled)
Sep 14 02:35:36 skulkrn2 kernel: [    0.000000] ACPI: LAPIC_NMI (acpi_id[0x00] high edge lint[0x1])
Sep 14 02:35:36 skulkrn2 kernel: [    0.000000] ACPI: LAPIC_NMI (acpi_id[0x01] high edge lint[0x1])
Sep 14 02:35:36 skulkrn2 kernel: [    0.000000] ACPI: IOAPIC (id[0x02] address[0xfec00000] gsi_base[0])
Sep 14 02:35:36 skulkrn2 kernel: [    0.000000] IOAPIC[0]: apic_id 2, version 32, address 0xfec00000, GSI 0-23
Sep 14 02:35:36 skulkrn2 kernel: [    0.000000] ACPI: INT_SRC_OVR (bus 0 bus_irq 0 global_irq 2 dfl dfl)
Sep 14 02:35:36 skulkrn2 kernel: [    0.000000] ACPI: INT_SRC_OVR (bus 0 bus_irq 9 global_irq 9 high level)
Sep 14 02:35:36 skulkrn2 kernel: [    0.000000] ACPI: IRQ0 used by override.
Sep 14 02:35:36 skulkrn2 kernel: [    0.000000] ACPI: IRQ2 used by override.
Sep 14 02:35:36 skulkrn2 kernel: [    0.000000] ACPI: IRQ9 used by override.
Sep 14 02:35:36 skulkrn2 kernel: [    0.000000] Using ACPI (MADT) for SMP configuration information
Sep 14 02:35:36 skulkrn2 kernel: [    0.000000] ACPI: HPET id: 0x8086a301 base: 0xfed00000
Sep 14 02:35:36 skulkrn2 kernel: [    0.000000] SMP: Allowing 8 CPUs, 0 hotplug CPUs
Sep 14 02:35:36 skulkrn2 kernel: [    0.000000] nr_irqs_gsi: 40
Sep 14 02:35:36 skulkrn2 kernel: [    0.000000] PM: Registered nosave memory: 000000000009d000 - 000000000009e000
Sep 14 02:35:36 skulkrn2 kernel: [    0.000000] PM: Registered nosave memory: 000000000009e000 - 00000000000a0000
Sep 14 02:35:36 skulkrn2 kernel: [    0.000000] PM: Registered nosave memory: 00000000000a0000 - 00000000000e0000
Sep 14 02:35:36 skulkrn2 kernel: [    0.000000] PM: Registered nosave memory: 00000000000e0000 - 0000000000100000
Sep 14 02:35:36 skulkrn2 kernel: [    0.000000] PM: Registered nosave memory: 0000000020000000 - 0000000020200000
Sep 14 02:35:36 skulkrn2 kernel: [    0.000000] Allocating PCI resources starting at dfa00000 (gap: dfa00000:18600000)
Sep 14 02:35:36 skulkrn2 kernel: [    0.000000] Booting paravirtualized kernel on bare hardware
Sep 14 02:35:36 skulkrn2 kernel: [    0.000000] setup_percpu: NR_CPUS:8 nr_cpumask_bits:8 nr_cpu_ids:8 nr_node_ids:1
Sep 14 02:35:36 skulkrn2 kernel: [    0.000000] PERCPU: Embedded 14 pages/cpu @f7b7a000 s34240 r0 d23104 u57344
Sep 14 02:35:36 skulkrn2 kernel: [    0.000000] pcpu-alloc: s34240 r0 d23104 u57344 alloc=14*4096
Sep 14 02:35:36 skulkrn2 kernel: [    0.000000] pcpu-alloc: [0] 0 [0] 1 [0] 2 [0] 3 [0] 4 [0] 5 [0] 6 [0] 7 
Sep 14 02:35:36 skulkrn2 kernel: [    0.000000] Built 1 zonelists in Zone order, mobility grouping on.  Total pages: 2044774
Sep 14 02:35:36 skulkrn2 kernel: [    0.000000] Kernel command line: BOOT_IMAGE=/boot/vmlinuz-3.2.0-30-generic-pae root=UUID=f106cb81-93f0-45b0-9790-af0dcbf5a295 ro quiet splash vt.handoff=7
Sep 14 02:35:36 skulkrn2 kernel: [    0.000000] PID hash table entries: 4096 (order: 2, 16384 bytes)
Sep 14 02:35:36 skulkrn2 kernel: [    0.000000] Dentry cache hash table entries: 131072 (order: 7, 524288 bytes)
Sep 14 02:35:36 skulkrn2 kernel: [    0.000000] Inode-cache hash table entries: 65536 (order: 6, 262144 bytes)
Sep 14 02:35:36 skulkrn2 kernel: [    0.000000] Initializing CPU#0
Sep 14 02:35:36 skulkrn2 kernel: [    0.000000] xsave/xrstor: enabled xstate_bv 0x7, cntxt size 0x340
Sep 14 02:35:36 skulkrn2 kernel: [    0.000000] allocated 35610368 bytes of page_cgroup
Sep 14 02:35:36 skulkrn2 kernel: [    0.000000] please try 'cgroup_disable=memory' option if you don't want memory cgroups
Sep 14 02:35:36 skulkrn2 kernel: [    0.000000] Initializing HighMem for node 0 (00037bfe:0021f600)
Sep 14 02:35:36 skulkrn2 kernel: [    0.000000] Memory: 8118792k/8902656k available (5818k kernel code, 129860k reserved, 2846k data, 740k init, 7337760k highmem)
Sep 14 02:35:36 skulkrn2 kernel: [    0.000000] virtual kernel memory layout:
Sep 14 02:35:36 skulkrn2 kernel: [    0.000000]     fixmap  : 0xfff16000 - 0xfffff000   ( 932 kB)
Sep 14 02:35:36 skulkrn2 kernel: [    0.000000]     pkmap   : 0xffc00000 - 0xffe00000   (2048 kB)
Sep 14 02:35:36 skulkrn2 kernel: [    0.000000]     vmalloc : 0xf83fe000 - 0xffbfe000   ( 120 MB)
Sep 14 02:35:36 skulkrn2 kernel: [    0.000000]     lowmem  : 0xc0000000 - 0xf7bfe000   ( 891 MB)
Sep 14 02:35:36 skulkrn2 kernel: [    0.000000]       .init : 0xc1877000 - 0xc1930000   ( 740 kB)
Sep 14 02:35:36 skulkrn2 kernel: [    0.000000]       .data : 0xc15ae87c - 0xc1876280   (2846 kB)
Sep 14 02:35:36 skulkrn2 kernel: [    0.000000]       .text : 0xc1000000 - 0xc15ae87c   (5818 kB)
Sep 14 02:35:36 skulkrn2 kernel: [    0.000000] Checking if this processor honours the WP bit even in supervisor mode...Ok.
Sep 14 02:35:36 skulkrn2 kernel: [    0.000000] SLUB: Genslabs=15, HWalign=64, Order=0-3, MinObjects=0, CPUs=8, Nodes=1
Sep 14 02:35:36 skulkrn2 kernel: [    0.000000] Hierarchical RCU implementation.
Sep 14 02:35:36 skulkrn2 kernel: [    0.000000] 	RCU dyntick-idle grace-period acceleration is enabled.
Sep 14 02:35:36 skulkrn2 kernel: [    0.000000] NR_IRQS:2304 nr_irqs:744 16
Sep 14 02:35:36 skulkrn2 kernel: [    0.000000] CPU 0 irqstacks, hard=f740a000 soft=f740c000
Sep 14 02:35:36 skulkrn2 kernel: [    0.000000] Extended CMOS year: 2000
Sep 14 02:35:36 skulkrn2 kernel: [    0.000000] vt handoff: transparent VT on vt#7
Sep 14 02:35:36 skulkrn2 kernel: [    0.000000] Console: colour dummy device 80x25
Sep 14 02:35:36 skulkrn2 kernel: [    0.000000] console [tty0] enabled
Sep 14 02:35:36 skulkrn2 kernel: [    0.000000] hpet clockevent registered
Sep 14 02:35:36 skulkrn2 kernel: [    0.000000] Fast TSC calibration using PIT
Sep 14 02:35:36 skulkrn2 kernel: [    0.004000] Detected 2095.122 MHz processor.
Sep 14 02:35:36 skulkrn2 kernel: [    0.000001] Calibrating delay loop (skipped), value calculated using timer frequency.. 4190.24 BogoMIPS (lpj=8380488)
Sep 14 02:35:36 skulkrn2 kernel: [    0.000006] pid_max: default: 32768 minimum: 301
Sep 14 02:35:36 skulkrn2 kernel: [    0.000025] Security Framework initialized
Sep 14 02:35:36 skulkrn2 kernel: [    0.000038] AppArmor: AppArmor initialized
Sep 14 02:35:36 skulkrn2 kernel: [    0.000039] Yama: becoming mindful.
Sep 14 02:35:36 skulkrn2 kernel: [    0.000083] Mount-cache hash table entries: 512
Sep 14 02:35:36 skulkrn2 kernel: [    0.000179] Initializing cgroup subsys cpuacct
Sep 14 02:35:36 skulkrn2 kernel: [    0.000184] Initializing cgroup subsys memory
Sep 14 02:35:36 skulkrn2 kernel: [    0.000190] Initializing cgroup subsys devices
Sep 14 02:35:36 skulkrn2 kernel: [    0.000192] Initializing cgroup subsys freezer
Sep 14 02:35:36 skulkrn2 kernel: [    0.000193] Initializing cgroup subsys blkio
Sep 14 02:35:36 skulkrn2 kernel: [    0.000198] Initializing cgroup subsys perf_event
Sep 14 02:35:36 skulkrn2 kernel: [    0.000221] CPU: Physical Processor ID: 0
Sep 14 02:35:36 skulkrn2 kernel: [    0.000222] CPU: Processor Core ID: 0
Sep 14 02:35:36 skulkrn2 kernel: [    0.000227] ENERGY_PERF_BIAS: Set to 'normal', was 'performance'
Sep 14 02:35:36 skulkrn2 kernel: [    0.000228] ENERGY_PERF_BIAS: View and update with x86_energy_perf_policy(8)
Sep 14 02:35:36 skulkrn2 kernel: [    0.001069] mce: CPU supports 9 MCE banks
Sep 14 02:35:36 skulkrn2 kernel: [    0.001083] CPU0: Thermal monitoring enabled (TM1)
Sep 14 02:35:36 skulkrn2 kernel: [    0.001090] using mwait in idle threads.
Sep 14 02:35:36 skulkrn2 kernel: [    0.003518] ACPI: Core revision 20110623
Sep 14 02:35:36 skulkrn2 kernel: [    0.011498] ftrace: allocating 26555 entries in 52 pages
Sep 14 02:35:36 skulkrn2 kernel: [    0.020915] Enabling APIC mode:  Flat.  Using 1 I/O APICs
Sep 14 02:35:36 skulkrn2 kernel: [    0.021338] ..TIMER: vector=0x30 apic1=0 pin1=2 apic2=-1 pin2=-1
Sep 14 02:35:36 skulkrn2 kernel: [    0.060961] CPU0: Intel(R) Core(TM) i7-3612QM CPU @ 2.10GHz stepping 09
Sep 14 02:35:36 skulkrn2 kernel: [    0.167689] Performance Events: PEBS fmt1+, generic architected perfmon, Intel PMU driver.
Sep 14 02:35:36 skulkrn2 kernel: [    0.167696] ... version:                3
Sep 14 02:35:36 skulkrn2 kernel: [    0.167697] ... bit width:              48
Sep 14 02:35:36 skulkrn2 kernel: [    0.167698] ... generic registers:      4
Sep 14 02:35:36 skulkrn2 kernel: [    0.167700] ... value mask:             0000ffffffffffff
Sep 14 02:35:36 skulkrn2 kernel: [    0.167701] ... max period:             000000007fffffff
Sep 14 02:35:36 skulkrn2 kernel: [    0.167703] ... fixed-purpose events:   3
Sep 14 02:35:36 skulkrn2 kernel: [    0.167704] ... event mask:             000000070000000f
Sep 14 02:35:36 skulkrn2 kernel: [    0.167842] NMI watchdog enabled, takes one hw-pmu counter.
Sep 14 02:35:36 skulkrn2 kernel: [    0.167913] CPU 1 irqstacks, hard=f7560000 soft=f7562000
Sep 14 02:35:36 skulkrn2 kernel: [    0.167915] Booting Node   0, Processors  #1
Sep 14 02:35:36 skulkrn2 kernel: [    0.167917] smpboot cpu 1: start_ip = 99000
Sep 14 02:35:36 skulkrn2 kernel: [    0.178354] Initializing CPU#1
Sep 14 02:35:36 skulkrn2 kernel: [    0.276520] NMI watchdog enabled, takes one hw-pmu counter.
Sep 14 02:35:36 skulkrn2 kernel: [    0.276599] CPU 2 irqstacks, hard=f758e000 soft=f7590000
Sep 14 02:35:36 skulkrn2 kernel: [    0.276602]  #2
Sep 14 02:35:36 skulkrn2 kernel: [    0.276603] smpboot cpu 2: start_ip = 99000
Sep 14 02:35:36 skulkrn2 kernel: [    0.286915] Initializing CPU#2
Sep 14 02:35:36 skulkrn2 kernel: [    0.388334] NMI watchdog enabled, takes one hw-pmu counter.
Sep 14 02:35:36 skulkrn2 kernel: [    0.388406] CPU 3 irqstacks, hard=f75a4000 soft=f75a6000
Sep 14 02:35:36 skulkrn2 kernel: [    0.388407]  #3
Sep 14 02:35:36 skulkrn2 kernel: [    0.388409] smpboot cpu 3: start_ip = 99000
Sep 14 02:35:36 skulkrn2 kernel: [    0.398720] Initializing CPU#3
Sep 14 02:35:36 skulkrn2 kernel: [    0.500139] NMI watchdog enabled, takes one hw-pmu counter.
Sep 14 02:35:36 skulkrn2 kernel: [    0.500210] CPU 4 irqstacks, hard=f75be000 soft=f75c0000
Sep 14 02:35:36 skulkrn2 kernel: [    0.500212]  #4
Sep 14 02:35:36 skulkrn2 kernel: [    0.500213] smpboot cpu 4: start_ip = 99000
Sep 14 02:35:36 skulkrn2 kernel: [    0.510526] Initializing CPU#4
Sep 14 02:35:36 skulkrn2 kernel: [    0.612042] NMI watchdog enabled, takes one hw-pmu counter.
Sep 14 02:35:36 skulkrn2 kernel: [    0.612112] CPU 5 irqstacks, hard=f75dc000 soft=f75de000
Sep 14 02:35:36 skulkrn2 kernel: [    0.612113]  #5
Sep 14 02:35:36 skulkrn2 kernel: [    0.612115] smpboot cpu 5: start_ip = 99000
Sep 14 02:35:36 skulkrn2 kernel: [    0.622427] Initializing CPU#5
Sep 14 02:35:36 skulkrn2 kernel: [    0.723846] NMI watchdog enabled, takes one hw-pmu counter.
Sep 14 02:35:36 skulkrn2 kernel: [    0.723912] CPU 6 irqstacks, hard=f75ea000 soft=f75ec000
Sep 14 02:35:36 skulkrn2 kernel: [    0.723913]  #6
Sep 14 02:35:36 skulkrn2 kernel: [    0.723915] smpboot cpu 6: start_ip = 99000
Sep 14 02:35:36 skulkrn2 kernel: [    0.734228] Initializing CPU#6
Sep 14 02:35:36 skulkrn2 kernel: [    0.835745] NMI watchdog enabled, takes one hw-pmu counter.
Sep 14 02:35:36 skulkrn2 kernel: [    0.835817] CPU 7 irqstacks, hard=f761e000 soft=f7620000
Sep 14 02:35:36 skulkrn2 kernel: [    0.835819]  #7 Ok.
Sep 14 02:35:36 skulkrn2 kernel: [    0.835820] smpboot cpu 7: start_ip = 99000
Sep 14 02:35:36 skulkrn2 kernel: [    0.846133] Initializing CPU#7
Sep 14 02:35:36 skulkrn2 kernel: [    0.947551] NMI watchdog enabled, takes one hw-pmu counter.
Sep 14 02:35:36 skulkrn2 kernel: [    0.947575] Brought up 8 CPUs
Sep 14 02:35:36 skulkrn2 kernel: [    0.947577] Total of 8 processors activated (33523.48 BogoMIPS).
Sep 14 02:35:36 skulkrn2 kernel: [    0.956527] devtmpfs: initialized
Sep 14 02:35:36 skulkrn2 kernel: [    0.956630] EVM: security.selinux
Sep 14 02:35:36 skulkrn2 kernel: [    0.956632] EVM: security.SMACK64
Sep 14 02:35:36 skulkrn2 kernel: [    0.956633] EVM: security.capability
Sep 14 02:35:36 skulkrn2 kernel: [    0.956654] PM: Registering ACPI NVS region at daeef000 (720896 bytes)
Sep 14 02:35:36 skulkrn2 kernel: [    0.957610] print_constraints: dummy: 
Sep 14 02:35:36 skulkrn2 kernel: [    0.957640] RTC time:  2:35:13, date: 09/14/12
Sep 14 02:35:36 skulkrn2 kernel: [    0.957673] NET: Registered protocol family 16
Sep 14 02:35:36 skulkrn2 kernel: [    0.957758] EISA bus registered
Sep 14 02:35:36 skulkrn2 kernel: [    0.957767] Trying to unpack rootfs image as initramfs...
Sep 14 02:35:36 skulkrn2 kernel: [    0.957775] ACPI: bus type pci registered
Sep 14 02:35:36 skulkrn2 kernel: [    0.957839] PCI: MMCONFIG for domain 0000 [bus 00-3f] at [mem 0xf8000000-0xfbffffff] (base 0xf8000000)
Sep 14 02:35:36 skulkrn2 kernel: [    0.957842] PCI: MMCONFIG at [mem 0xf8000000-0xfbffffff] reserved in E820
Sep 14 02:35:36 skulkrn2 kernel: [    0.957844] PCI: Using MMCONFIG for extended config space
Sep 14 02:35:36 skulkrn2 kernel: [    0.957845] PCI: Using configuration type 1 for base access
Sep 14 02:35:36 skulkrn2 kernel: [    0.958717] bio: create slab <bio-0> at 0
Sep 14 02:35:36 skulkrn2 kernel: [    0.958782] ACPI: Added _OSI(Module Device)
Sep 14 02:35:36 skulkrn2 kernel: [    0.958784] ACPI: Added _OSI(Processor Device)
Sep 14 02:35:36 skulkrn2 kernel: [    0.958786] ACPI: Added _OSI(3.0 _SCP Extensions)
Sep 14 02:35:36 skulkrn2 kernel: [    0.958787] ACPI: Added _OSI(Processor Aggregator Device)
Sep 14 02:35:36 skulkrn2 kernel: [    0.961017] ACPI: EC: Look up EC in DSDT
Sep 14 02:35:36 skulkrn2 kernel: [    0.963311] ACPI: Executed 2 blocks of module-level executable AML code
Sep 14 02:35:36 skulkrn2 kernel: [    0.966623] [Firmware Bug]: ACPI: BIOS _OSI(Linux) query ignored
Sep 14 02:35:36 skulkrn2 kernel: [    0.966996] ACPI: SSDT dae8e018 0083B (v01  PmRef  Cpu0Cst 00003001 INTL 20061109)
Sep 14 02:35:36 skulkrn2 kernel: [    0.967573] ACPI: Dynamic OEM Table Load:
Sep 14 02:35:36 skulkrn2 kernel: [    0.967575] ACPI: SSDT   (null) 0083B (v01  PmRef  Cpu0Cst 00003001 INTL 20061109)
Sep 14 02:35:36 skulkrn2 kernel: [    0.986670] ACPI: SSDT dae8fa98 00303 (v01  PmRef    ApIst 00003000 INTL 20061109)
Sep 14 02:35:36 skulkrn2 kernel: [    0.987272] ACPI: Dynamic OEM Table Load:
Sep 14 02:35:36 skulkrn2 kernel: [    0.987274] ACPI: SSDT   (null) 00303 (v01  PmRef    ApIst 00003000 INTL 20061109)
Sep 14 02:35:36 skulkrn2 kernel: [    1.018497] ACPI: SSDT dae8dd98 00119 (v01  PmRef    ApCst 00003000 INTL 20061109)
Sep 14 02:35:36 skulkrn2 kernel: [    1.019067] ACPI: Dynamic OEM Table Load:
Sep 14 02:35:36 skulkrn2 kernel: [    1.019069] ACPI: SSDT   (null) 00119 (v01  PmRef    ApCst 00003000 INTL 20061109)
Sep 14 02:35:36 skulkrn2 kernel: [    1.238915] Freeing initrd memory: 13820k freed
Sep 14 02:35:36 skulkrn2 kernel: [    1.858265] ACPI: Interpreter enabled
Sep 14 02:35:36 skulkrn2 kernel: [    1.858272] ACPI: (supports S0 S1 S3 S4 S5)
Sep 14 02:35:36 skulkrn2 kernel: [    1.858301] ACPI: Using IOAPIC for interrupt routing
Sep 14 02:35:36 skulkrn2 kernel: [    1.865014] ACPI: EC: GPE = 0x17, I/O: command/status = 0x66, data = 0x62
Sep 14 02:35:36 skulkrn2 kernel: [    1.865222] ACPI: No dock devices found.
Sep 14 02:35:36 skulkrn2 kernel: [    1.865225] HEST: Table not found.
Sep 14 02:35:36 skulkrn2 kernel: [    1.865229] PCI: Using host bridge windows from ACPI; if necessary, use "pci=nocrs" and report a bug
Sep 14 02:35:36 skulkrn2 kernel: [    1.865563] \_SB_.PCI0:_OSC invalid UUID
Sep 14 02:35:36 skulkrn2 kernel: [    1.865565] _OSC request data:1 8 1f 
Sep 14 02:35:36 skulkrn2 kernel: [    1.865569] ACPI: PCI Root Bridge [PCI0] (domain 0000 [bus 00-3e])
Sep 14 02:35:36 skulkrn2 kernel: [    1.866107] pci_root PNP0A08:00: host bridge window [io  0x0000-0x0cf7]
Sep 14 02:35:36 skulkrn2 kernel: [    1.866110] pci_root PNP0A08:00: host bridge window [io  0x0d00-0xffff]
Sep 14 02:35:36 skulkrn2 kernel: [    1.866112] pci_root PNP0A08:00: host bridge window [mem 0x000a0000-0x000bffff]
Sep 14 02:35:36 skulkrn2 kernel: [    1.866115] pci_root PNP0A08:00: host bridge window [mem 0xdfa00000-0xfeafffff]
Sep 14 02:35:36 skulkrn2 kernel: [    1.866117] pci_root PNP0A08:00: host bridge window [mem 0xfed40000-0xfed44fff]
Sep 14 02:35:36 skulkrn2 kernel: [    1.866131] pci 0000:00:00.0: [8086:0154] type 0 class 0x000600
Sep 14 02:35:36 skulkrn2 kernel: [    1.866175] pci 0000:00:02.0: [8086:0166] type 0 class 0x000300
Sep 14 02:35:36 skulkrn2 kernel: [    1.866187] pci 0000:00:02.0: reg 10: [mem 0xf0000000-0xf03fffff 64bit]
Sep 14 02:35:36 skulkrn2 kernel: [    1.866195] pci 0000:00:02.0: reg 18: [mem 0xe0000000-0xefffffff 64bit pref]
Sep 14 02:35:36 skulkrn2 kernel: [    1.866200] pci 0000:00:02.0: reg 20: [io  0x3000-0x303f]
Sep 14 02:35:36 skulkrn2 kernel: [    1.866260] pci 0000:00:14.0: [8086:1e31] type 0 class 0x000c03
Sep 14 02:35:36 skulkrn2 kernel: [    1.866286] pci 0000:00:14.0: reg 10: [mem 0xf0600000-0xf060ffff 64bit]
Sep 14 02:35:36 skulkrn2 kernel: [    1.866365] pci 0000:00:14.0: PME# supported from D3hot D3cold
Sep 14 02:35:36 skulkrn2 kernel: [    1.866371] pci 0000:00:14.0: PME# disabled
Sep 14 02:35:36 skulkrn2 kernel: [    1.866396] pci 0000:00:16.0: [8086:1e3a] type 0 class 0x000780
Sep 14 02:35:36 skulkrn2 kernel: [    1.866422] pci 0000:00:16.0: reg 10: [mem 0xf0615000-0xf061500f 64bit]
Sep 14 02:35:36 skulkrn2 kernel: [    1.866505] pci 0000:00:16.0: PME# supported from D0 D3hot D3cold
Sep 14 02:35:36 skulkrn2 kernel: [    1.866510] pci 0000:00:16.0: PME# disabled
Sep 14 02:35:36 skulkrn2 kernel: [    1.866547] pci 0000:00:1a.0: [8086:1e2d] type 0 class 0x000c03
Sep 14 02:35:36 skulkrn2 kernel: [    1.866571] pci 0000:00:1a.0: reg 10: [mem 0xf0619000-0xf06193ff]
Sep 14 02:35:36 skulkrn2 kernel: [    1.866672] pci 0000:00:1a.0: PME# supported from D0 D3hot D3cold
Sep 14 02:35:36 skulkrn2 kernel: [    1.866677] pci 0000:00:1a.0: PME# disabled
Sep 14 02:35:36 skulkrn2 kernel: [    1.866705] pci 0000:00:1b.0: [8086:1e20] type 0 class 0x000403
Sep 14 02:35:36 skulkrn2 kernel: [    1.866723] pci 0000:00:1b.0: reg 10: [mem 0xf0610000-0xf0613fff 64bit]
Sep 14 02:35:36 skulkrn2 kernel: [    1.866800] pci 0000:00:1b.0: PME# supported from D0 D3hot D3cold
Sep 14 02:35:36 skulkrn2 kernel: [    1.866805] pci 0000:00:1b.0: PME# disabled
Sep 14 02:35:36 skulkrn2 kernel: [    1.866830] pci 0000:00:1c.0: [8086:1e10] type 1 class 0x000604
Sep 14 02:35:36 skulkrn2 kernel: [    1.866918] pci 0000:00:1c.0: PME# supported from D0 D3hot D3cold
Sep 14 02:35:36 skulkrn2 kernel: [    1.866922] pci 0000:00:1c.0: PME# disabled
Sep 14 02:35:36 skulkrn2 kernel: [    1.866947] pci 0000:00:1c.1: [8086:1e12] type 1 class 0x000604
Sep 14 02:35:36 skulkrn2 kernel: [    1.867035] pci 0000:00:1c.1: PME# supported from D0 D3hot D3cold
Sep 14 02:35:36 skulkrn2 kernel: [    1.867040] pci 0000:00:1c.1: PME# disabled
Sep 14 02:35:36 skulkrn2 kernel: [    1.867065] pci 0000:00:1c.2: [8086:1e14] type 1 class 0x000604
Sep 14 02:35:36 skulkrn2 kernel: [    1.867154] pci 0000:00:1c.2: PME# supported from D0 D3hot D3cold
Sep 14 02:35:36 skulkrn2 kernel: [    1.867159] pci 0000:00:1c.2: PME# disabled
Sep 14 02:35:36 skulkrn2 kernel: [    1.867197] pci 0000:00:1d.0: [8086:1e26] type 0 class 0x000c03
Sep 14 02:35:36 skulkrn2 kernel: [    1.867221] pci 0000:00:1d.0: reg 10: [mem 0xf0618000-0xf06183ff]
Sep 14 02:35:36 skulkrn2 kernel: [    1.867321] pci 0000:00:1d.0: PME# supported from D0 D3hot D3cold
Sep 14 02:35:36 skulkrn2 kernel: [    1.867326] pci 0000:00:1d.0: PME# disabled
Sep 14 02:35:36 skulkrn2 kernel: [    1.867352] pci 0000:00:1f.0: [8086:1e59] type 0 class 0x000601
Sep 14 02:35:36 skulkrn2 kernel: [    1.867487] pci 0000:00:1f.2: [8086:1e03] type 0 class 0x000106
Sep 14 02:35:36 skulkrn2 kernel: [    1.867508] pci 0000:00:1f.2: reg 10: [io  0x3088-0x308f]
Sep 14 02:35:36 skulkrn2 kernel: [    1.867518] pci 0000:00:1f.2: reg 14: [io  0x3094-0x3097]
Sep 14 02:35:36 skulkrn2 kernel: [    1.867527] pci 0000:00:1f.2: reg 18: [io  0x3080-0x3087]
Sep 14 02:35:36 skulkrn2 kernel: [    1.867536] pci 0000:00:1f.2: reg 1c: [io  0x3090-0x3093]
Sep 14 02:35:36 skulkrn2 kernel: [    1.867546] pci 0000:00:1f.2: reg 20: [io  0x3060-0x307f]
Sep 14 02:35:36 skulkrn2 kernel: [    1.867556] pci 0000:00:1f.2: reg 24: [mem 0xf0617000-0xf06177ff]
Sep 14 02:35:36 skulkrn2 kernel: [    1.867607] pci 0000:00:1f.2: PME# supported from D3hot
Sep 14 02:35:36 skulkrn2 kernel: [    1.867612] pci 0000:00:1f.2: PME# disabled
Sep 14 02:35:36 skulkrn2 kernel: [    1.867632] pci 0000:00:1f.3: [8086:1e22] type 0 class 0x000c05
Sep 14 02:35:36 skulkrn2 kernel: [    1.867650] pci 0000:00:1f.3: reg 10: [mem 0xf0614000-0xf06140ff 64bit]
Sep 14 02:35:36 skulkrn2 kernel: [    1.867674] pci 0000:00:1f.3: reg 20: [io  0xefa0-0xefbf]
Sep 14 02:35:36 skulkrn2 kernel: [    1.867756] pci 0000:00:1c.0: PCI bridge to [bus 01-01]
Sep 14 02:35:36 skulkrn2 kernel: [    1.867896] pci 0000:02:00.0: [10ec:8136] type 0 class 0x000200
Sep 14 02:35:36 skulkrn2 kernel: [    1.867967] pci 0000:02:00.0: reg 10: [io  0x2000-0x20ff]
Sep 14 02:35:36 skulkrn2 kernel: [    1.868093] pci 0000:02:00.0: reg 18: [mem 0xf0404000-0xf0404fff 64bit pref]
Sep 14 02:35:36 skulkrn2 kernel: [    1.868170] pci 0000:02:00.0: reg 20: [mem 0xf0400000-0xf0403fff 64bit pref]
Sep 14 02:35:36 skulkrn2 kernel: [    1.868508] pci 0000:02:00.0: supports D1 D2
Sep 14 02:35:36 skulkrn2 kernel: [    1.868510] pci 0000:02:00.0: PME# supported from D0 D1 D2 D3hot D3cold
Sep 14 02:35:36 skulkrn2 kernel: [    1.868526] pci 0000:02:00.0: PME# disabled
Sep 14 02:35:36 skulkrn2 kernel: [    1.873204] pci 0000:00:1c.1: PCI bridge to [bus 02-02]
Sep 14 02:35:36 skulkrn2 kernel: [    1.873209] pci 0000:00:1c.1:   bridge window [io  0x2000-0x2fff]
Sep 14 02:35:36 skulkrn2 kernel: [    1.873219] pci 0000:00:1c.1:   bridge window [mem 0xf0400000-0xf04fffff 64bit pref]
Sep 14 02:35:36 skulkrn2 kernel: [    1.873333] pci 0000:03:00.0: [8086:0891] type 0 class 0x000280
Sep 14 02:35:36 skulkrn2 kernel: [    1.873388] pci 0000:03:00.0: reg 10: [mem 0xf0500000-0xf0501fff 64bit]
Sep 14 02:35:36 skulkrn2 kernel: [    1.873626] pci 0000:03:00.0: PME# supported from D0 D3hot D3cold
Sep 14 02:35:36 skulkrn2 kernel: [    1.873635] pci 0000:03:00.0: PME# disabled
Sep 14 02:35:36 skulkrn2 kernel: [    1.881199] pci 0000:00:1c.2: PCI bridge to [bus 03-03]
Sep 14 02:35:36 skulkrn2 kernel: [    1.881206] pci 0000:00:1c.2:   bridge window [mem 0xf0500000-0xf05fffff]
Sep 14 02:35:36 skulkrn2 kernel: [    1.881230] pci_bus 0000:00: on NUMA node 0
Sep 14 02:35:36 skulkrn2 kernel: [    1.881233] ACPI: PCI Interrupt Routing Table [\_SB_.PCI0._PRT]
Sep 14 02:35:36 skulkrn2 kernel: [    1.881361] ACPI: PCI Interrupt Routing Table [\_SB_.PCI0.RP01._PRT]
Sep 14 02:35:36 skulkrn2 kernel: [    1.881393] ACPI: PCI Interrupt Routing Table [\_SB_.PCI0.RP02._PRT]
Sep 14 02:35:36 skulkrn2 kernel: [    1.881424] ACPI: PCI Interrupt Routing Table [\_SB_.PCI0.RP03._PRT]
Sep 14 02:35:36 skulkrn2 kernel: [    1.881525] \_SB_.PCI0:_OSC invalid UUID
Sep 14 02:35:36 skulkrn2 kernel: [    1.881526] _OSC request data:1 1f 1f 
Sep 14 02:35:36 skulkrn2 kernel: [    1.881531]  pci0000:00: Requesting ACPI _OSC control (0x1d)
Sep 14 02:35:36 skulkrn2 kernel: [    1.881572] \_SB_.PCI0:_OSC invalid UUID
Sep 14 02:35:36 skulkrn2 kernel: [    1.881574] _OSC request data:1 0 1d 
Sep 14 02:35:36 skulkrn2 kernel: [    1.881578]  pci0000:00: ACPI _OSC request failed (AE_ERROR), returned control mask: 0x1d
Sep 14 02:35:36 skulkrn2 kernel: [    1.881579] ACPI _OSC control for PCIe not granted, disabling ASPM
Sep 14 02:35:36 skulkrn2 kernel: [    1.884334] ACPI: PCI Interrupt Link [LNKA] (IRQs 1 3 4 5 6 10 *11 12 14 15)
Sep 14 02:35:36 skulkrn2 kernel: [    1.884382] ACPI: PCI Interrupt Link [LNKB] (IRQs 1 3 4 5 6 *10 11 12 14 15)
Sep 14 02:35:36 skulkrn2 kernel: [    1.884427] ACPI: PCI Interrupt Link [LNKC] (IRQs 1 3 4 5 6 10 11 12 14 15) *7
Sep 14 02:35:36 skulkrn2 kernel: [    1.884472] ACPI: PCI Interrupt Link [LNKD] (IRQs 1 3 4 5 6 10 11 12 14 15) *7
Sep 14 02:35:36 skulkrn2 kernel: [    1.884517] ACPI: PCI Interrupt Link [LNKE] (IRQs 1 3 4 5 6 10 11 12 14 15) *0, disabled.
Sep 14 02:35:36 skulkrn2 kernel: [    1.884563] ACPI: PCI Interrupt Link [LNKF] (IRQs 1 3 4 5 6 10 11 12 14 15) *0, disabled.
Sep 14 02:35:36 skulkrn2 kernel: [    1.884610] ACPI: PCI Interrupt Link [LNKG] (IRQs 1 3 4 5 6 *10 11 12 14 15)
Sep 14 02:35:36 skulkrn2 kernel: [    1.884655] ACPI: PCI Interrupt Link [LNKH] (IRQs 1 3 4 5 6 10 *11 12 14 15)
Sep 14 02:35:36 skulkrn2 kernel: [    1.884755] vgaarb: device added: PCI:0000:00:02.0,decodes=io+mem,owns=io+mem,locks=none
Sep 14 02:35:36 skulkrn2 kernel: [    1.884762] vgaarb: loaded
Sep 14 02:35:36 skulkrn2 kernel: [    1.884763] vgaarb: bridge control possible 0000:00:02.0
Sep 14 02:35:36 skulkrn2 kernel: [    1.884851] i2c-core: driver [aat2870] using legacy suspend method
Sep 14 02:35:36 skulkrn2 kernel: [    1.884852] i2c-core: driver [aat2870] using legacy resume method
Sep 14 02:35:36 skulkrn2 kernel: [    1.884920] SCSI subsystem initialized
Sep 14 02:35:36 skulkrn2 kernel: [    1.884956] libata version 3.00 loaded.
Sep 14 02:35:36 skulkrn2 kernel: [    1.884993] usbcore: registered new interface driver usbfs
Sep 14 02:35:36 skulkrn2 kernel: [    1.885003] usbcore: registered new interface driver hub
Sep 14 02:35:36 skulkrn2 kernel: [    1.885020] usbcore: registered new device driver usb
Sep 14 02:35:36 skulkrn2 kernel: [    1.885089] PCI: Using ACPI for IRQ routing
Sep 14 02:35:36 skulkrn2 kernel: [    1.886818] PCI: pci_cache_line_size set to 64 bytes
Sep 14 02:35:36 skulkrn2 kernel: [    1.886939] reserve RAM buffer: 000000000009d800 - 000000000009ffff 
Sep 14 02:35:36 skulkrn2 kernel: [    1.886941] reserve RAM buffer: 0000000040004000 - 0000000043ffffff 
Sep 14 02:35:36 skulkrn2 kernel: [    1.886943] reserve RAM buffer: 00000000c626c000 - 00000000c7ffffff 
Sep 14 02:35:36 skulkrn2 kernel: [    1.886945] reserve RAM buffer: 00000000d85c8000 - 00000000dbffffff 
Sep 14 02:35:36 skulkrn2 kernel: [    1.886948] reserve RAM buffer: 00000000db000000 - 00000000dbffffff 
Sep 14 02:35:36 skulkrn2 kernel: [    1.886950] reserve RAM buffer: 000000021f600000 - 000000021fffffff 
Sep 14 02:35:36 skulkrn2 kernel: [    1.887035] NetLabel: Initializing
Sep 14 02:35:36 skulkrn2 kernel: [    1.887036] NetLabel:  domain hash size = 128
Sep 14 02:35:36 skulkrn2 kernel: [    1.887038] NetLabel:  protocols = UNLABELED CIPSOv4
Sep 14 02:35:36 skulkrn2 kernel: [    1.887047] NetLabel:  unlabeled traffic allowed by default
Sep 14 02:35:36 skulkrn2 kernel: [    1.887089] hpet0: at MMIO 0xfed00000, IRQs 2, 8, 0, 0, 0, 0, 0, 0
Sep 14 02:35:36 skulkrn2 kernel: [    1.887095] hpet0: 8 comparators, 64-bit 14.318180 MHz counter
Sep 14 02:35:36 skulkrn2 kernel: [    1.889111] Switching to clocksource hpet
Sep 14 02:35:36 skulkrn2 kernel: [    1.895813] AppArmor: AppArmor Filesystem Enabled
Sep 14 02:35:36 skulkrn2 kernel: [    1.895830] pnp: PnP ACPI init
Sep 14 02:35:36 skulkrn2 kernel: [    1.895842] ACPI: bus type pnp registered
Sep 14 02:35:36 skulkrn2 kernel: [    1.896114] pnp 00:00: [bus 00-3e]
Sep 14 02:35:36 skulkrn2 kernel: [    1.896116] pnp 00:00: [io  0x0000-0x0cf7 window]
Sep 14 02:35:36 skulkrn2 kernel: [    1.896119] pnp 00:00: [io  0x0cf8-0x0cff]
Sep 14 02:35:36 skulkrn2 kernel: [    1.896121] pnp 00:00: [io  0x0d00-0xffff window]
Sep 14 02:35:36 skulkrn2 kernel: [    1.896124] pnp 00:00: [mem 0x000a0000-0x000bffff window]
Sep 14 02:35:36 skulkrn2 kernel: [    1.896126] pnp 00:00: [mem 0x000c0000-0x000c3fff window]
Sep 14 02:35:36 skulkrn2 kernel: [    1.896128] pnp 00:00: [mem 0x000c4000-0x000c7fff window]
Sep 14 02:35:36 skulkrn2 kernel: [    1.896130] pnp 00:00: [mem 0x000c8000-0x000cbfff window]
Sep 14 02:35:36 skulkrn2 kernel: [    1.896132] pnp 00:00: [mem 0x000cc000-0x000cffff window]
Sep 14 02:35:36 skulkrn2 kernel: [    1.896135] pnp 00:00: [mem 0x000d0000-0x000d3fff window]
Sep 14 02:35:36 skulkrn2 kernel: [    1.896137] pnp 00:00: [mem 0x000d4000-0x000d7fff window]
Sep 14 02:35:36 skulkrn2 kernel: [    1.896139] pnp 00:00: [mem 0x000d8000-0x000dbfff window]
Sep 14 02:35:36 skulkrn2 kernel: [    1.896141] pnp 00:00: [mem 0x000dc000-0x000dffff window]
Sep 14 02:35:36 skulkrn2 kernel: [    1.896143] pnp 00:00: [mem 0x000e0000-0x000e3fff window]
Sep 14 02:35:36 skulkrn2 kernel: [    1.896145] pnp 00:00: [mem 0x000e4000-0x000e7fff window]
Sep 14 02:35:36 skulkrn2 kernel: [    1.896147] pnp 00:00: [mem 0x000e8000-0x000ebfff window]
Sep 14 02:35:36 skulkrn2 kernel: [    1.896149] pnp 00:00: [mem 0x000ec000-0x000effff window]
Sep 14 02:35:36 skulkrn2 kernel: [    1.896151] pnp 00:00: [mem 0x000f0000-0x000fffff window]
Sep 14 02:35:36 skulkrn2 kernel: [    1.896153] pnp 00:00: [mem 0xdfa00000-0xfeafffff window]
Sep 14 02:35:36 skulkrn2 kernel: [    1.896155] pnp 00:00: [mem 0xfed40000-0xfed44fff window]
Sep 14 02:35:36 skulkrn2 kernel: [    1.896206] pnp 00:00: Plug and Play ACPI device, IDs PNP0a08 PNP0a03 (active)
Sep 14 02:35:36 skulkrn2 kernel: [    1.896219] pnp 00:01: [io  0x0000-0x001f]
Sep 14 02:35:36 skulkrn2 kernel: [    1.896221] pnp 00:01: [io  0x0081-0x0091]
Sep 14 02:35:36 skulkrn2 kernel: [    1.896222] pnp 00:01: [io  0x0093-0x009f]
Sep 14 02:35:36 skulkrn2 kernel: [    1.896224] pnp 00:01: [io  0x00c0-0x00df]
Sep 14 02:35:36 skulkrn2 kernel: [    1.896226] pnp 00:01: [dma 4]
Sep 14 02:35:36 skulkrn2 kernel: [    1.896247] pnp 00:01: Plug and Play ACPI device, IDs PNP0200 (active)
Sep 14 02:35:36 skulkrn2 kernel: [    1.896254] pnp 00:02: [mem 0xff000000-0xffffffff]
Sep 14 02:35:36 skulkrn2 kernel: [    1.896276] pnp 00:02: Plug and Play ACPI device, IDs INT0800 (active)
Sep 14 02:35:36 skulkrn2 kernel: [    1.896339] pnp 00:03: [mem 0xfed00000-0xfed003ff]
Sep 14 02:35:36 skulkrn2 kernel: [    1.896360] pnp 00:03: Plug and Play ACPI device, IDs PNP0103 (active)
Sep 14 02:35:36 skulkrn2 kernel: [    1.896368] pnp 00:04: [io  0x00f0]
Sep 14 02:35:36 skulkrn2 kernel: [    1.896377] pnp 00:04: [irq 13]
Sep 14 02:35:36 skulkrn2 kernel: [    1.896399] pnp 00:04: Plug and Play ACPI device, IDs PNP0c04 (active)
Sep 14 02:35:36 skulkrn2 kernel: [    1.896408] pnp 00:05: [io  0x002e-0x002f]
Sep 14 02:35:36 skulkrn2 kernel: [    1.896410] pnp 00:05: [io  0x004e-0x004f]
Sep 14 02:35:36 skulkrn2 kernel: [    1.896412] pnp 00:05: [io  0x0061]
Sep 14 02:35:36 skulkrn2 kernel: [    1.896414] pnp 00:05: [io  0x0063]
Sep 14 02:35:36 skulkrn2 kernel: [    1.896415] pnp 00:05: [io  0x0065]
Sep 14 02:35:36 skulkrn2 kernel: [    1.896417] pnp 00:05: [io  0x0067]
Sep 14 02:35:36 skulkrn2 kernel: [    1.896418] pnp 00:05: [io  0x0070]
Sep 14 02:35:36 skulkrn2 kernel: [    1.896420] pnp 00:05: [io  0x0080]
Sep 14 02:35:36 skulkrn2 kernel: [    1.896421] pnp 00:05: [io  0x0092]
Sep 14 02:35:36 skulkrn2 kernel: [    1.896423] pnp 00:05: [io  0x00b2-0x00b3]
Sep 14 02:35:36 skulkrn2 kernel: [    1.896425] pnp 00:05: [io  0x0680-0x069f]
Sep 14 02:35:36 skulkrn2 kernel: [    1.896427] pnp 00:05: [io  0x1000-0x100f]
Sep 14 02:35:36 skulkrn2 kernel: [    1.896428] pnp 00:05: [io  0xffff]
Sep 14 02:35:36 skulkrn2 kernel: [    1.896430] pnp 00:05: [io  0xffff]
Sep 14 02:35:36 skulkrn2 kernel: [    1.896432] pnp 00:05: [io  0x0400-0x0453]
Sep 14 02:35:36 skulkrn2 kernel: [    1.896433] pnp 00:05: [io  0x0458-0x047f]
Sep 14 02:35:36 skulkrn2 kernel: [    1.896435] pnp 00:05: [io  0x0500-0x057f]
Sep 14 02:35:36 skulkrn2 kernel: [    1.896437] pnp 00:05: [io  0x164e-0x164f]
Sep 14 02:35:36 skulkrn2 kernel: [    1.896474] system 00:05: [io  0x0680-0x069f] has been reserved
Sep 14 02:35:36 skulkrn2 kernel: [    1.896477] system 00:05: [io  0x1000-0x100f] has been reserved
Sep 14 02:35:36 skulkrn2 kernel: [    1.896479] system 00:05: [io  0xffff] has been reserved
Sep 14 02:35:36 skulkrn2 kernel: [    1.896482] system 00:05: [io  0xffff] has been reserved
Sep 14 02:35:36 skulkrn2 kernel: [    1.896484] system 00:05: [io  0x0400-0x0453] has been reserved
Sep 14 02:35:36 skulkrn2 kernel: [    1.896486] system 00:05: [io  0x0458-0x047f] has been reserved
Sep 14 02:35:36 skulkrn2 kernel: [    1.896488] system 00:05: [io  0x0500-0x057f] has been reserved
Sep 14 02:35:36 skulkrn2 kernel: [    1.896491] system 00:05: [io  0x164e-0x164f] has been reserved
Sep 14 02:35:36 skulkrn2 kernel: [    1.896494] system 00:05: Plug and Play ACPI device, IDs PNP0c02 (active)
Sep 14 02:35:36 skulkrn2 kernel: [    1.896501] pnp 00:06: [io  0x0070-0x0077]
Sep 14 02:35:36 skulkrn2 kernel: [    1.896506] pnp 00:06: [irq 8]
Sep 14 02:35:36 skulkrn2 kernel: [    1.896526] pnp 00:06: Plug and Play ACPI device, IDs PNP0b00 (active)
Sep 14 02:35:36 skulkrn2 kernel: [    1.896549] pnp 00:07: [io  0x0454-0x0457]
Sep 14 02:35:36 skulkrn2 kernel: [    1.896582] system 00:07: [io  0x0454-0x0457] has been reserved
Sep 14 02:35:36 skulkrn2 kernel: [    1.896584] system 00:07: Plug and Play ACPI device, IDs INT3f0d PNP0c02 (active)
Sep 14 02:35:36 skulkrn2 kernel: [    1.896592] pnp 00:08: [io  0x0060]
Sep 14 02:35:36 skulkrn2 kernel: [    1.896594] pnp 00:08: [io  0x0064]
Sep 14 02:35:36 skulkrn2 kernel: [    1.896598] pnp 00:08: [irq 1]
Sep 14 02:35:36 skulkrn2 kernel: [    1.896619] pnp 00:08: Plug and Play ACPI device, IDs PNP0303 (active)
Sep 14 02:35:36 skulkrn2 kernel: [    1.896689] pnp 00:09: [irq 12]
Sep 14 02:35:36 skulkrn2 kernel: [    1.896713] pnp 00:09: Plug and Play ACPI device, IDs SYN104c SYN1000 SYN0002 PNP0f13 (active)
Sep 14 02:35:36 skulkrn2 kernel: [    1.896858] pnp 00:0a: [mem 0xfed1c000-0xfed1ffff]
Sep 14 02:35:36 skulkrn2 kernel: [    1.896860] pnp 00:0a: [mem 0xfed10000-0xfed17fff]
Sep 14 02:35:36 skulkrn2 kernel: [    1.896862] pnp 00:0a: [mem 0xfed18000-0xfed18fff]
Sep 14 02:35:36 skulkrn2 kernel: [    1.896864] pnp 00:0a: [mem 0xfed19000-0xfed19fff]
Sep 14 02:35:36 skulkrn2 kernel: [    1.896866] pnp 00:0a: [mem 0xf8000000-0xfbffffff]
Sep 14 02:35:36 skulkrn2 kernel: [    1.896869] pnp 00:0a: [mem 0xfed20000-0xfed3ffff]
Sep 14 02:35:36 skulkrn2 kernel: [    1.896871] pnp 00:0a: [mem 0xfed90000-0xfed93fff]
Sep 14 02:35:36 skulkrn2 kernel: [    1.896873] pnp 00:0a: [mem 0xfed45000-0xfed8ffff]
Sep 14 02:35:36 skulkrn2 kernel: [    1.896874] pnp 00:0a: [mem 0xff000000-0xffffffff]
Sep 14 02:35:36 skulkrn2 kernel: [    1.896876] pnp 00:0a: [mem 0xfee00000-0xfeefffff]
Sep 14 02:35:36 skulkrn2 kernel: [    1.896878] pnp 00:0a: [mem 0xfffff000-0xffffffff]
Sep 14 02:35:36 skulkrn2 kernel: [    1.896916] system 00:0a: [mem 0xfed1c000-0xfed1ffff] has been reserved
Sep 14 02:35:36 skulkrn2 kernel: [    1.896919] system 00:0a: [mem 0xfed10000-0xfed17fff] has been reserved
Sep 14 02:35:36 skulkrn2 kernel: [    1.896921] system 00:0a: [mem 0xfed18000-0xfed18fff] has been reserved
Sep 14 02:35:36 skulkrn2 kernel: [    1.896924] system 00:0a: [mem 0xfed19000-0xfed19fff] has been reserved
Sep 14 02:35:36 skulkrn2 kernel: [    1.896927] system 00:0a: [mem 0xf8000000-0xfbffffff] has been reserved
Sep 14 02:35:36 skulkrn2 kernel: [    1.896929] system 00:0a: [mem 0xfed20000-0xfed3ffff] has been reserved
Sep 14 02:35:36 skulkrn2 kernel: [    1.896931] system 00:0a: [mem 0xfed90000-0xfed93fff] has been reserved
Sep 14 02:35:36 skulkrn2 kernel: [    1.896934] system 00:0a: [mem 0xfed45000-0xfed8ffff] has been reserved
Sep 14 02:35:36 skulkrn2 kernel: [    1.896937] system 00:0a: [mem 0xff000000-0xffffffff] could not be reserved
Sep 14 02:35:36 skulkrn2 kernel: [    1.896939] system 00:0a: [mem 0xfee00000-0xfeefffff] could not be reserved
Sep 14 02:35:36 skulkrn2 kernel: [    1.896942] system 00:0a: [mem 0xfffff000-0xffffffff] has been reserved
Sep 14 02:35:36 skulkrn2 kernel: [    1.896945] system 00:0a: Plug and Play ACPI device, IDs PNP0c02 (active)
Sep 14 02:35:36 skulkrn2 kernel: [    1.897412] pnp: PnP ACPI: found 11 devices
Sep 14 02:35:36 skulkrn2 kernel: [    1.897413] ACPI: ACPI bus type pnp unregistered
Sep 14 02:35:36 skulkrn2 kernel: [    1.897416] PnPBIOS: Disabled by ACPI PNP
Sep 14 02:35:36 skulkrn2 kernel: [    1.933793] PCI: max bus depth: 1 pci_try_num: 2
Sep 14 02:35:36 skulkrn2 kernel: [    1.933826] pci 0000:00:1c.0: PCI bridge to [bus 01-01]
Sep 14 02:35:36 skulkrn2 kernel: [    1.933839] pci 0000:00:1c.1: PCI bridge to [bus 02-02]
Sep 14 02:35:36 skulkrn2 kernel: [    1.933843] pci 0000:00:1c.1:   bridge window [io  0x2000-0x2fff]
Sep 14 02:35:36 skulkrn2 kernel: [    1.933852] pci 0000:00:1c.1:   bridge window [mem 0xf0400000-0xf04fffff 64bit pref]
Sep 14 02:35:36 skulkrn2 kernel: [    1.933859] pci 0000:00:1c.2: PCI bridge to [bus 03-03]
Sep 14 02:35:36 skulkrn2 kernel: [    1.933865] pci 0000:00:1c.2:   bridge window [mem 0xf0500000-0xf05fffff]
Sep 14 02:35:36 skulkrn2 kernel: [    1.933888] pci 0000:00:1c.0: PCI INT A -> GSI 16 (level, low) -> IRQ 16
Sep 14 02:35:36 skulkrn2 kernel: [    1.933893] pci 0000:00:1c.0: setting latency timer to 64
Sep 14 02:35:36 skulkrn2 kernel: [    1.933904] pci 0000:00:1c.1: PCI INT B -> GSI 17 (level, low) -> IRQ 17
Sep 14 02:35:36 skulkrn2 kernel: [    1.933909] pci 0000:00:1c.1: setting latency timer to 64
Sep 14 02:35:36 skulkrn2 kernel: [    1.933919] pci 0000:00:1c.2: PCI INT C -> GSI 18 (level, low) -> IRQ 18
Sep 14 02:35:36 skulkrn2 kernel: [    1.933924] pci 0000:00:1c.2: setting latency timer to 64
Sep 14 02:35:36 skulkrn2 kernel: [    1.933929] pci_bus 0000:00: resource 4 [io  0x0000-0x0cf7]
Sep 14 02:35:36 skulkrn2 kernel: [    1.933931] pci_bus 0000:00: resource 5 [io  0x0d00-0xffff]
Sep 14 02:35:36 skulkrn2 kernel: [    1.933934] pci_bus 0000:00: resource 6 [mem 0x000a0000-0x000bffff]
Sep 14 02:35:36 skulkrn2 kernel: [    1.933936] pci_bus 0000:00: resource 7 [mem 0xdfa00000-0xfeafffff]
Sep 14 02:35:36 skulkrn2 kernel: [    1.933938] pci_bus 0000:00: resource 8 [mem 0xfed40000-0xfed44fff]
Sep 14 02:35:36 skulkrn2 kernel: [    1.933940] pci_bus 0000:02: resource 0 [io  0x2000-0x2fff]
Sep 14 02:35:36 skulkrn2 kernel: [    1.933943] pci_bus 0000:02: resource 2 [mem 0xf0400000-0xf04fffff 64bit pref]
Sep 14 02:35:36 skulkrn2 kernel: [    1.933945] pci_bus 0000:03: resource 1 [mem 0xf0500000-0xf05fffff]
Sep 14 02:35:36 skulkrn2 kernel: [    1.933971] NET: Registered protocol family 2
Sep 14 02:35:36 skulkrn2 kernel: [    1.934018] IP route cache hash table entries: 32768 (order: 5, 131072 bytes)
Sep 14 02:35:36 skulkrn2 kernel: [    1.934152] TCP established hash table entries: 131072 (order: 8, 1048576 bytes)
Sep 14 02:35:36 skulkrn2 kernel: [    1.934348] TCP bind hash table entries: 65536 (order: 7, 524288 bytes)
Sep 14 02:35:36 skulkrn2 kernel: [    1.934431] TCP: Hash tables configured (established 131072 bind 65536)
Sep 14 02:35:36 skulkrn2 kernel: [    1.934433] TCP reno registered
Sep 14 02:35:36 skulkrn2 kernel: [    1.934436] UDP hash table entries: 512 (order: 2, 16384 bytes)
Sep 14 02:35:36 skulkrn2 kernel: [    1.934440] UDP-Lite hash table entries: 512 (order: 2, 16384 bytes)
Sep 14 02:35:36 skulkrn2 kernel: [    1.934490] NET: Registered protocol family 1
Sep 14 02:35:36 skulkrn2 kernel: [    1.934500] pci 0000:00:02.0: Boot video device
Sep 14 02:35:36 skulkrn2 kernel: [    1.934512] pci 0000:00:14.0: PCI INT A -> GSI 21 (level, low) -> IRQ 21
Sep 14 02:35:36 skulkrn2 kernel: [    1.934560] pci 0000:00:14.0: PCI INT A disabled
Sep 14 02:35:36 skulkrn2 kernel: [    1.934572] pci 0000:00:1a.0: PCI INT A -> GSI 16 (level, low) -> IRQ 16
Sep 14 02:35:36 skulkrn2 kernel: [    1.934590] pci 0000:00:1a.0: PCI INT A disabled
Sep 14 02:35:36 skulkrn2 kernel: [    1.934614] pci 0000:00:1d.0: PCI INT A -> GSI 23 (level, low) -> IRQ 23
Sep 14 02:35:36 skulkrn2 kernel: [    1.934630] pci 0000:00:1d.0: PCI INT A disabled
Sep 14 02:35:36 skulkrn2 kernel: [    1.934671] PCI: CLS 64 bytes, default 64
Sep 14 02:35:36 skulkrn2 kernel: [    1.935255] audit: initializing netlink socket (disabled)
Sep 14 02:35:36 skulkrn2 kernel: [    1.935262] type=2000 audit(1347590113.704:1): initialized
Sep 14 02:35:36 skulkrn2 kernel: [    1.960400] highmem bounce pool size: 64 pages
Sep 14 02:35:36 skulkrn2 kernel: [    1.960404] HugeTLB registered 2 MB page size, pre-allocated 0 pages
Sep 14 02:35:36 skulkrn2 kernel: [    1.962657] VFS: Disk quotas dquot_6.5.2
Sep 14 02:35:36 skulkrn2 kernel: [    1.962705] Dquot-cache hash table entries: 1024 (order 0, 4096 bytes)
Sep 14 02:35:36 skulkrn2 kernel: [    1.963127] fuse init (API version 7.17)
Sep 14 02:35:36 skulkrn2 kernel: [    1.963207] msgmni has been set to 1552
Sep 14 02:35:36 skulkrn2 kernel: [    1.963584] Block layer SCSI generic (bsg) driver version 0.4 loaded (major 253)
Sep 14 02:35:36 skulkrn2 kernel: [    1.963612] io scheduler noop registered
Sep 14 02:35:36 skulkrn2 kernel: [    1.963615] io scheduler deadline registered
Sep 14 02:35:36 skulkrn2 kernel: [    1.963621] io scheduler cfq registered (default)
Sep 14 02:35:36 skulkrn2 kernel: [    1.963847] pci_hotplug: PCI Hot Plug PCI Core version: 0.5
Sep 14 02:35:36 skulkrn2 kernel: [    1.963867] pciehp: PCI Express Hot Plug Controller Driver version: 0.4
Sep 14 02:35:36 skulkrn2 kernel: [    1.963918] intel_idle: MWAIT substates: 0x21120
Sep 14 02:35:36 skulkrn2 kernel: [    1.963919] intel_idle: does not run on family 6 model 58
Sep 14 02:35:36 skulkrn2 kernel: [    1.964605] ACPI: Deprecated procfs I/F for AC is loaded, please retry with CONFIG_ACPI_PROCFS_POWER cleared
Sep 14 02:35:36 skulkrn2 kernel: [    1.964943] ACPI: AC Adapter [ACAD] (off-line)
Sep 14 02:35:36 skulkrn2 kernel: [    1.965026] input: Lid Switch as /devices/LNXSYSTM:00/device:00/PNP0C0D:00/input/input0
Sep 14 02:35:36 skulkrn2 kernel: [    1.965555] ACPI: Lid Switch [LID0]
Sep 14 02:35:36 skulkrn2 kernel: [    1.965594] input: Sleep Button as /devices/LNXSYSTM:00/device:00/PNP0C0E:00/input/input1
Sep 14 02:35:36 skulkrn2 kernel: [    1.965598] ACPI: Sleep Button [SLPB]
Sep 14 02:35:36 skulkrn2 kernel: [    1.965630] input: Power Button as /devices/LNXSYSTM:00/device:00/PNP0C0C:00/input/input2
Sep 14 02:35:36 skulkrn2 kernel: [    1.965633] ACPI: Power Button [PWRB]
Sep 14 02:35:36 skulkrn2 kernel: [    1.965664] input: Power Button as /devices/LNXSYSTM:00/LNXPWRBN:00/input/input3
Sep 14 02:35:36 skulkrn2 kernel: [    1.965667] ACPI: Power Button [PWRF]
Sep 14 02:35:36 skulkrn2 kernel: [    2.025162] Monitor-Mwait will be used to enter C-1 state
Sep 14 02:35:36 skulkrn2 kernel: [    2.025191] Monitor-Mwait will be used to enter C-2 state
Sep 14 02:35:36 skulkrn2 kernel: [    2.025219] Monitor-Mwait will be used to enter C-3 state
Sep 14 02:35:36 skulkrn2 kernel: [    2.025235] ACPI: acpi_idle registered with cpuidle
Sep 14 02:35:36 skulkrn2 kernel: [    2.030313] thermal LNXTHERM:00: registered as thermal_zone0
Sep 14 02:35:36 skulkrn2 kernel: [    2.030316] ACPI: Thermal Zone [TZ00] (52 C)
Sep 14 02:35:36 skulkrn2 kernel: [    2.030337] ACPI: Deprecated procfs I/F for battery is loaded, please retry with CONFIG_ACPI_PROCFS_POWER cleared
Sep 14 02:35:36 skulkrn2 kernel: [    2.030344] ACPI: Battery Slot [BAT1] (battery present)
Sep 14 02:35:36 skulkrn2 kernel: [    2.030366] ERST: Table is not found!
Sep 14 02:35:36 skulkrn2 kernel: [    2.030368] GHES: HEST is not enabled!
Sep 14 02:35:36 skulkrn2 kernel: [    2.030410] isapnp: Scanning for PnP cards...
Sep 14 02:35:36 skulkrn2 kernel: [    2.030430] Serial: 8250/16550 driver, 32 ports, IRQ sharing enabled
Sep 14 02:35:36 skulkrn2 kernel: [    2.384000] isapnp: No Plug & Play device found
Sep 14 02:35:36 skulkrn2 kernel: [    2.931496] Refined TSC clocksource calibration: 2095.240 MHz.
Sep 14 02:35:36 skulkrn2 kernel: [    2.931502] Switching to clocksource tsc
Sep 14 02:35:36 skulkrn2 kernel: [    3.746602] Linux agpgart interface v0.103
Sep 14 02:35:36 skulkrn2 kernel: [    3.746688] agpgart-intel 0000:00:00.0: Intel Ivybridge Chipset
Sep 14 02:35:36 skulkrn2 kernel: [    3.746763] agpgart-intel 0000:00:00.0: detected gtt size: 2097152K total, 262144K mappable
Sep 14 02:35:36 skulkrn2 kernel: [    3.748098] agpgart-intel 0000:00:00.0: detected 65536K stolen memory
Sep 14 02:35:36 skulkrn2 kernel: [    3.748202] agpgart-intel 0000:00:00.0: AGP aperture is 256M @ 0xe0000000
Sep 14 02:35:36 skulkrn2 kernel: [    3.749353] brd: module loaded
Sep 14 02:35:36 skulkrn2 kernel: [    3.749923] loop: module loaded
Sep 14 02:35:36 skulkrn2 kernel: [    3.750033] ahci 0000:00:1f.2: version 3.0
Sep 14 02:35:36 skulkrn2 kernel: [    3.750053] ahci 0000:00:1f.2: PCI INT B -> GSI 19 (level, low) -> IRQ 19
Sep 14 02:35:36 skulkrn2 kernel: [    3.750097] ahci 0000:00:1f.2: irq 40 for MSI/MSI-X
Sep 14 02:35:36 skulkrn2 kernel: [    3.762260] ahci 0000:00:1f.2: AHCI 0001.0300 32 slots 6 ports 6 Gbps 0x5 impl SATA mode
Sep 14 02:35:36 skulkrn2 kernel: [    3.762266] ahci 0000:00:1f.2: flags: 64bit ncq pm led clo pio slum part ems apst 
Sep 14 02:35:36 skulkrn2 kernel: [    3.762284] ahci 0000:00:1f.2: setting latency timer to 64
Sep 14 02:35:36 skulkrn2 kernel: [    3.770647] scsi0 : ahci
Sep 14 02:35:36 skulkrn2 kernel: [    3.770709] scsi1 : ahci
Sep 14 02:35:36 skulkrn2 kernel: [    3.770761] scsi2 : ahci
Sep 14 02:35:36 skulkrn2 kernel: [    3.770808] scsi3 : ahci
Sep 14 02:35:36 skulkrn2 kernel: [    3.770855] scsi4 : ahci
Sep 14 02:35:36 skulkrn2 kernel: [    3.770900] scsi5 : ahci
Sep 14 02:35:36 skulkrn2 kernel: [    3.771051] ata1: SATA max UDMA/133 abar m2048@0xf0617000 port 0xf0617100 irq 40
Sep 14 02:35:36 skulkrn2 kernel: [    3.771053] ata2: DUMMY
Sep 14 02:35:36 skulkrn2 kernel: [    3.771057] ata3: SATA max UDMA/133 abar m2048@0xf0617000 port 0xf0617200 irq 40
Sep 14 02:35:36 skulkrn2 kernel: [    3.771058] ata4: DUMMY
Sep 14 02:35:36 skulkrn2 kernel: [    3.771060] ata5: DUMMY
Sep 14 02:35:36 skulkrn2 kernel: [    3.771061] ata6: DUMMY
Sep 14 02:35:36 skulkrn2 kernel: [    3.771369] Fixed MDIO Bus: probed
Sep 14 02:35:36 skulkrn2 kernel: [    3.771385] tun: Universal TUN/TAP device driver, 1.6
Sep 14 02:35:36 skulkrn2 kernel: [    3.771386] tun: (C) 1999-2004 Max Krasnyansky <maxk@qualcomm.com>
Sep 14 02:35:36 skulkrn2 kernel: [    3.771423] PPP generic driver version 2.4.2
Sep 14 02:35:36 skulkrn2 kernel: [    3.771499] ehci_hcd: USB 2.0 'Enhanced' Host Controller (EHCI) Driver
Sep 14 02:35:36 skulkrn2 kernel: [    3.771514] ehci_hcd 0000:00:1a.0: PCI INT A -> GSI 16 (level, low) -> IRQ 16
Sep 14 02:35:36 skulkrn2 kernel: [    3.771527] ehci_hcd 0000:00:1a.0: setting latency timer to 64
Sep 14 02:35:36 skulkrn2 kernel: [    3.771532] ehci_hcd 0000:00:1a.0: EHCI Host Controller
Sep 14 02:35:36 skulkrn2 kernel: [    3.771568] ehci_hcd 0000:00:1a.0: new USB bus registered, assigned bus number 1
Sep 14 02:35:36 skulkrn2 kernel: [    3.771591] ehci_hcd 0000:00:1a.0: debug port 2
Sep 14 02:35:36 skulkrn2 kernel: [    3.775480] ehci_hcd 0000:00:1a.0: cache line size of 64 is not supported
Sep 14 02:35:36 skulkrn2 kernel: [    3.775494] ehci_hcd 0000:00:1a.0: irq 16, io mem 0xf0619000
Sep 14 02:35:36 skulkrn2 kernel: [    3.790201] ehci_hcd 0000:00:1a.0: USB 2.0 started, EHCI 1.00
Sep 14 02:35:36 skulkrn2 kernel: [    3.790325] hub 1-0:1.0: USB hub found
Sep 14 02:35:36 skulkrn2 kernel: [    3.790329] hub 1-0:1.0: 3 ports detected
Sep 14 02:35:36 skulkrn2 kernel: [    3.790384] ehci_hcd 0000:00:1d.0: PCI INT A -> GSI 23 (level, low) -> IRQ 23
Sep 14 02:35:36 skulkrn2 kernel: [    3.790398] ehci_hcd 0000:00:1d.0: setting latency timer to 64
Sep 14 02:35:36 skulkrn2 kernel: [    3.790401] ehci_hcd 0000:00:1d.0: EHCI Host Controller
Sep 14 02:35:36 skulkrn2 kernel: [    3.790432] ehci_hcd 0000:00:1d.0: new USB bus registered, assigned bus number 2
Sep 14 02:35:36 skulkrn2 kernel: [    3.790453] ehci_hcd 0000:00:1d.0: debug port 2
Sep 14 02:35:36 skulkrn2 kernel: [    3.794341] ehci_hcd 0000:00:1d.0: cache line size of 64 is not supported
Sep 14 02:35:36 skulkrn2 kernel: [    3.794355] ehci_hcd 0000:00:1d.0: irq 23, io mem 0xf0618000
Sep 14 02:35:36 skulkrn2 kernel: [    3.810169] ehci_hcd 0000:00:1d.0: USB 2.0 started, EHCI 1.00
Sep 14 02:35:36 skulkrn2 kernel: [    3.810280] hub 2-0:1.0: USB hub found
Sep 14 02:35:36 skulkrn2 kernel: [    3.810283] hub 2-0:1.0: 3 ports detected
Sep 14 02:35:36 skulkrn2 kernel: [    3.810334] ohci_hcd: USB 1.1 'Open' Host Controller (OHCI) Driver
Sep 14 02:35:36 skulkrn2 kernel: [    3.810344] uhci_hcd: USB Universal Host Controller Interface driver
Sep 14 02:35:36 skulkrn2 kernel: [    3.810371] xhci_hcd 0000:00:14.0: PCI INT A -> GSI 21 (level, low) -> IRQ 21
Sep 14 02:35:36 skulkrn2 kernel: [    3.810391] xhci_hcd 0000:00:14.0: setting latency timer to 64
Sep 14 02:35:36 skulkrn2 kernel: [    3.810395] xhci_hcd 0000:00:14.0: xHCI Host Controller
Sep 14 02:35:36 skulkrn2 kernel: [    3.810426] xhci_hcd 0000:00:14.0: new USB bus registered, assigned bus number 3
Sep 14 02:35:36 skulkrn2 kernel: [    3.810517] xhci_hcd 0000:00:14.0: cache line size of 64 is not supported
Sep 14 02:35:36 skulkrn2 kernel: [    3.810529] xhci_hcd 0000:00:14.0: irq 21, io mem 0xf0600000
Sep 14 02:35:36 skulkrn2 kernel: [    3.810580] xhci_hcd 0000:00:14.0: irq 41 for MSI/MSI-X
Sep 14 02:35:36 skulkrn2 kernel: [    3.810677] xHCI xhci_add_endpoint called for root hub
Sep 14 02:35:36 skulkrn2 kernel: [    3.810679] xHCI xhci_check_bandwidth called for root hub
Sep 14 02:35:36 skulkrn2 kernel: [    3.810700] hub 3-0:1.0: USB hub found
Sep 14 02:35:36 skulkrn2 kernel: [    3.810707] hub 3-0:1.0: 4 ports detected
Sep 14 02:35:36 skulkrn2 kernel: [    3.810760] xhci_hcd 0000:00:14.0: xHCI Host Controller
Sep 14 02:35:36 skulkrn2 kernel: [    3.810789] xhci_hcd 0000:00:14.0: new USB bus registered, assigned bus number 4
Sep 14 02:35:36 skulkrn2 kernel: [    3.810854] xHCI xhci_add_endpoint called for root hub
Sep 14 02:35:36 skulkrn2 kernel: [    3.810855] xHCI xhci_check_bandwidth called for root hub
Sep 14 02:35:36 skulkrn2 kernel: [    3.810875] hub 4-0:1.0: USB hub found
Sep 14 02:35:36 skulkrn2 kernel: [    3.810882] hub 4-0:1.0: 4 ports detected
Sep 14 02:35:36 skulkrn2 kernel: [    3.878122] usbcore: registered new interface driver libusual
Sep 14 02:35:36 skulkrn2 kernel: [    3.878165] i8042: PNP: PS/2 Controller [PNP0303:PS2K,PNP0f13:PS2C] at 0x60,0x64 irq 1,12
Sep 14 02:35:36 skulkrn2 kernel: [    3.880378] i8042: Detected active multiplexing controller, rev 1.1
Sep 14 02:35:36 skulkrn2 kernel: [    3.882870] serio: i8042 KBD port at 0x60,0x64 irq 1
Sep 14 02:35:36 skulkrn2 kernel: [    3.882876] serio: i8042 AUX0 port at 0x60,0x64 irq 12
Sep 14 02:35:36 skulkrn2 kernel: [    3.882899] serio: i8042 AUX1 port at 0x60,0x64 irq 12
Sep 14 02:35:36 skulkrn2 kernel: [    3.882918] serio: i8042 AUX2 port at 0x60,0x64 irq 12
Sep 14 02:35:36 skulkrn2 kernel: [    3.882938] serio: i8042 AUX3 port at 0x60,0x64 irq 12
Sep 14 02:35:36 skulkrn2 kernel: [    3.883023] mousedev: PS/2 mouse device common for all mice
Sep 14 02:35:36 skulkrn2 kernel: [    3.883174] rtc_cmos 00:06: RTC can wake from S4
Sep 14 02:35:36 skulkrn2 kernel: [    3.883273] rtc_cmos 00:06: rtc core: registered rtc_cmos as rtc0
Sep 14 02:35:36 skulkrn2 kernel: [    3.883301] rtc0: alarms up to one month, y3k, 242 bytes nvram, hpet irqs
Sep 14 02:35:36 skulkrn2 kernel: [    3.883350] device-mapper: uevent: version 1.0.3
Sep 14 02:35:36 skulkrn2 kernel: [    3.883404] device-mapper: ioctl: 4.22.0-ioctl (2011-10-19) initialised: dm-devel@redhat.com
Sep 14 02:35:36 skulkrn2 kernel: [    3.883428] EISA: Probing bus 0 at eisa.0
Sep 14 02:35:36 skulkrn2 kernel: [    3.883430] EISA: Cannot allocate resource for mainboard
Sep 14 02:35:36 skulkrn2 kernel: [    3.883432] Cannot allocate resource for EISA slot 1
Sep 14 02:35:36 skulkrn2 kernel: [    3.883433] Cannot allocate resource for EISA slot 2
Sep 14 02:35:36 skulkrn2 kernel: [    3.883435] Cannot allocate resource for EISA slot 3
Sep 14 02:35:36 skulkrn2 kernel: [    3.883436] Cannot allocate resource for EISA slot 4
Sep 14 02:35:36 skulkrn2 kernel: [    3.883438] Cannot allocate resource for EISA slot 5
Sep 14 02:35:36 skulkrn2 kernel: [    3.883439] Cannot allocate resource for EISA slot 6
Sep 14 02:35:36 skulkrn2 kernel: [    3.883441] Cannot allocate resource for EISA slot 7
Sep 14 02:35:36 skulkrn2 kernel: [    3.883442] Cannot allocate resource for EISA slot 8
Sep 14 02:35:36 skulkrn2 kernel: [    3.883444] EISA: Detected 0 cards.
Sep 14 02:35:36 skulkrn2 kernel: [    3.883451] cpufreq-nforce2: No nForce2 chipset.
Sep 14 02:35:36 skulkrn2 kernel: [    3.883623] cpuidle: using governor ladder
Sep 14 02:35:36 skulkrn2 kernel: [    3.883902] cpuidle: using governor menu
Sep 14 02:35:36 skulkrn2 kernel: [    3.883904] EFI Variables Facility v0.08 2004-May-17
Sep 14 02:35:36 skulkrn2 kernel: [    3.884079] TCP cubic registered
Sep 14 02:35:36 skulkrn2 kernel: [    3.884174] NET: Registered protocol family 10
Sep 14 02:35:36 skulkrn2 kernel: [    3.884569] NET: Registered protocol family 17
Sep 14 02:35:36 skulkrn2 kernel: [    3.884576] Registering the dns_resolver key type
Sep 14 02:35:36 skulkrn2 kernel: [    3.884590] Using IPI No-Shortcut mode
Sep 14 02:35:36 skulkrn2 kernel: [    3.884675] PM: Hibernation image not present or could not be loaded.
Sep 14 02:35:36 skulkrn2 kernel: [    3.884685] registered taskstats version 1
Sep 14 02:35:36 skulkrn2 kernel: [    3.891561]   Magic number: 12:308:561
Sep 14 02:35:36 skulkrn2 kernel: [    3.891653] rtc_cmos 00:06: setting system clock to 2012-09-14 02:35:16 UTC (1347590116)
Sep 14 02:35:36 skulkrn2 kernel: [    3.892784] BIOS EDD facility v0.16 2004-Jun-25, 0 devices found
Sep 14 02:35:36 skulkrn2 kernel: [    3.892786] EDD information not available.
Sep 14 02:35:36 skulkrn2 kernel: [    3.923643] input: AT Translated Set 2 keyboard as /devices/platform/i8042/serio0/input/input4
Sep 14 02:35:36 skulkrn2 kernel: [    4.089827] ata3: SATA link up 1.5 Gbps (SStatus 113 SControl 300)
Sep 14 02:35:36 skulkrn2 kernel: [    4.089868] ata1: SATA link up 3.0 Gbps (SStatus 123 SControl 300)
Sep 14 02:35:36 skulkrn2 kernel: [    4.096363] ata1.00: failed to enable AA (error_mask=0x1)
Sep 14 02:35:36 skulkrn2 kernel: [    4.096371] ata1.00: ATA-8: ST1000LM024 HN-M101MBB, 2AR10001, max UDMA/100
Sep 14 02:35:36 skulkrn2 kernel: [    4.096376] ata1.00: 1953525168 sectors, multi 16: LBA48 NCQ (depth 31/32)
Sep 14 02:35:36 skulkrn2 kernel: [    4.101807] usb 1-1: new high-speed USB device number 2 using ehci_hcd
Sep 14 02:35:36 skulkrn2 kernel: [    4.102941] ata1.00: failed to enable AA (error_mask=0x1)
Sep 14 02:35:36 skulkrn2 kernel: [    4.102952] ata1.00: configured for UDMA/100
Sep 14 02:35:36 skulkrn2 kernel: [    4.103222] scsi 0:0:0:0: Direct-Access     ATA      ST1000LM024 HN-M 2AR1 PQ: 0 ANSI: 5
Sep 14 02:35:36 skulkrn2 kernel: [    4.103381] sd 0:0:0:0: [sda] 1953525168 512-byte logical blocks: (1.00 TB/931 GiB)
Sep 14 02:35:36 skulkrn2 kernel: [    4.103384] sd 0:0:0:0: [sda] 4096-byte physical blocks
Sep 14 02:35:36 skulkrn2 kernel: [    4.103388] sd 0:0:0:0: Attached scsi generic sg0 type 0
Sep 14 02:35:36 skulkrn2 kernel: [    4.103430] sd 0:0:0:0: [sda] Write Protect is off
Sep 14 02:35:36 skulkrn2 kernel: [    4.103433] sd 0:0:0:0: [sda] Mode Sense: 00 3a 00 00
Sep 14 02:35:36 skulkrn2 kernel: [    4.103455] sd 0:0:0:0: [sda] Write cache: enabled, read cache: enabled, doesn't support DPO or FUA
Sep 14 02:35:36 skulkrn2 kernel: [    4.105312] ata3.00: ATAPI: MATSHITA DVD-RAM UJ8C1, 8.20, max UDMA/100
Sep 14 02:35:36 skulkrn2 kernel: [    4.123874] ata3.00: configured for UDMA/100
Sep 14 02:35:36 skulkrn2 kernel: [    4.141369] scsi 2:0:0:0: CD-ROM            MATSHITA DVD-RAM UJ8C1    8.20 PQ: 0 ANSI: 5
Sep 14 02:35:36 skulkrn2 kernel: [    4.160835] sr0: scsi3-mmc drive: 24x/24x writer dvd-ram cd/rw xa/form2 cdda tray
Sep 14 02:35:36 skulkrn2 kernel: [    4.160842] cdrom: Uniform CD-ROM driver Revision: 3.20
Sep 14 02:35:36 skulkrn2 kernel: [    4.161052] sr 2:0:0:0: Attached scsi CD-ROM sr0
Sep 14 02:35:36 skulkrn2 kernel: [    4.161148] sr 2:0:0:0: Attached scsi generic sg1 type 5
Sep 14 02:35:36 skulkrn2 kernel: [    4.173101]  sda: sda1 sda2 sda3 < sda5 sda6 > sda4
Sep 14 02:35:36 skulkrn2 kernel: [    4.173966] sd 0:0:0:0: [sda] Attached SCSI disk
Sep 14 02:35:36 skulkrn2 kernel: [    4.174131] Freeing unused kernel memory: 740k freed
Sep 14 02:35:36 skulkrn2 kernel: [    4.174326] Write protecting the kernel text: 5820k
Sep 14 02:35:36 skulkrn2 kernel: [    4.174372] Write protecting the kernel read-only data: 2376k
Sep 14 02:35:36 skulkrn2 kernel: [    4.174374] NX-protecting the kernel data: 4420k
Sep 14 02:35:36 skulkrn2 kernel: [    4.234415] hub 1-1:1.0: USB hub found
Sep 14 02:35:36 skulkrn2 kernel: [    4.234490] hub 1-1:1.0: 6 ports detected
Sep 14 02:35:36 skulkrn2 kernel: [    4.345402] usb 2-1: new high-speed USB device number 2 using ehci_hcd
Sep 14 02:35:36 skulkrn2 kernel: [    4.478053] hub 2-1:1.0: USB hub found
Sep 14 02:35:36 skulkrn2 kernel: [    4.478127] hub 2-1:1.0: 6 ports detected
Sep 14 02:35:36 skulkrn2 kernel: [    4.645009] usb 3-3: new high-speed USB device number 2 using xhci_hcd
Sep 14 02:35:36 skulkrn2 kernel: [    5.008630] usb 1-1.3: new high-speed USB device number 3 using ehci_hcd
Sep 14 02:35:36 skulkrn2 kernel: [    5.172384] usb 1-1.4: new full-speed USB device number 4 using ehci_hcd
Sep 14 02:35:36 skulkrn2 kernel: [    5.194280] r8169 Gigabit Ethernet driver 2.3LK-NAPI loaded
Sep 14 02:35:36 skulkrn2 kernel: [    5.194305] r8169 0000:02:00.0: PCI INT A -> GSI 17 (level, low) -> IRQ 17
Sep 14 02:35:36 skulkrn2 kernel: [    5.194458] r8169 0000:02:00.0: setting latency timer to 64
Sep 14 02:35:36 skulkrn2 kernel: [    5.194533] r8169 0000:02:00.0: irq 42 for MSI/MSI-X
Sep 14 02:35:36 skulkrn2 kernel: [    5.195401] r8169 0000:02:00.0: eth0: RTL8105e at 0xf8452000, 08:9e:01:19:92:90, XID 00c00000 IRQ 42
Sep 14 02:35:36 skulkrn2 kernel: [   10.300158] EXT4-fs (sda5): mounted filesystem with ordered data mode. Opts: (null)
Sep 14 02:35:36 skulkrn2 kernel: [   15.353071] ADDRCONF(NETDEV_UP): eth0: link is not ready
Sep 14 02:35:36 skulkrn2 kernel: [   15.428146] Adding 8247292k swap on /dev/sda6.  Priority:-1 extents:1 across:8247292k 
Sep 14 02:35:36 skulkrn2 kernel: [   17.701331] EXT4-fs (sda5): re-mounted. Opts: errors=remount-ro
Sep 14 02:35:36 skulkrn2 kernel: [   18.104764] cfg80211: Calling CRDA to update world regulatory domain
Sep 14 02:35:36 skulkrn2 kernel: [   18.105354] Bluetooth: Core ver 2.16
Sep 14 02:35:36 skulkrn2 kernel: [   18.105364] NET: Registered protocol family 31
Sep 14 02:35:36 skulkrn2 kernel: [   18.105365] Bluetooth: HCI device and connection manager initialized
Sep 14 02:35:36 skulkrn2 kernel: [   18.105367] Bluetooth: HCI socket layer initialized
Sep 14 02:35:36 skulkrn2 kernel: [   18.105368] Bluetooth: L2CAP socket layer initialized
Sep 14 02:35:36 skulkrn2 kernel: [   18.105372] Bluetooth: SCO socket layer initialized
Sep 14 02:35:36 skulkrn2 kernel: [   18.343230] Linux video capture interface: v2.00
Sep 14 02:35:36 skulkrn2 kernel: [   18.569874] Bluetooth: Generic Bluetooth USB driver ver 0.6
Sep 14 02:35:36 skulkrn2 kernel: [   18.570018] usbcore: registered new interface driver btusb
Sep 14 02:35:36 skulkrn2 kernel: [   18.661382] wmi: Mapper loaded
Sep 14 02:35:36 skulkrn2 kernel: [   18.835028] mei: module is from the staging directory, the quality is unknown, you have been warned.
Sep 14 02:35:36 skulkrn2 kernel: [   18.835261] mei 0000:00:16.0: PCI INT A -> GSI 16 (level, low) -> IRQ 16
Sep 14 02:35:36 skulkrn2 kernel: [   18.835267] mei 0000:00:16.0: setting latency timer to 64
Sep 14 02:35:36 skulkrn2 kernel: [   18.835326] mei 0000:00:16.0: irq 43 for MSI/MSI-X
Sep 14 02:35:36 skulkrn2 kernel: [   18.858432] rts5139: module is from the staging directory, the quality is unknown, you have been warned.
Sep 14 02:35:36 skulkrn2 kernel: [   18.858880] Initializing rts5139 USB card reader driver...
Sep 14 02:35:36 skulkrn2 kernel: [   18.862346] scsi6 : SCSI emulation for RTS5139 USB card reader
Sep 14 02:35:36 skulkrn2 kernel: [   18.862511] scsi 6:0:0:0: Direct-Access     Generic- xD/SD/M.S.       1.00 PQ: 0 ANSI: 0 CCS
Sep 14 02:35:36 skulkrn2 kernel: [   18.862547] usbcore: registered new interface driver rts5139
Sep 14 02:35:36 skulkrn2 kernel: [   18.862550] Realtek rts5139 USB card reader support registered.
Sep 14 02:35:36 skulkrn2 kernel: [   18.863010] sd 6:0:0:0: Attached scsi generic sg2 type 0
Sep 14 02:35:36 skulkrn2 kernel: [   18.864988] sd 6:0:0:0: [sdb] Attached SCSI removable disk
Sep 14 02:35:36 skulkrn2 kernel: [   19.009337] uvcvideo: Found UVC 1.00 device Lenovo EasyCamera (1bcf:2c02)
Sep 14 02:35:36 skulkrn2 kernel: [   19.040395] input: Lenovo EasyCamera as /devices/pci0000:00/0000:00:14.0/usb3/3-3/3-3:1.0/input/input5
Sep 14 02:35:36 skulkrn2 kernel: [   19.040459] usbcore: registered new interface driver uvcvideo
Sep 14 02:35:36 skulkrn2 kernel: [   19.040461] USB Video Class driver (1.1.1)
Sep 14 02:35:36 skulkrn2 kernel: [   19.059730] lp: driver loaded but no devices found
Sep 14 02:35:36 skulkrn2 kernel: [   19.312696] input: Ideapad extra buttons as /devices/platform/ideapad/input/input6
Sep 14 02:35:36 skulkrn2 kernel: [   19.485679] Intel(R) Wireless WiFi Link AGN driver for Linux, in-tree:
Sep 14 02:35:36 skulkrn2 kernel: [   19.485682] Copyright(c) 2003-2011 Intel Corporation
Sep 14 02:35:36 skulkrn2 kernel: [   19.485739] iwlwifi 0000:03:00.0: PCI INT A -> GSI 18 (level, low) -> IRQ 18
Sep 14 02:35:36 skulkrn2 kernel: [   19.485768] iwlwifi 0000:03:00.0: setting latency timer to 64
Sep 14 02:35:36 skulkrn2 kernel: [   19.485802] iwlwifi 0000:03:00.0: pci_resource_len = 0x00002000
Sep 14 02:35:36 skulkrn2 kernel: [   19.485803] iwlwifi 0000:03:00.0: pci_resource_base = f853c000
Sep 14 02:35:36 skulkrn2 kernel: [   19.485805] iwlwifi 0000:03:00.0: HW Revision ID = 0xC4
Sep 14 02:35:36 skulkrn2 kernel: [   19.485950] iwlwifi 0000:03:00.0: irq 44 for MSI/MSI-X
Sep 14 02:35:36 skulkrn2 kernel: [   19.485996] iwlwifi 0000:03:00.0: Detected 2000 Series 2x2 BGN, REV=0x104
Sep 14 02:35:36 skulkrn2 kernel: [   19.486092] iwlwifi 0000:03:00.0: L1 Enabled; Disabling L0S
Sep 14 02:35:36 skulkrn2 kernel: [   19.502710] iwlwifi 0000:03:00.0: device EEPROM VER=0x81c, CALIB=0x6
Sep 14 02:35:36 skulkrn2 kernel: [   19.502712] iwlwifi 0000:03:00.0: Device SKU: 0X150
Sep 14 02:35:36 skulkrn2 kernel: [   19.502714] iwlwifi 0000:03:00.0: Valid Tx ant: 0X3, Valid Rx ant: 0X3
Sep 14 02:35:36 skulkrn2 kernel: [   19.502736] iwlwifi 0000:03:00.0: Tunable channels: 13 802.11bg, 0 802.11a channels
Sep 14 02:35:36 skulkrn2 kernel: [   19.705623] [drm] Initialized drm 1.1.0 20060810
Sep 14 02:35:36 skulkrn2 kernel: [   19.859769] i915 0000:00:02.0: PCI INT A -> GSI 16 (level, low) -> IRQ 16
Sep 14 02:35:36 skulkrn2 kernel: [   19.859773] i915 0000:00:02.0: setting latency timer to 64
Sep 14 02:35:36 skulkrn2 kernel: [   19.884180] mtrr: no more MTRRs available
Sep 14 02:35:36 skulkrn2 kernel: [   19.884182] [drm] MTRR allocation failed.  Graphics performance may suffer.
Sep 14 02:35:36 skulkrn2 kernel: [   19.884528] i915 0000:00:02.0: irq 45 for MSI/MSI-X
Sep 14 02:35:36 skulkrn2 kernel: [   19.884532] [drm] Supports vblank timestamp caching Rev 1 (10.10.2010).
Sep 14 02:35:36 skulkrn2 kernel: [   19.884533] [drm] Driver supports precise vblank timestamp query.
Sep 14 02:35:36 skulkrn2 kernel: [   19.884944] vgaarb: device changed decodes: PCI:0000:00:02.0,olddecodes=io+mem,decodes=io+mem:owns=io+mem
Sep 14 02:35:36 skulkrn2 kernel: [   20.038631] psmouse serio4: synaptics: Touchpad model: 1, fw: 8.0, id: 0x1e2b1, caps: 0xd00123/0x840300/0x123c00
Sep 14 02:35:36 skulkrn2 kernel: [   20.080572] input: SynPS/2 Synaptics TouchPad as /devices/platform/i8042/serio4/input/input7
Sep 14 02:35:36 skulkrn2 kernel: [   20.296465] cfg80211: World regulatory domain updated:
Sep 14 02:35:36 skulkrn2 kernel: [   20.296468] cfg80211:     (start_freq - end_freq @ bandwidth), (max_antenna_gain, max_eirp)
Sep 14 02:35:36 skulkrn2 kernel: [   20.296470] cfg80211:     (2402000 KHz - 2472000 KHz @ 40000 KHz), (300 mBi, 2000 mBm)
Sep 14 02:35:36 skulkrn2 kernel: [   20.296472] cfg80211:     (2457000 KHz - 2482000 KHz @ 20000 KHz), (300 mBi, 2000 mBm)
Sep 14 02:35:36 skulkrn2 kernel: [   20.296474] cfg80211:     (2474000 KHz - 2494000 KHz @ 20000 KHz), (300 mBi, 2000 mBm)
Sep 14 02:35:36 skulkrn2 kernel: [   20.296475] cfg80211:     (5170000 KHz - 5250000 KHz @ 40000 KHz), (300 mBi, 2000 mBm)
Sep 14 02:35:36 skulkrn2 kernel: [   20.296477] cfg80211:     (5735000 KHz - 5835000 KHz @ 40000 KHz), (300 mBi, 2000 mBm)
Sep 14 02:35:36 skulkrn2 kernel: [   20.484510] fbcon: inteldrmfb (fb0) is primary device
Sep 14 02:35:36 skulkrn2 kernel: [   20.484568] Console: switching to colour frame buffer device 170x48
Sep 14 02:35:36 skulkrn2 kernel: [   20.484601] fb0: inteldrmfb frame buffer device
Sep 14 02:35:36 skulkrn2 kernel: [   20.484602] drm: registered panic notifier
Sep 14 02:35:36 skulkrn2 kernel: [   20.516121] type=1400 audit(1347608133.143:2): apparmor="STATUS" operation="profile_load" name="/sbin/dhclient" pid=612 comm="apparmor_parser"
Sep 14 02:35:36 skulkrn2 kernel: [   20.516160] type=1400 audit(1347608133.143:3): apparmor="STATUS" operation="profile_replace" name="/sbin/dhclient" pid=589 comm="apparmor_parser"
Sep 14 02:35:36 skulkrn2 kernel: [   20.516460] type=1400 audit(1347608133.143:4): apparmor="STATUS" operation="profile_load" name="/usr/lib/NetworkManager/nm-dhcp-client.action" pid=612 comm="apparmor_parser"
Sep 14 02:35:36 skulkrn2 kernel: [   20.516500] type=1400 audit(1347608133.143:5): apparmor="STATUS" operation="profile_replace" name="/usr/lib/NetworkManager/nm-dhcp-client.action" pid=589 comm="apparmor_parser"
Sep 14 02:35:36 skulkrn2 kernel: [   20.516649] type=1400 audit(1347608133.143:6): apparmor="STATUS" operation="profile_load" name="/usr/lib/connman/scripts/dhclient-script" pid=612 comm="apparmor_parser"
Sep 14 02:35:36 skulkrn2 kernel: [   20.516689] type=1400 audit(1347608133.143:7): apparmor="STATUS" operation="profile_replace" name="/usr/lib/connman/scripts/dhclient-script" pid=589 comm="apparmor_parser"
Sep 14 02:35:36 skulkrn2 kernel: [   20.786653] iwlwifi 0000:03:00.0: loaded firmware version 18.168.6.1
Sep 14 02:35:36 skulkrn2 kernel: [   20.786902] Registered led device: phy0-led
Sep 14 02:35:36 skulkrn2 kernel: [   20.786920] cfg80211: Ignoring regulatory request Set by core since the driver uses its own custom regulatory domain
Sep 14 02:35:36 skulkrn2 kernel: [   20.954299] ieee80211 phy0: Selected rate control algorithm 'iwl-agn-rs'
Sep 14 02:35:36 skulkrn2 kernel: [   21.999147] xhci_hcd 0000:00:14.0: WARN Event TRB for slot 1 ep 0 with no TDs queued?
Sep 14 02:35:36 skulkrn2 kernel: [   22.957352] init: failsafe main process (838) killed by TERM signal
Sep 14 02:35:37 skulkrn2 kernel: [   24.410201] ppdev: user-space parallel port driver
Sep 14 02:35:37 skulkrn2 kernel: [   24.852506] type=1400 audit(1347608137.487:8): apparmor="STATUS" operation="profile_load" name="/usr/lib/cups/backend/cups-pdf" pid=929 comm="apparmor_parser"
Sep 14 02:35:37 skulkrn2 kernel: [   24.852872] type=1400 audit(1347608137.487:9): apparmor="STATUS" operation="profile_load" name="/usr/sbin/cupsd" pid=929 comm="apparmor_parser"
Sep 14 02:35:37 skulkrn2 bluetoothd[930]: Bluetooth daemon 4.98
Sep 14 02:35:37 skulkrn2 bluetoothd[930]: Starting SDP server
Sep 14 02:35:37 skulkrn2 bluetoothd[930]: Failed to init alert plugin
Sep 14 02:35:37 skulkrn2 bluetoothd[930]: Failed to init time plugin
Sep 14 02:35:37 skulkrn2 bluetoothd[930]: Failed to init proximity plugin
Sep 14 02:35:37 skulkrn2 kernel: [   25.115754] Bluetooth: BNEP (Ethernet Emulation) ver 1.3
Sep 14 02:35:37 skulkrn2 kernel: [   25.115756] Bluetooth: BNEP filters: protocol multicast
Sep 14 02:35:37 skulkrn2 kernel: [   25.199910] type=1400 audit(1347608137.835:10): apparmor="STATUS" operation="profile_replace" name="/sbin/dhclient" pid=945 comm="apparmor_parser"
Sep 14 02:35:37 skulkrn2 kernel: [   25.200258] type=1400 audit(1347608137.835:11): apparmor="STATUS" operation="profile_replace" name="/usr/lib/NetworkManager/nm-dhcp-client.action" pid=945 comm="apparmor_parser"
Sep 14 02:35:37 skulkrn2 kernel: [   25.281490] Bluetooth: RFCOMM TTY layer initialized
Sep 14 02:35:37 skulkrn2 kernel: [   25.281497] Bluetooth: RFCOMM socket layer initialized
Sep 14 02:35:37 skulkrn2 kernel: [   25.281499] Bluetooth: RFCOMM ver 1.11
Sep 14 02:35:38 skulkrn2 bluetoothd[930]: Failed to init gatt_example plugin
Sep 14 02:35:38 skulkrn2 kernel: [   25.540261] audit_printk_skb: 9 callbacks suppressed
Sep 14 02:35:38 skulkrn2 kernel: [   25.540264] type=1400 audit(1347608138.175:15): apparmor="STATUS" operation="profile_load" name="/usr/lib/lightdm/lightdm/lightdm-guest-session-wrapper" pid=944 comm="apparmor_parser"
Sep 14 02:35:38 skulkrn2 modem-manager[891]: <info>  ModemManager (version 0.5.2.0) starting...
Sep 14 02:35:38 skulkrn2 modem-manager[891]: <info>  Loaded plugin ZTE
Sep 14 02:35:38 skulkrn2 modem-manager[891]: <info>  Loaded plugin AnyData
Sep 14 02:35:38 skulkrn2 modem-manager[891]: <info>  Loaded plugin X22X
Sep 14 02:35:38 skulkrn2 avahi-daemon[957]: Found user 'avahi' (UID 107) and group 'avahi' (GID 118).
Sep 14 02:35:38 skulkrn2 avahi-daemon[957]: Successfully dropped root privileges.
Sep 14 02:35:38 skulkrn2 avahi-daemon[957]: avahi-daemon 0.6.30 starting up.
Sep 14 02:35:38 skulkrn2 modem-manager[891]: <info>  Loaded plugin Option
Sep 14 02:35:38 skulkrn2 modem-manager[891]: <info>  Loaded plugin Novatel
Sep 14 02:35:38 skulkrn2 modem-manager[891]: <info>  Loaded plugin Gobi
Sep 14 02:35:38 skulkrn2 modem-manager[891]: <info>  Loaded plugin Linktop
Sep 14 02:35:38 skulkrn2 modem-manager[891]: <info>  Loaded plugin Samsung
Sep 14 02:35:38 skulkrn2 modem-manager[891]: <info>  Loaded plugin SimTech
Sep 14 02:35:38 skulkrn2 modem-manager[891]: <info>  Loaded plugin Ericsson MBM
Sep 14 02:35:38 skulkrn2 modem-manager[891]: <info>  Loaded plugin Option High-Speed
Sep 14 02:35:38 skulkrn2 modem-manager[891]: <info>  Loaded plugin Generic
Sep 14 02:35:38 skulkrn2 modem-manager[891]: <info>  Loaded plugin Longcheer
Sep 14 02:35:38 skulkrn2 modem-manager[891]: <info>  Loaded plugin Huawei
Sep 14 02:35:38 skulkrn2 modem-manager[891]: <info>  Loaded plugin Sierra
Sep 14 02:35:38 skulkrn2 modem-manager[891]: <info>  Loaded plugin MotoC
Sep 14 02:35:39 skulkrn2 kernel: [   26.438701] type=1400 audit(1347608139.075:16): apparmor="STATUS" operation="profile_load" name="/usr/sbin/tcpdump" pid=951 comm="apparmor_parser"
Sep 14 02:35:39 skulkrn2 avahi-daemon[957]: Successfully called chroot().
Sep 14 02:35:39 skulkrn2 avahi-daemon[957]: Successfully dropped remaining capabilities.
Sep 14 02:35:39 skulkrn2 avahi-daemon[957]: Loading service file /services/udisks.service.
Sep 14 02:35:39 skulkrn2 avahi-daemon[957]: Network interface enumeration completed.
Sep 14 02:35:39 skulkrn2 avahi-daemon[957]: Registering HINFO record with values 'I686'/'LINUX'.
Sep 14 02:35:39 skulkrn2 avahi-daemon[957]: Server startup complete. Host name is skulkrn2.local. Local service cookie is 3000525613.
Sep 14 02:35:39 skulkrn2 avahi-daemon[957]: Service "skulkrn2" (/services/udisks.service) successfully established.
Sep 14 02:35:39 skulkrn2 kernel: [   26.509456] type=1400 audit(1347608139.147:17): apparmor="STATUS" operation="profile_load" name="/usr/lib/telepathy/mission-control-5" pid=948 comm="apparmor_parser"
Sep 14 02:35:39 skulkrn2 kernel: [   26.509806] type=1400 audit(1347608139.147:18): apparmor="STATUS" operation="profile_load" name="/usr/lib/telepathy/telepathy-*" pid=948 comm="apparmor_parser"
Sep 14 02:35:39 skulkrn2 modem-manager[891]: <info>  Loaded plugin Wavecom
Sep 14 02:35:39 skulkrn2 modem-manager[891]: <info>  Loaded plugin Nokia
Sep 14 02:35:39 skulkrn2 NetworkManager[964]: <info> NetworkManager (version 0.9.4.0) is starting...
Sep 14 02:35:39 skulkrn2 NetworkManager[964]: <info> Read config file /etc/NetworkManager/NetworkManager.conf
Sep 14 02:35:39 skulkrn2 kernel: [   27.333517] type=1400 audit(1347608139.971:19): apparmor="STATUS" operation="profile_load" name="/usr/bin/evince" pid=946 comm="apparmor_parser"
Sep 14 02:35:39 skulkrn2 kernel: [   27.337461] type=1400 audit(1347608139.975:20): apparmor="STATUS" operation="profile_load" name="/usr/bin/evince//launchpad_integration" pid=946 comm="apparmor_parser"
Sep 14 02:35:39 skulkrn2 kernel: [   27.338239] type=1400 audit(1347608139.975:21): apparmor="STATUS" operation="profile_load" name="/usr/bin/evince//sanitized_helper" pid=946 comm="apparmor_parser"
Sep 14 02:35:39 skulkrn2 kernel: [   27.338849] type=1400 audit(1347608139.975:22): apparmor="STATUS" operation="profile_load" name="/usr/bin/evince-previewer" pid=946 comm="apparmor_parser"
Sep 14 02:35:39 skulkrn2 kernel: [   27.341253] type=1400 audit(1347608139.979:23): apparmor="STATUS" operation="profile_load" name="/usr/bin/evince-previewer//launchpad_integration" pid=946 comm="apparmor_parser"
Sep 14 02:35:39 skulkrn2 kernel: [   27.341961] type=1400 audit(1347608139.979:24): apparmor="STATUS" operation="profile_load" name="/usr/bin/evince-previewer//sanitized_helper" pid=946 comm="apparmor_parser"
Sep 14 02:35:40 skulkrn2 NetworkManager[964]: <info> VPN: loaded org.freedesktop.NetworkManager.pptp
Sep 14 02:35:40 skulkrn2 NetworkManager[964]: <info> DNS: loaded plugin dnsmasq
Sep 14 02:35:40 skulkrn2 bluetoothd[930]: Listening for HCI events on hci0
Sep 14 02:35:40 skulkrn2 dbus[875]: [system] Activating service name='org.freedesktop.PolicyKit1' (using servicehelper)
Sep 14 02:35:40 skulkrn2 bluetoothd[930]: HCI dev 0 up
Sep 14 02:35:40 skulkrn2 polkitd[991]: started daemon version 0.104 using authority implementation `local' version `0.104'
Sep 14 02:35:40 skulkrn2 dbus[875]: [system] Successfully activated service 'org.freedesktop.PolicyKit1'
Sep 14 02:35:40 skulkrn2 NetworkManager[964]:    SCPlugin-Ifupdown: init!
Sep 14 02:35:40 skulkrn2 NetworkManager[964]:    SCPlugin-Ifupdown: update_system_hostname
Sep 14 02:35:40 skulkrn2 NetworkManager[964]:    SCPluginIfupdown: management mode: unmanaged
Sep 14 02:35:40 skulkrn2 NetworkManager[964]:    SCPlugin-Ifupdown: devices added (path: /sys/devices/pci0000:00/0000:00:1c.1/0000:02:00.0/net/eth0, iface: eth0)
Sep 14 02:35:40 skulkrn2 NetworkManager[964]:    SCPlugin-Ifupdown: device added (path: /sys/devices/pci0000:00/0000:00:1c.1/0000:02:00.0/net/eth0, iface: eth0): no ifupdown configuration found.
Sep 14 02:35:40 skulkrn2 NetworkManager[964]:    SCPlugin-Ifupdown: devices added (path: /sys/devices/pci0000:00/0000:00:1c.2/0000:03:00.0/net/wlan0, iface: wlan0)
Sep 14 02:35:40 skulkrn2 NetworkManager[964]:    SCPlugin-Ifupdown: device added (path: /sys/devices/pci0000:00/0000:00:1c.2/0000:03:00.0/net/wlan0, iface: wlan0): no ifupdown configuration found.
Sep 14 02:35:40 skulkrn2 NetworkManager[964]:    SCPlugin-Ifupdown: devices added (path: /sys/devices/virtual/net/lo, iface: lo)
Sep 14 02:35:40 skulkrn2 NetworkManager[964]:    SCPlugin-Ifupdown: device added (path: /sys/devices/virtual/net/lo, iface: lo): no ifupdown configuration found.
Sep 14 02:35:40 skulkrn2 NetworkManager[964]:    SCPlugin-Ifupdown: end _init.
Sep 14 02:35:40 skulkrn2 NetworkManager[964]: <info> Loaded plugin ifupdown: (C) 2008 Canonical Ltd.  To report bugs please use the NetworkManager mailing list.
Sep 14 02:35:40 skulkrn2 NetworkManager[964]: <info> Loaded plugin keyfile: (c) 2007 - 2010 Red Hat, Inc.  To report bugs please use the NetworkManager mailing list.
Sep 14 02:35:40 skulkrn2 NetworkManager[964]:    Ifupdown: get unmanaged devices count: 0
Sep 14 02:35:40 skulkrn2 NetworkManager[964]:    SCPlugin-Ifupdown: (147405000) ... get_connections.
Sep 14 02:35:40 skulkrn2 NetworkManager[964]:    SCPlugin-Ifupdown: (147405000) ... get_connections (managed=false): return empty list.
Sep 14 02:35:41 skulkrn2 NetworkManager[964]:    keyfile: parsing belkin.4f2 ... 
Sep 14 02:35:41 skulkrn2 NetworkManager[964]:    keyfile:     read connection 'belkin.4f2'
Sep 14 02:35:41 skulkrn2 NetworkManager[964]:    keyfile: parsing IllinoisNet ... 
Sep 14 02:35:41 skulkrn2 NetworkManager[964]:    keyfile:     read connection 'IllinoisNet'
Sep 14 02:35:41 skulkrn2 NetworkManager[964]:    keyfile: parsing paataala_bhairavi ... 
Sep 14 02:35:41 skulkrn2 NetworkManager[964]:    keyfile:     read connection 'paataala_bhairavi'
Sep 14 02:35:41 skulkrn2 NetworkManager[964]:    Ifupdown: get unmanaged devices count: 0
Sep 14 02:35:41 skulkrn2 NetworkManager[964]: <info> modem-manager is now available
Sep 14 02:35:41 skulkrn2 NetworkManager[964]: <info> monitoring kernel firmware directory '/lib/firmware'.
Sep 14 02:35:41 skulkrn2 NetworkManager[964]: <info> found WiFi radio killswitch rfkill2 (at /sys/devices/LNXSYSTM:00/device:00/PNP0A08:00/device:02/PNP0C09:00/VPC2004:00/rfkill/rfkill2) (driver ideapad_acpi)
Sep 14 02:35:41 skulkrn2 NetworkManager[964]: <info> found WiFi radio killswitch rfkill1 (at /sys/devices/pci0000:00/0000:00:1c.2/0000:03:00.0/ieee80211/phy0/rfkill1) (driver (unknown))
Sep 14 02:35:41 skulkrn2 NetworkManager[964]: <info> WiFi enabled by radio killswitch; enabled by state file
Sep 14 02:35:41 skulkrn2 NetworkManager[964]: <info> WWAN enabled by radio killswitch; enabled by state file
Sep 14 02:35:41 skulkrn2 NetworkManager[964]: <info> WiMAX enabled by radio killswitch; enabled by state file
Sep 14 02:35:41 skulkrn2 NetworkManager[964]: <info> Networking is enabled by state file
Sep 14 02:35:41 skulkrn2 NetworkManager[964]: <warn> failed to allocate link cache: (-10) Operation not supported
Sep 14 02:35:41 skulkrn2 NetworkManager[964]: <info> (eth0): carrier is OFF
Sep 14 02:35:41 skulkrn2 NetworkManager[964]: <info> (eth0): new Ethernet device (driver: 'r8169' ifindex: 2)
Sep 14 02:35:41 skulkrn2 NetworkManager[964]: <info> (eth0): exported as /org/freedesktop/NetworkManager/Devices/0
Sep 14 02:35:41 skulkrn2 NetworkManager[964]: <info> (eth0): now managed
Sep 14 02:35:41 skulkrn2 NetworkManager[964]: <info> (eth0): device state change: unmanaged -> unavailable (reason 'managed') [10 20 2]
Sep 14 02:35:41 skulkrn2 NetworkManager[964]: <info> (eth0): bringing up device.
Sep 14 02:35:41 skulkrn2 NetworkManager[964]: <info> (eth0): preparing device.
Sep 14 02:35:41 skulkrn2 NetworkManager[964]: <info> (eth0): deactivating device (reason 'managed') [2]
Sep 14 02:35:41 skulkrn2 NetworkManager[964]: <info> Added default wired connection 'Wired connection 1' for /sys/devices/pci0000:00/0000:00:1c.1/0000:02:00.0/net/eth0
Sep 14 02:35:41 skulkrn2 kernel: [   28.815885] r8169 0000:02:00.0: eth0: link down
Sep 14 02:35:41 skulkrn2 kernel: [   28.816015] ADDRCONF(NETDEV_UP): eth0: link is not ready
Sep 14 02:35:41 skulkrn2 kernel: [   28.816334] ADDRCONF(NETDEV_UP): eth0: link is not ready
Sep 14 02:35:41 skulkrn2 NetworkManager[964]: <info> (wlan0): using nl80211 for WiFi device control
Sep 14 02:35:41 skulkrn2 NetworkManager[964]: <warn> (wlan0): driver supports Access Point (AP) mode
Sep 14 02:35:41 skulkrn2 NetworkManager[964]: <info> (wlan0): new 802.11 WiFi device (driver: 'iwlwifi' ifindex: 3)
Sep 14 02:35:41 skulkrn2 NetworkManager[964]: <info> (wlan0): exported as /org/freedesktop/NetworkManager/Devices/1
Sep 14 02:35:41 skulkrn2 NetworkManager[964]: <info> (wlan0): now managed
Sep 14 02:35:41 skulkrn2 NetworkManager[964]: <info> (wlan0): device state change: unmanaged -> unavailable (reason 'managed') [10 20 2]
Sep 14 02:35:41 skulkrn2 NetworkManager[964]: <info> (wlan0): bringing up device.
Sep 14 02:35:41 skulkrn2 kernel: [   28.817829] iwlwifi 0000:03:00.0: L1 Enabled; Disabling L0S
Sep 14 02:35:41 skulkrn2 kernel: [   28.825512] iwlwifi 0000:03:00.0: Radio type=0x2-0x0-0x0
Sep 14 02:35:41 skulkrn2 bluetoothd[930]: Adapter /org/bluez/930/hci0 has been enabled
Sep 14 02:35:41 skulkrn2 kernel: [   29.097839] iwlwifi 0000:03:00.0: L1 Enabled; Disabling L0S
Sep 14 02:35:41 skulkrn2 kernel: [   29.105572] iwlwifi 0000:03:00.0: Radio type=0x2-0x0-0x0
Sep 14 02:35:41 skulkrn2 NetworkManager[964]: <info> (wlan0): preparing device.
Sep 14 02:35:41 skulkrn2 NetworkManager[964]: <info> (wlan0): deactivating device (reason 'managed') [2]
Sep 14 02:35:41 skulkrn2 kernel: [   29.195494] ADDRCONF(NETDEV_UP): wlan0: link is not ready
Sep 14 02:35:41 skulkrn2 kernel: [   29.195893] ADDRCONF(NETDEV_UP): wlan0: link is not ready
Sep 14 02:35:41 skulkrn2 dbus[875]: [system] Activating service name='fi.w1.wpa_supplicant1' (using servicehelper)
Sep 14 02:35:42 skulkrn2 dbus[875]: [system] Successfully activated service 'fi.w1.wpa_supplicant1'
Sep 14 02:35:42 skulkrn2 NetworkManager[964]: <info> wpa_supplicant started
Sep 14 02:35:42 skulkrn2 cron[1019]: (CRON) INFO (pidfile fd = 3)
Sep 14 02:35:42 skulkrn2 anacron[1028]: Anacron 2.3 started on 2012-09-14
Sep 14 02:35:42 skulkrn2 acpid: starting up with proc fs
Sep 14 02:35:42 skulkrn2 kernel: [   29.981001] init: alsa-restore main process (1018) terminated with status 19
Sep 14 02:35:42 skulkrn2 cron[1030]: (CRON) STARTUP (fork ok)
Sep 14 02:35:42 skulkrn2 NetworkManager[964]: <info> (wlan0): supplicant interface state: starting -> ready
Sep 14 02:35:42 skulkrn2 NetworkManager[964]: <info> (wlan0): device state change: unavailable -> disconnected (reason 'supplicant-available') [20 30 42]
Sep 14 02:35:42 skulkrn2 NetworkManager[964]: <info> (wlan0): supplicant interface state: ready -> inactive
